[2024-11-08T08:50:36.540+0100][gc,init] CardTable entry size: 512
[2024-11-08T08:50:36.540+0100][gc     ] Using G1
[2024-11-08T08:50:36.546+0100][gc,init] Version: 21.0.4+7-Ubuntu-1ubuntu224.04 (release)
[2024-11-08T08:50:36.546+0100][gc,init] CPUs: 16 total, 16 available
[2024-11-08T08:50:36.546+0100][gc,init] Memory: 15262M
[2024-11-08T08:50:36.546+0100][gc,init] Large Page Support: Disabled
[2024-11-08T08:50:36.546+0100][gc,init] NUMA Support: Disabled
[2024-11-08T08:50:36.546+0100][gc,init] Compressed Oops: Enabled (32-bit)
[2024-11-08T08:50:36.546+0100][gc,init] Heap Region Size: 1M
[2024-11-08T08:50:36.546+0100][gc,init] Heap Min Capacity: 1G
[2024-11-08T08:50:36.546+0100][gc,init] Heap Initial Capacity: 1G
[2024-11-08T08:50:36.546+0100][gc,init] Heap Max Capacity: 1G
[2024-11-08T08:50:36.546+0100][gc,init] Pre-touch: Disabled
[2024-11-08T08:50:36.546+0100][gc,init] Parallel Workers: 13
[2024-11-08T08:50:36.546+0100][gc,init] Concurrent Workers: 3
[2024-11-08T08:50:36.546+0100][gc,init] Concurrent Refinement Workers: 13
[2024-11-08T08:50:36.546+0100][gc,init] Periodic GC: Disabled
[2024-11-08T08:50:36.551+0100][gc,metaspace] CDS archive(s) mapped at: [0x000078eecf000000-0x000078eecfcae000-0x000078eecfcae000), size 13295616, SharedBaseAddress: 0x000078eecf000000, ArchiveRelocationMode: 1.
[2024-11-08T08:50:36.551+0100][gc,metaspace] Compressed class space mapped at: 0x000078eed0000000-0x000078ef10000000, reserved size: 1073741824
[2024-11-08T08:50:36.551+0100][gc,metaspace] Narrow klass base: 0x000078eecf000000, Narrow klass shift: 0, Narrow klass range: 0x100000000
[2024-11-08T08:50:37.040+0100][gc,start    ] GC(0) Pause Young (Normal) (G1 Evacuation Pause)
[2024-11-08T08:50:37.042+0100][gc,task     ] GC(0) Using 13 workers of 13 for evacuation
[2024-11-08T08:50:37.044+0100][gc,phases   ] GC(0)   Pre Evacuate Collection Set: 0,1ms
[2024-11-08T08:50:37.044+0100][gc,phases   ] GC(0)   Merge Heap Roots: 0,1ms
[2024-11-08T08:50:37.044+0100][gc,phases   ] GC(0)   Evacuate Collection Set: 1,5ms
[2024-11-08T08:50:37.044+0100][gc,phases   ] GC(0)   Post Evacuate Collection Set: 0,3ms
[2024-11-08T08:50:37.044+0100][gc,phases   ] GC(0)   Other: 1,8ms
[2024-11-08T08:50:37.044+0100][gc,heap     ] GC(0) Eden regions: 51->0(44)
[2024-11-08T08:50:37.044+0100][gc,heap     ] GC(0) Survivor regions: 0->7(7)
[2024-11-08T08:50:37.044+0100][gc,heap     ] GC(0) Old regions: 2->3
[2024-11-08T08:50:37.044+0100][gc,heap     ] GC(0) Humongous regions: 0->0
[2024-11-08T08:50:37.044+0100][gc,metaspace] GC(0) Metaspace: 18499K(18688K)->18499K(18688K) NonClass: 16199K(16320K)->16199K(16320K) Class: 2299K(2368K)->2299K(2368K)
[2024-11-08T08:50:37.044+0100][gc          ] GC(0) Pause Young (Normal) (G1 Evacuation Pause) 52M->8M(1024M) 3,901ms
[2024-11-08T08:50:37.044+0100][gc,cpu      ] GC(0) User=0,01s Sys=0,01s Real=0,00s
[2024-11-08T08:50:37.125+0100][gc,start    ] GC(1) Pause Young (Concurrent Start) (Metadata GC Threshold)
[2024-11-08T08:50:37.125+0100][gc,task     ] GC(1) Using 13 workers of 13 for evacuation
[2024-11-08T08:50:37.127+0100][gc,phases   ] GC(1)   Pre Evacuate Collection Set: 0,1ms
[2024-11-08T08:50:37.127+0100][gc,phases   ] GC(1)   Merge Heap Roots: 0,0ms
[2024-11-08T08:50:37.127+0100][gc,phases   ] GC(1)   Evacuate Collection Set: 1,6ms
[2024-11-08T08:50:37.127+0100][gc,phases   ] GC(1)   Post Evacuate Collection Set: 0,2ms
[2024-11-08T08:50:37.127+0100][gc,phases   ] GC(1)   Other: 0,1ms
[2024-11-08T08:50:37.127+0100][gc,heap     ] GC(1) Eden regions: 11->0(49)
[2024-11-08T08:50:37.127+0100][gc,heap     ] GC(1) Survivor regions: 7->2(7)
[2024-11-08T08:50:37.127+0100][gc,heap     ] GC(1) Old regions: 3->11
[2024-11-08T08:50:37.127+0100][gc,heap     ] GC(1) Humongous regions: 0->0
[2024-11-08T08:50:37.127+0100][gc,metaspace] GC(1) Metaspace: 21271K(21504K)->21271K(21504K) NonClass: 18548K(18688K)->18548K(18688K) Class: 2723K(2816K)->2723K(2816K)
[2024-11-08T08:50:37.127+0100][gc          ] GC(1) Pause Young (Concurrent Start) (Metadata GC Threshold) 19M->10M(1024M) 2,081ms
[2024-11-08T08:50:37.127+0100][gc          ] GC(2) Concurrent Mark Cycle
[2024-11-08T08:50:37.127+0100][gc,marking  ] GC(2) Concurrent Scan Root Regions
[2024-11-08T08:50:37.127+0100][gc,cpu      ] GC(1) User=0,01s Sys=0,00s Real=0,00s
[2024-11-08T08:50:37.128+0100][gc,marking  ] GC(2) Concurrent Scan Root Regions 0,775ms
[2024-11-08T08:50:37.128+0100][gc,marking  ] GC(2) Concurrent Mark
[2024-11-08T08:50:37.128+0100][gc,marking  ] GC(2) Concurrent Mark From Roots
[2024-11-08T08:50:37.128+0100][gc,task     ] GC(2) Using 3 workers of 3 for marking
[2024-11-08T08:50:37.128+0100][gc,marking  ] GC(2) Concurrent Mark From Roots 0,778ms
[2024-11-08T08:50:37.128+0100][gc,marking  ] GC(2) Concurrent Preclean
[2024-11-08T08:50:37.128+0100][gc,marking  ] GC(2) Concurrent Preclean 0,004ms
[2024-11-08T08:50:37.128+0100][gc,start    ] GC(2) Pause Remark
[2024-11-08T08:50:37.129+0100][gc          ] GC(2) Pause Remark 11M->11M(1024M) 0,959ms
[2024-11-08T08:50:37.129+0100][gc,cpu      ] GC(2) User=0,00s Sys=0,00s Real=0,00s
[2024-11-08T08:50:37.129+0100][gc,marking  ] GC(2) Concurrent Mark 1,876ms
[2024-11-08T08:50:37.129+0100][gc,marking  ] GC(2) Concurrent Rebuild Remembered Sets and Scrub Regions
[2024-11-08T08:50:37.130+0100][gc,marking  ] GC(2) Concurrent Rebuild Remembered Sets and Scrub Regions 0,587ms
[2024-11-08T08:50:37.130+0100][gc,start    ] GC(2) Pause Cleanup
[2024-11-08T08:50:37.130+0100][gc          ] GC(2) Pause Cleanup 11M->11M(1024M) 0,058ms
[2024-11-08T08:50:37.130+0100][gc,cpu      ] GC(2) User=0,00s Sys=0,00s Real=0,01s
[2024-11-08T08:50:37.130+0100][gc,marking  ] GC(2) Concurrent Clear Claimed Marks
[2024-11-08T08:50:37.130+0100][gc,marking  ] GC(2) Concurrent Clear Claimed Marks 0,005ms
[2024-11-08T08:50:37.130+0100][gc,marking  ] GC(2) Concurrent Cleanup for Next Mark
[2024-11-08T08:50:37.132+0100][gc,marking  ] GC(2) Concurrent Cleanup for Next Mark 1,954ms
[2024-11-08T08:50:37.132+0100][gc          ] GC(2) Concurrent Mark Cycle 5,424ms
[2024-11-08T08:50:37.549+0100][gc,start    ] GC(3) Pause Young (Prepare Mixed) (G1 Evacuation Pause)
[2024-11-08T08:50:37.549+0100][gc,task     ] GC(3) Using 13 workers of 13 for evacuation
[2024-11-08T08:50:37.550+0100][gc,phases   ] GC(3)   Pre Evacuate Collection Set: 0,1ms
[2024-11-08T08:50:37.550+0100][gc,phases   ] GC(3)   Merge Heap Roots: 0,0ms
[2024-11-08T08:50:37.550+0100][gc,phases   ] GC(3)   Evacuate Collection Set: 1,0ms
[2024-11-08T08:50:37.550+0100][gc,phases   ] GC(3)   Post Evacuate Collection Set: 0,2ms
[2024-11-08T08:50:37.550+0100][gc,phases   ] GC(3)   Other: 0,0ms
[2024-11-08T08:50:37.550+0100][gc,heap     ] GC(3) Eden regions: 49->0(45)
[2024-11-08T08:50:37.550+0100][gc,heap     ] GC(3) Survivor regions: 2->6(7)
[2024-11-08T08:50:37.550+0100][gc,heap     ] GC(3) Old regions: 11->11
[2024-11-08T08:50:37.550+0100][gc,heap     ] GC(3) Humongous regions: 129->129
[2024-11-08T08:50:37.550+0100][gc,metaspace] GC(3) Metaspace: 31192K(31488K)->31192K(31488K) NonClass: 27427K(27584K)->27427K(27584K) Class: 3765K(3904K)->3765K(3904K)
[2024-11-08T08:50:37.550+0100][gc          ] GC(3) Pause Young (Prepare Mixed) (G1 Evacuation Pause) 188M->143M(1024M) 1,487ms
[2024-11-08T08:50:37.550+0100][gc,cpu      ] GC(3) User=0,02s Sys=0,00s Real=0,01s
[2024-11-08T08:50:37.669+0100][gc,start    ] GC(4) Pause Young (Mixed) (Metadata GC Threshold)
[2024-11-08T08:50:37.669+0100][gc,task     ] GC(4) Using 13 workers of 13 for evacuation
[2024-11-08T08:50:37.671+0100][gc,phases   ] GC(4)   Pre Evacuate Collection Set: 0,1ms
[2024-11-08T08:50:37.671+0100][gc,phases   ] GC(4)   Merge Heap Roots: 0,0ms
[2024-11-08T08:50:37.671+0100][gc,phases   ] GC(4)   Evacuate Collection Set: 1,5ms
[2024-11-08T08:50:37.671+0100][gc,phases   ] GC(4)   Post Evacuate Collection Set: 0,2ms
[2024-11-08T08:50:37.671+0100][gc,phases   ] GC(4)   Other: 0,0ms
[2024-11-08T08:50:37.671+0100][gc,heap     ] GC(4) Eden regions: 19->0(48)
[2024-11-08T08:50:37.671+0100][gc,heap     ] GC(4) Survivor regions: 6->3(7)
[2024-11-08T08:50:37.671+0100][gc,heap     ] GC(4) Old regions: 11->15
[2024-11-08T08:50:37.671+0100][gc,heap     ] GC(4) Humongous regions: 129->129
[2024-11-08T08:50:37.671+0100][gc,metaspace] GC(4) Metaspace: 35795K(36096K)->35795K(36096K) NonClass: 31586K(31744K)->31586K(31744K) Class: 4209K(4352K)->4209K(4352K)
[2024-11-08T08:50:37.671+0100][gc          ] GC(4) Pause Young (Mixed) (Metadata GC Threshold) 162M->146M(1024M) 2,034ms
[2024-11-08T08:50:37.671+0100][gc,cpu      ] GC(4) User=0,02s Sys=0,00s Real=0,01s
[2024-11-08T08:50:37.676+0100][gc,start    ] GC(5) Pause Young (Concurrent Start) (Metadata GC Threshold)
[2024-11-08T08:50:37.676+0100][gc,task     ] GC(5) Using 13 workers of 13 for evacuation
[2024-11-08T08:50:37.677+0100][gc,phases   ] GC(5)   Pre Evacuate Collection Set: 0,1ms
[2024-11-08T08:50:37.677+0100][gc,phases   ] GC(5)   Merge Heap Roots: 0,0ms
[2024-11-08T08:50:37.677+0100][gc,phases   ] GC(5)   Evacuate Collection Set: 0,6ms
[2024-11-08T08:50:37.677+0100][gc,phases   ] GC(5)   Post Evacuate Collection Set: 0,2ms
[2024-11-08T08:50:37.677+0100][gc,phases   ] GC(5)   Other: 0,0ms
[2024-11-08T08:50:37.677+0100][gc,heap     ] GC(5) Eden regions: 2->0(48)
[2024-11-08T08:50:37.677+0100][gc,heap     ] GC(5) Survivor regions: 3->3(7)
[2024-11-08T08:50:37.677+0100][gc,heap     ] GC(5) Old regions: 15->15
[2024-11-08T08:50:37.677+0100][gc,heap     ] GC(5) Humongous regions: 129->129
[2024-11-08T08:50:37.677+0100][gc,metaspace] GC(5) Metaspace: 36142K(36416K)->36142K(36416K) NonClass: 31928K(32064K)->31928K(32064K) Class: 4214K(4352K)->4214K(4352K)
[2024-11-08T08:50:37.677+0100][gc          ] GC(5) Pause Young (Concurrent Start) (Metadata GC Threshold) 147M->145M(1024M) 1,040ms
[2024-11-08T08:50:37.677+0100][gc          ] GC(6) Concurrent Mark Cycle
[2024-11-08T08:50:37.677+0100][gc,marking  ] GC(6) Concurrent Scan Root Regions
[2024-11-08T08:50:37.677+0100][gc,cpu      ] GC(5) User=0,01s Sys=0,00s Real=0,00s
[2024-11-08T08:50:37.678+0100][gc,marking  ] GC(6) Concurrent Scan Root Regions 0,971ms
[2024-11-08T08:50:37.678+0100][gc,marking  ] GC(6) Concurrent Mark
[2024-11-08T08:50:37.678+0100][gc,marking  ] GC(6) Concurrent Mark From Roots
[2024-11-08T08:50:37.678+0100][gc,task     ] GC(6) Using 3 workers of 3 for marking
[2024-11-08T08:50:37.683+0100][gc,marking  ] GC(6) Concurrent Mark From Roots 5,042ms
[2024-11-08T08:50:37.683+0100][gc,marking  ] GC(6) Concurrent Preclean
[2024-11-08T08:50:37.683+0100][gc,marking  ] GC(6) Concurrent Preclean 0,057ms
[2024-11-08T08:50:37.683+0100][gc,start    ] GC(6) Pause Remark
[2024-11-08T08:50:37.684+0100][gc          ] GC(6) Pause Remark 146M->146M(1024M) 0,973ms
[2024-11-08T08:50:37.684+0100][gc,cpu      ] GC(6) User=0,00s Sys=0,00s Real=0,00s
[2024-11-08T08:50:37.684+0100][gc,marking  ] GC(6) Concurrent Mark 6,252ms
[2024-11-08T08:50:37.684+0100][gc,marking  ] GC(6) Concurrent Rebuild Remembered Sets and Scrub Regions
[2024-11-08T08:50:37.686+0100][gc,marking  ] GC(6) Concurrent Rebuild Remembered Sets and Scrub Regions 1,448ms
[2024-11-08T08:50:37.686+0100][gc,start    ] GC(6) Pause Cleanup
[2024-11-08T08:50:37.686+0100][gc          ] GC(6) Pause Cleanup 146M->146M(1024M) 0,045ms
[2024-11-08T08:50:37.686+0100][gc,cpu      ] GC(6) User=0,00s Sys=0,00s Real=0,00s
[2024-11-08T08:50:37.686+0100][gc,marking  ] GC(6) Concurrent Clear Claimed Marks
[2024-11-08T08:50:37.686+0100][gc,marking  ] GC(6) Concurrent Clear Claimed Marks 0,017ms
[2024-11-08T08:50:37.686+0100][gc,marking  ] GC(6) Concurrent Cleanup for Next Mark
[2024-11-08T08:50:37.686+0100][gc,marking  ] GC(6) Concurrent Cleanup for Next Mark 0,581ms
[2024-11-08T08:50:37.687+0100][gc          ] GC(6) Concurrent Mark Cycle 9,508ms
[2024-11-08T08:50:38.051+0100][gc,start    ] GC(7) Pause Young (Prepare Mixed) (G1 Evacuation Pause)
[2024-11-08T08:50:38.051+0100][gc,task     ] GC(7) Using 13 workers of 13 for evacuation
[2024-11-08T08:50:38.053+0100][gc,phases   ] GC(7)   Pre Evacuate Collection Set: 0,1ms
[2024-11-08T08:50:38.053+0100][gc,phases   ] GC(7)   Merge Heap Roots: 0,0ms
[2024-11-08T08:50:38.053+0100][gc,phases   ] GC(7)   Evacuate Collection Set: 1,7ms
[2024-11-08T08:50:38.053+0100][gc,phases   ] GC(7)   Post Evacuate Collection Set: 0,4ms
[2024-11-08T08:50:38.053+0100][gc,phases   ] GC(7)   Other: 0,0ms
[2024-11-08T08:50:38.053+0100][gc,heap     ] GC(7) Eden regions: 48->0(47)
[2024-11-08T08:50:38.053+0100][gc,heap     ] GC(7) Survivor regions: 3->4(7)
[2024-11-08T08:50:38.053+0100][gc,heap     ] GC(7) Old regions: 15->15
[2024-11-08T08:50:38.053+0100][gc,heap     ] GC(7) Humongous regions: 195->135
[2024-11-08T08:50:38.053+0100][gc,metaspace] GC(7) Metaspace: 40783K(41280K)->40783K(41280K) NonClass: 35881K(36160K)->35881K(36160K) Class: 4902K(5120K)->4902K(5120K)
[2024-11-08T08:50:38.053+0100][gc          ] GC(7) Pause Young (Prepare Mixed) (G1 Evacuation Pause) 259M->153M(1024M) 2,428ms
[2024-11-08T08:50:38.053+0100][gc,cpu      ] GC(7) User=0,02s Sys=0,00s Real=0,00s
[2024-11-08T09:07:07.505+0100][gc,start    ] GC(8) Pause Young (Mixed) (G1 Evacuation Pause)
[2024-11-08T09:07:07.505+0100][gc,task     ] GC(8) Using 13 workers of 13 for evacuation
[2024-11-08T09:07:07.506+0100][gc,phases   ] GC(8)   Pre Evacuate Collection Set: 0,2ms
[2024-11-08T09:07:07.506+0100][gc,phases   ] GC(8)   Merge Heap Roots: 0,1ms
[2024-11-08T09:07:07.506+0100][gc,phases   ] GC(8)   Evacuate Collection Set: 1,2ms
[2024-11-08T09:07:07.506+0100][gc,phases   ] GC(8)   Post Evacuate Collection Set: 0,3ms
[2024-11-08T09:07:07.506+0100][gc,phases   ] GC(8)   Other: 0,1ms
[2024-11-08T09:07:07.506+0100][gc,heap     ] GC(8) Eden regions: 47->0(46)
[2024-11-08T09:07:07.506+0100][gc,heap     ] GC(8) Survivor regions: 4->5(7)
[2024-11-08T09:07:07.506+0100][gc,heap     ] GC(8) Old regions: 15->15
[2024-11-08T09:07:07.506+0100][gc,heap     ] GC(8) Humongous regions: 189->129
[2024-11-08T09:07:07.507+0100][gc,metaspace] GC(8) Metaspace: 41757K(42304K)->41757K(42304K) NonClass: 36735K(37056K)->36735K(37056K) Class: 5021K(5248K)->5021K(5248K)
[2024-11-08T09:07:07.507+0100][gc          ] GC(8) Pause Young (Mixed) (G1 Evacuation Pause) 254M->147M(1024M) 1,931ms
[2024-11-08T09:07:07.507+0100][gc,cpu      ] GC(8) User=0,02s Sys=0,00s Real=0,00s
[2024-11-08T09:10:34.986+0100][gc,start    ] GC(9) Pause Young (Normal) (G1 Evacuation Pause)
[2024-11-08T09:10:34.986+0100][gc,task     ] GC(9) Using 13 workers of 13 for evacuation
[2024-11-08T09:10:34.988+0100][gc,phases   ] GC(9)   Pre Evacuate Collection Set: 0,2ms
[2024-11-08T09:10:34.988+0100][gc,phases   ] GC(9)   Merge Heap Roots: 0,1ms
[2024-11-08T09:10:34.988+0100][gc,phases   ] GC(9)   Evacuate Collection Set: 1,8ms
[2024-11-08T09:10:34.988+0100][gc,phases   ] GC(9)   Post Evacuate Collection Set: 0,4ms
[2024-11-08T09:10:34.988+0100][gc,phases   ] GC(9)   Other: 0,1ms
[2024-11-08T09:10:34.988+0100][gc,heap     ] GC(9) Eden regions: 46->0(46)
[2024-11-08T09:10:34.988+0100][gc,heap     ] GC(9) Survivor regions: 5->5(7)
[2024-11-08T09:10:34.988+0100][gc,heap     ] GC(9) Old regions: 15->17
[2024-11-08T09:10:34.988+0100][gc,heap     ] GC(9) Humongous regions: 129->129
[2024-11-08T09:10:34.988+0100][gc,metaspace] GC(9) Metaspace: 45656K(46336K)->45656K(46336K) NonClass: 39967K(40384K)->39967K(40384K) Class: 5689K(5952K)->5689K(5952K)
[2024-11-08T09:10:34.988+0100][gc          ] GC(9) Pause Young (Normal) (G1 Evacuation Pause) 193M->149M(1024M) 2,792ms
[2024-11-08T09:10:34.988+0100][gc,cpu      ] GC(9) User=0,03s Sys=0,00s Real=0,00s
[2024-11-08T09:20:07.671+0100][gc,start    ] GC(10) Pause Young (Normal) (G1 Evacuation Pause)
[2024-11-08T09:20:07.671+0100][gc,task     ] GC(10) Using 13 workers of 13 for evacuation
[2024-11-08T09:20:07.674+0100][gc,phases   ] GC(10)   Pre Evacuate Collection Set: 0,2ms
[2024-11-08T09:20:07.674+0100][gc,phases   ] GC(10)   Merge Heap Roots: 0,1ms
[2024-11-08T09:20:07.674+0100][gc,phases   ] GC(10)   Evacuate Collection Set: 1,9ms
[2024-11-08T09:20:07.674+0100][gc,phases   ] GC(10)   Post Evacuate Collection Set: 0,3ms
[2024-11-08T09:20:07.674+0100][gc,phases   ] GC(10)   Other: 0,1ms
[2024-11-08T09:20:07.674+0100][gc,heap     ] GC(10) Eden regions: 46->0(46)
[2024-11-08T09:20:07.674+0100][gc,heap     ] GC(10) Survivor regions: 5->5(7)
[2024-11-08T09:20:07.674+0100][gc,heap     ] GC(10) Old regions: 17->18
[2024-11-08T09:20:07.674+0100][gc,heap     ] GC(10) Humongous regions: 129->129
[2024-11-08T09:20:07.674+0100][gc,metaspace] GC(10) Metaspace: 46415K(47168K)->46415K(47168K) NonClass: 40678K(41152K)->40678K(41152K) Class: 5737K(6016K)->5737K(6016K)
[2024-11-08T09:20:07.674+0100][gc          ] GC(10) Pause Young (Normal) (G1 Evacuation Pause) 195M->151M(1024M) 2,760ms
[2024-11-08T09:20:07.674+0100][gc,cpu      ] GC(10) User=0,03s Sys=0,00s Real=0,00s
[2024-11-08T09:26:10.251+0100][gc,start    ] GC(11) Pause Young (Normal) (G1 Evacuation Pause)
[2024-11-08T09:26:10.251+0100][gc,task     ] GC(11) Using 13 workers of 13 for evacuation
[2024-11-08T09:26:10.253+0100][gc,phases   ] GC(11)   Pre Evacuate Collection Set: 0,2ms
[2024-11-08T09:26:10.253+0100][gc,phases   ] GC(11)   Merge Heap Roots: 0,1ms
[2024-11-08T09:26:10.253+0100][gc,phases   ] GC(11)   Evacuate Collection Set: 1,8ms
[2024-11-08T09:26:10.253+0100][gc,phases   ] GC(11)   Post Evacuate Collection Set: 0,3ms
[2024-11-08T09:26:10.253+0100][gc,phases   ] GC(11)   Other: 0,1ms
[2024-11-08T09:26:10.253+0100][gc,heap     ] GC(11) Eden regions: 46->0(59)
[2024-11-08T09:26:10.253+0100][gc,heap     ] GC(11) Survivor regions: 5->4(7)
[2024-11-08T09:26:10.253+0100][gc,heap     ] GC(11) Old regions: 18->21
[2024-11-08T09:26:10.253+0100][gc,heap     ] GC(11) Humongous regions: 129->129
[2024-11-08T09:26:10.253+0100][gc,metaspace] GC(11) Metaspace: 46836K(47488K)->46836K(47488K) NonClass: 41093K(41472K)->41093K(41472K) Class: 5743K(6016K)->5743K(6016K)
[2024-11-08T09:26:10.253+0100][gc          ] GC(11) Pause Young (Normal) (G1 Evacuation Pause) 197M->152M(1024M) 2,637ms
[2024-11-08T09:26:10.254+0100][gc,cpu      ] GC(11) User=0,02s Sys=0,00s Real=0,00s
[2024-11-08T09:32:45.624+0100][gc,start    ] GC(12) Pause Young (Normal) (G1 Evacuation Pause)
[2024-11-08T09:32:45.624+0100][gc,task     ] GC(12) Using 13 workers of 13 for evacuation
[2024-11-08T09:32:45.625+0100][gc,phases   ] GC(12)   Pre Evacuate Collection Set: 0,2ms
[2024-11-08T09:32:45.625+0100][gc,phases   ] GC(12)   Merge Heap Roots: 0,0ms
[2024-11-08T09:32:45.625+0100][gc,phases   ] GC(12)   Evacuate Collection Set: 1,0ms
[2024-11-08T09:32:45.625+0100][gc,phases   ] GC(12)   Post Evacuate Collection Set: 0,2ms
[2024-11-08T09:32:45.625+0100][gc,phases   ] GC(12)   Other: 0,0ms
[2024-11-08T09:32:45.625+0100][gc,heap     ] GC(12) Eden regions: 59->0(134)
[2024-11-08T09:32:45.625+0100][gc,heap     ] GC(12) Survivor regions: 4->4(8)
[2024-11-08T09:32:45.625+0100][gc,heap     ] GC(12) Old regions: 21->21
[2024-11-08T09:32:45.625+0100][gc,heap     ] GC(12) Humongous regions: 129->129
[2024-11-08T09:32:45.625+0100][gc,metaspace] GC(12) Metaspace: 47345K(48000K)->47345K(48000K) NonClass: 41599K(41984K)->41599K(41984K) Class: 5745K(6016K)->5745K(6016K)
[2024-11-08T09:32:45.625+0100][gc          ] GC(12) Pause Young (Normal) (G1 Evacuation Pause) 211M->152M(1024M) 1,593ms
[2024-11-08T09:32:45.625+0100][gc,cpu      ] GC(12) User=0,01s Sys=0,01s Real=0,00s
[2024-11-08T09:48:46.148+0100][gc,start    ] GC(13) Pause Young (Normal) (G1 Evacuation Pause)
[2024-11-08T09:48:46.148+0100][gc,task     ] GC(13) Using 13 workers of 13 for evacuation
[2024-11-08T09:48:46.153+0100][gc,phases   ] GC(13)   Pre Evacuate Collection Set: 0,2ms
[2024-11-08T09:48:46.153+0100][gc,phases   ] GC(13)   Merge Heap Roots: 0,1ms
[2024-11-08T09:48:46.153+0100][gc,phases   ] GC(13)   Evacuate Collection Set: 3,6ms
[2024-11-08T09:48:46.153+0100][gc,phases   ] GC(13)   Post Evacuate Collection Set: 0,2ms
[2024-11-08T09:48:46.153+0100][gc,phases   ] GC(13)   Other: 0,1ms
[2024-11-08T09:48:46.153+0100][gc,heap     ] GC(13) Eden regions: 134->0(205)
[2024-11-08T09:48:46.153+0100][gc,heap     ] GC(13) Survivor regions: 4->6(18)
[2024-11-08T09:48:46.153+0100][gc,heap     ] GC(13) Old regions: 21->21
[2024-11-08T09:48:46.153+0100][gc,heap     ] GC(13) Humongous regions: 129->129
[2024-11-08T09:48:46.153+0100][gc,metaspace] GC(13) Metaspace: 47766K(48448K)->47766K(48448K) NonClass: 42019K(42432K)->42019K(42432K) Class: 5746K(6016K)->5746K(6016K)
[2024-11-08T09:48:46.153+0100][gc          ] GC(13) Pause Young (Normal) (G1 Evacuation Pause) 286M->154M(1024M) 4,261ms
[2024-11-08T09:48:46.153+0100][gc,cpu      ] GC(13) User=0,03s Sys=0,00s Real=0,01s
[2024-11-08T10:06:33.161+0100][gc,start    ] GC(14) Pause Young (Normal) (G1 Evacuation Pause)
[2024-11-08T10:06:33.161+0100][gc,task     ] GC(14) Using 13 workers of 13 for evacuation
[2024-11-08T10:06:33.165+0100][gc,phases   ] GC(14)   Pre Evacuate Collection Set: 0,2ms
[2024-11-08T10:06:33.165+0100][gc,phases   ] GC(14)   Merge Heap Roots: 0,1ms
[2024-11-08T10:06:33.165+0100][gc,phases   ] GC(14)   Evacuate Collection Set: 3,7ms
[2024-11-08T10:06:33.165+0100][gc,phases   ] GC(14)   Post Evacuate Collection Set: 0,3ms
[2024-11-08T10:06:33.165+0100][gc,phases   ] GC(14)   Other: 0,1ms
[2024-11-08T10:06:33.165+0100][gc,heap     ] GC(14) Eden regions: 205->0(173)
[2024-11-08T10:06:33.165+0100][gc,heap     ] GC(14) Survivor regions: 6->10(27)
[2024-11-08T10:06:33.165+0100][gc,heap     ] GC(14) Old regions: 21->21
[2024-11-08T10:06:33.165+0100][gc,heap     ] GC(14) Humongous regions: 129->129
[2024-11-08T10:06:33.165+0100][gc,metaspace] GC(14) Metaspace: 48234K(48896K)->48234K(48896K) NonClass: 42478K(42880K)->42478K(42880K) Class: 5756K(6016K)->5756K(6016K)
[2024-11-08T10:06:33.165+0100][gc          ] GC(14) Pause Young (Normal) (G1 Evacuation Pause) 359M->158M(1024M) 4,580ms
[2024-11-08T10:06:33.165+0100][gc,cpu      ] GC(14) User=0,03s Sys=0,00s Real=0,00s
[2024-11-08T10:34:37.273+0100][gc,start    ] GC(15) Pause Young (Normal) (G1 Evacuation Pause)
[2024-11-08T10:34:37.273+0100][gc,task     ] GC(15) Using 13 workers of 13 for evacuation
[2024-11-08T10:34:37.277+0100][gc,phases   ] GC(15)   Pre Evacuate Collection Set: 0,2ms
[2024-11-08T10:34:37.278+0100][gc,phases   ] GC(15)   Merge Heap Roots: 0,1ms
[2024-11-08T10:34:37.278+0100][gc,phases   ] GC(15)   Evacuate Collection Set: 3,9ms
[2024-11-08T10:34:37.278+0100][gc,phases   ] GC(15)   Post Evacuate Collection Set: 0,5ms
[2024-11-08T10:34:37.278+0100][gc,phases   ] GC(15)   Other: 0,1ms
[2024-11-08T10:34:37.278+0100][gc,heap     ] GC(15) Eden regions: 173->0(229)
[2024-11-08T10:34:37.278+0100][gc,heap     ] GC(15) Survivor regions: 10->11(23)
[2024-11-08T10:34:37.278+0100][gc,heap     ] GC(15) Old regions: 21->21
[2024-11-08T10:34:37.278+0100][gc,heap     ] GC(15) Humongous regions: 129->129
[2024-11-08T10:34:37.278+0100][gc,metaspace] GC(15) Metaspace: 48344K(49024K)->48344K(49024K) NonClass: 42587K(43008K)->42587K(43008K) Class: 5756K(6016K)->5756K(6016K)
[2024-11-08T10:34:37.278+0100][gc          ] GC(15) Pause Young (Normal) (G1 Evacuation Pause) 331M->159M(1024M) 4,811ms
[2024-11-08T10:34:37.278+0100][gc,cpu      ] GC(15) User=0,04s Sys=0,00s Real=0,00s
[2024-11-08T10:57:25.317+0100][gc,start    ] GC(16) Pause Young (Normal) (G1 Evacuation Pause)
[2024-11-08T10:57:25.317+0100][gc,task     ] GC(16) Using 13 workers of 13 for evacuation
[2024-11-08T10:57:25.320+0100][gc,phases   ] GC(16)   Pre Evacuate Collection Set: 0,1ms
[2024-11-08T10:57:25.320+0100][gc,phases   ] GC(16)   Merge Heap Roots: 0,1ms
[2024-11-08T10:57:25.320+0100][gc,phases   ] GC(16)   Evacuate Collection Set: 2,3ms
[2024-11-08T10:57:25.320+0100][gc,phases   ] GC(16)   Post Evacuate Collection Set: 0,3ms
[2024-11-08T10:57:25.320+0100][gc,phases   ] GC(16)   Other: 0,1ms
[2024-11-08T10:57:25.320+0100][gc,heap     ] GC(16) Eden regions: 229->0(459)
[2024-11-08T10:57:25.320+0100][gc,heap     ] GC(16) Survivor regions: 11->11(30)
[2024-11-08T10:57:25.320+0100][gc,heap     ] GC(16) Old regions: 21->21
[2024-11-08T10:57:25.320+0100][gc,heap     ] GC(16) Humongous regions: 129->129
[2024-11-08T10:57:25.320+0100][gc,metaspace] GC(16) Metaspace: 48608K(49216K)->48608K(49216K) NonClass: 42850K(43200K)->42850K(43200K) Class: 5757K(6016K)->5757K(6016K)
[2024-11-08T10:57:25.320+0100][gc          ] GC(16) Pause Young (Normal) (G1 Evacuation Pause) 388M->159M(1024M) 2,903ms
[2024-11-08T10:57:25.320+0100][gc,cpu      ] GC(16) User=0,02s Sys=0,01s Real=0,00s
[2024-11-08T11:06:33.934+0100][gc,start    ] GC(17) Pause Young (Normal) (G1 Evacuation Pause)
[2024-11-08T11:06:33.934+0100][gc,task     ] GC(17) Using 13 workers of 13 for evacuation
[2024-11-08T11:06:33.940+0100][gc,phases   ] GC(17)   Pre Evacuate Collection Set: 0,2ms
[2024-11-08T11:06:33.940+0100][gc,phases   ] GC(17)   Merge Heap Roots: 0,1ms
[2024-11-08T11:06:33.940+0100][gc,phases   ] GC(17)   Evacuate Collection Set: 4,6ms
[2024-11-08T11:06:33.940+0100][gc,phases   ] GC(17)   Post Evacuate Collection Set: 0,3ms
[2024-11-08T11:06:33.940+0100][gc,phases   ] GC(17)   Other: 0,2ms
[2024-11-08T11:06:33.940+0100][gc,heap     ] GC(17) Eden regions: 459->0(603)
[2024-11-08T11:06:33.940+0100][gc,heap     ] GC(17) Survivor regions: 11->11(59)
[2024-11-08T11:06:33.940+0100][gc,heap     ] GC(17) Old regions: 21->21
[2024-11-08T11:06:33.940+0100][gc,heap     ] GC(17) Humongous regions: 129->129
[2024-11-08T11:06:33.940+0100][gc,metaspace] GC(17) Metaspace: 48765K(49408K)->48765K(49408K) NonClass: 43006K(43392K)->43006K(43392K) Class: 5759K(6016K)->5759K(6016K)
[2024-11-08T11:06:33.940+0100][gc          ] GC(17) Pause Young (Normal) (G1 Evacuation Pause) 618M->159M(1024M) 5,593ms
[2024-11-08T11:06:33.940+0100][gc,cpu      ] GC(17) User=0,03s Sys=0,01s Real=0,00s
[2024-11-08T11:40:06.192+0100][gc,start    ] GC(18) Pause Young (Concurrent Start) (CodeCache GC Threshold)
[2024-11-08T11:40:06.192+0100][gc,task     ] GC(18) Using 13 workers of 13 for evacuation
[2024-11-08T11:40:06.195+0100][gc,phases   ] GC(18)   Pre Evacuate Collection Set: 0,1ms
[2024-11-08T11:40:06.195+0100][gc,phases   ] GC(18)   Merge Heap Roots: 0,1ms
[2024-11-08T11:40:06.195+0100][gc,phases   ] GC(18)   Evacuate Collection Set: 2,2ms
[2024-11-08T11:40:06.195+0100][gc,phases   ] GC(18)   Post Evacuate Collection Set: 0,4ms
[2024-11-08T11:40:06.195+0100][gc,phases   ] GC(18)   Other: 0,1ms
[2024-11-08T11:40:06.195+0100][gc,heap     ] GC(18) Eden regions: 443->0(602)
[2024-11-08T11:40:06.195+0100][gc,heap     ] GC(18) Survivor regions: 11->12(77)
[2024-11-08T11:40:06.195+0100][gc,heap     ] GC(18) Old regions: 21->21
[2024-11-08T11:40:06.195+0100][gc,heap     ] GC(18) Humongous regions: 129->129
[2024-11-08T11:40:06.195+0100][gc,metaspace] GC(18) Metaspace: 49088K(49792K)->49088K(49792K) NonClass: 43318K(43712K)->43318K(43712K) Class: 5769K(6080K)->5769K(6080K)
[2024-11-08T11:40:06.195+0100][gc          ] GC(18) Pause Young (Concurrent Start) (CodeCache GC Threshold) 602M->160M(1024M) 2,908ms
[2024-11-08T11:40:06.195+0100][gc          ] GC(19) Concurrent Mark Cycle
[2024-11-08T11:40:06.195+0100][gc,cpu      ] GC(18) User=0,03s Sys=0,00s Real=0,00s
[2024-11-08T11:40:06.195+0100][gc,marking  ] GC(19) Concurrent Scan Root Regions
[2024-11-08T11:40:06.197+0100][gc,marking  ] GC(19) Concurrent Scan Root Regions 1,421ms
[2024-11-08T11:40:06.197+0100][gc,marking  ] GC(19) Concurrent Mark
[2024-11-08T11:40:06.197+0100][gc,marking  ] GC(19) Concurrent Mark From Roots
[2024-11-08T11:40:06.197+0100][gc,task     ] GC(19) Using 3 workers of 3 for marking
[2024-11-08T11:40:06.203+0100][gc,marking  ] GC(19) Concurrent Mark From Roots 5,703ms
[2024-11-08T11:40:06.203+0100][gc,marking  ] GC(19) Concurrent Preclean
[2024-11-08T11:40:06.203+0100][gc,marking  ] GC(19) Concurrent Preclean 0,118ms
[2024-11-08T11:40:06.203+0100][gc,start    ] GC(19) Pause Remark
[2024-11-08T11:40:06.207+0100][gc          ] GC(19) Pause Remark 162M->162M(1024M) 4,474ms
[2024-11-08T11:40:06.207+0100][gc,cpu      ] GC(19) User=0,04s Sys=0,00s Real=0,00s
[2024-11-08T11:40:06.207+0100][gc,marking  ] GC(19) Concurrent Mark 10,451ms
[2024-11-08T11:40:06.207+0100][gc,marking  ] GC(19) Concurrent Rebuild Remembered Sets and Scrub Regions
[2024-11-08T11:40:06.211+0100][gc,marking  ] GC(19) Concurrent Rebuild Remembered Sets and Scrub Regions 3,378ms
[2024-11-08T11:40:06.211+0100][gc,start    ] GC(19) Pause Cleanup
[2024-11-08T11:40:06.211+0100][gc          ] GC(19) Pause Cleanup 162M->162M(1024M) 0,097ms
[2024-11-08T11:40:06.211+0100][gc,cpu      ] GC(19) User=0,00s Sys=0,00s Real=0,00s
[2024-11-08T11:40:06.211+0100][gc,marking  ] GC(19) Concurrent Clear Claimed Marks
[2024-11-08T11:40:06.211+0100][gc,marking  ] GC(19) Concurrent Clear Claimed Marks 0,056ms
[2024-11-08T11:40:06.211+0100][gc,marking  ] GC(19) Concurrent Cleanup for Next Mark
[2024-11-08T11:40:06.212+0100][gc,marking  ] GC(19) Concurrent Cleanup for Next Mark 0,591ms
[2024-11-08T11:40:06.212+0100][gc          ] GC(19) Concurrent Mark Cycle 16,226ms
[2024-11-08T11:51:01.836+0100][gc,heap,exit] Heap
[2024-11-08T11:51:01.836+0100][gc,heap,exit]  garbage-first heap   total 1048576K, used 341214K [0x00000000c0000000, 0x0000000100000000)
[2024-11-08T11:51:01.836+0100][gc,heap,exit]   region size 1024K, 186 young (190464K), 12 survivors (12288K)
[2024-11-08T11:51:01.836+0100][gc,heap,exit]  Metaspace       used 49935K, committed 50560K, reserved 1114112K
[2024-11-08T11:51:01.836+0100][gc,heap,exit]   class space    used 5932K, committed 6208K, reserved 1048576K
