[2024-11-11T10:05:31.945+0100][gc,init] CardTable entry size: 512
[2024-11-11T10:05:31.945+0100][gc     ] Using G1
[2024-11-11T10:05:31.953+0100][gc,init] Version: 21.0.4+7-Ubuntu-1ubuntu224.04 (release)
[2024-11-11T10:05:31.953+0100][gc,init] CPUs: 16 total, 16 available
[2024-11-11T10:05:31.953+0100][gc,init] Memory: 15262M
[2024-11-11T10:05:31.953+0100][gc,init] Large Page Support: Disabled
[2024-11-11T10:05:31.953+0100][gc,init] NUMA Support: Disabled
[2024-11-11T10:05:31.953+0100][gc,init] Compressed Oops: Enabled (32-bit)
[2024-11-11T10:05:31.953+0100][gc,init] Heap Region Size: 1M
[2024-11-11T10:05:31.953+0100][gc,init] Heap Min Capacity: 1G
[2024-11-11T10:05:31.953+0100][gc,init] Heap Initial Capacity: 1G
[2024-11-11T10:05:31.953+0100][gc,init] Heap Max Capacity: 1G
[2024-11-11T10:05:31.953+0100][gc,init] Pre-touch: Disabled
[2024-11-11T10:05:31.953+0100][gc,init] Parallel Workers: 13
[2024-11-11T10:05:31.953+0100][gc,init] Concurrent Workers: 3
[2024-11-11T10:05:31.953+0100][gc,init] Concurrent Refinement Workers: 13
[2024-11-11T10:05:31.953+0100][gc,init] Periodic GC: Disabled
[2024-11-11T10:05:31.960+0100][gc,metaspace] CDS archive(s) mapped at: [0x00007a0ae7000000-0x00007a0ae7cae000-0x00007a0ae7cae000), size 13295616, SharedBaseAddress: 0x00007a0ae7000000, ArchiveRelocationMode: 1.
[2024-11-11T10:05:31.960+0100][gc,metaspace] Compressed class space mapped at: 0x00007a0ae8000000-0x00007a0b28000000, reserved size: 1073741824
[2024-11-11T10:05:31.960+0100][gc,metaspace] Narrow klass base: 0x00007a0ae7000000, Narrow klass shift: 0, Narrow klass range: 0x100000000
[2024-11-11T10:05:32.557+0100][gc,start    ] GC(0) Pause Young (Normal) (G1 Evacuation Pause)
[2024-11-11T10:05:32.560+0100][gc,task     ] GC(0) Using 13 workers of 13 for evacuation
[2024-11-11T10:05:32.564+0100][gc,phases   ] GC(0)   Pre Evacuate Collection Set: 0,2ms
[2024-11-11T10:05:32.564+0100][gc,phases   ] GC(0)   Merge Heap Roots: 0,1ms
[2024-11-11T10:05:32.564+0100][gc,phases   ] GC(0)   Evacuate Collection Set: 2,5ms
[2024-11-11T10:05:32.564+0100][gc,phases   ] GC(0)   Post Evacuate Collection Set: 0,7ms
[2024-11-11T10:05:32.564+0100][gc,phases   ] GC(0)   Other: 2,6ms
[2024-11-11T10:05:32.564+0100][gc,heap     ] GC(0) Eden regions: 51->0(44)
[2024-11-11T10:05:32.564+0100][gc,heap     ] GC(0) Survivor regions: 0->7(7)
[2024-11-11T10:05:32.564+0100][gc,heap     ] GC(0) Old regions: 2->3
[2024-11-11T10:05:32.564+0100][gc,heap     ] GC(0) Humongous regions: 0->0
[2024-11-11T10:05:32.564+0100][gc,metaspace] GC(0) Metaspace: 18254K(18496K)->18254K(18496K) NonClass: 15980K(16128K)->15980K(16128K) Class: 2273K(2368K)->2273K(2368K)
[2024-11-11T10:05:32.564+0100][gc          ] GC(0) Pause Young (Normal) (G1 Evacuation Pause) 52M->8M(1024M) 6,272ms
[2024-11-11T10:05:32.564+0100][gc,cpu      ] GC(0) User=0,02s Sys=0,02s Real=0,01s
[2024-11-11T10:05:32.671+0100][gc,start    ] GC(1) Pause Young (Concurrent Start) (Metadata GC Threshold)
[2024-11-11T10:05:32.671+0100][gc,task     ] GC(1) Using 13 workers of 13 for evacuation
[2024-11-11T10:05:32.674+0100][gc,phases   ] GC(1)   Pre Evacuate Collection Set: 0,3ms
[2024-11-11T10:05:32.674+0100][gc,phases   ] GC(1)   Merge Heap Roots: 0,1ms
[2024-11-11T10:05:32.674+0100][gc,phases   ] GC(1)   Evacuate Collection Set: 2,0ms
[2024-11-11T10:05:32.674+0100][gc,phases   ] GC(1)   Post Evacuate Collection Set: 0,5ms
[2024-11-11T10:05:32.674+0100][gc,phases   ] GC(1)   Other: 0,1ms
[2024-11-11T10:05:32.674+0100][gc,heap     ] GC(1) Eden regions: 12->0(49)
[2024-11-11T10:05:32.674+0100][gc,heap     ] GC(1) Survivor regions: 7->2(7)
[2024-11-11T10:05:32.674+0100][gc,heap     ] GC(1) Old regions: 3->10
[2024-11-11T10:05:32.674+0100][gc,heap     ] GC(1) Humongous regions: 0->0
[2024-11-11T10:05:32.674+0100][gc,metaspace] GC(1) Metaspace: 21264K(21504K)->21264K(21504K) NonClass: 18541K(18688K)->18541K(18688K) Class: 2723K(2816K)->2723K(2816K)
[2024-11-11T10:05:32.674+0100][gc          ] GC(1) Pause Young (Concurrent Start) (Metadata GC Threshold) 20M->10M(1024M) 3,016ms
[2024-11-11T10:05:32.674+0100][gc,cpu      ] GC(1) User=0,02s Sys=0,01s Real=0,00s
[2024-11-11T10:05:32.674+0100][gc          ] GC(2) Concurrent Mark Cycle
[2024-11-11T10:05:32.674+0100][gc,marking  ] GC(2) Concurrent Scan Root Regions
[2024-11-11T10:05:32.676+0100][gc,marking  ] GC(2) Concurrent Scan Root Regions 1,074ms
[2024-11-11T10:05:32.676+0100][gc,marking  ] GC(2) Concurrent Mark
[2024-11-11T10:05:32.676+0100][gc,marking  ] GC(2) Concurrent Mark From Roots
[2024-11-11T10:05:32.676+0100][gc,task     ] GC(2) Using 3 workers of 3 for marking
[2024-11-11T10:05:32.677+0100][gc,marking  ] GC(2) Concurrent Mark From Roots 1,057ms
[2024-11-11T10:05:32.677+0100][gc,marking  ] GC(2) Concurrent Preclean
[2024-11-11T10:05:32.677+0100][gc,marking  ] GC(2) Concurrent Preclean 0,018ms
[2024-11-11T10:05:32.677+0100][gc,start    ] GC(2) Pause Remark
[2024-11-11T10:05:32.678+0100][gc          ] GC(2) Pause Remark 10M->10M(1024M) 1,491ms
[2024-11-11T10:05:32.678+0100][gc,cpu      ] GC(2) User=0,01s Sys=0,00s Real=0,00s
[2024-11-11T10:05:32.678+0100][gc,marking  ] GC(2) Concurrent Mark 2,781ms
[2024-11-11T10:05:32.678+0100][gc,marking  ] GC(2) Concurrent Rebuild Remembered Sets and Scrub Regions
[2024-11-11T10:05:32.679+0100][gc,marking  ] GC(2) Concurrent Rebuild Remembered Sets and Scrub Regions 0,825ms
[2024-11-11T10:05:32.679+0100][gc,start    ] GC(2) Pause Cleanup
[2024-11-11T10:05:32.679+0100][gc          ] GC(2) Pause Cleanup 10M->10M(1024M) 0,072ms
[2024-11-11T10:05:32.679+0100][gc,cpu      ] GC(2) User=0,01s Sys=0,00s Real=0,00s
[2024-11-11T10:05:32.679+0100][gc,marking  ] GC(2) Concurrent Clear Claimed Marks
[2024-11-11T10:05:32.679+0100][gc,marking  ] GC(2) Concurrent Clear Claimed Marks 0,007ms
[2024-11-11T10:05:32.679+0100][gc,marking  ] GC(2) Concurrent Cleanup for Next Mark
[2024-11-11T10:05:32.682+0100][gc,marking  ] GC(2) Concurrent Cleanup for Next Mark 2,629ms
[2024-11-11T10:05:32.682+0100][gc          ] GC(2) Concurrent Mark Cycle 7,582ms
[2024-11-11T10:05:33.167+0100][gc,start    ] GC(3) Pause Young (Prepare Mixed) (G1 Evacuation Pause)
[2024-11-11T10:05:33.167+0100][gc,task     ] GC(3) Using 13 workers of 13 for evacuation
[2024-11-11T10:05:33.170+0100][gc,phases   ] GC(3)   Pre Evacuate Collection Set: 0,3ms
[2024-11-11T10:05:33.170+0100][gc,phases   ] GC(3)   Merge Heap Roots: 0,1ms
[2024-11-11T10:05:33.170+0100][gc,phases   ] GC(3)   Evacuate Collection Set: 1,9ms
[2024-11-11T10:05:33.170+0100][gc,phases   ] GC(3)   Post Evacuate Collection Set: 0,4ms
[2024-11-11T10:05:33.170+0100][gc,phases   ] GC(3)   Other: 0,1ms
[2024-11-11T10:05:33.170+0100][gc,heap     ] GC(3) Eden regions: 49->0(45)
[2024-11-11T10:05:33.170+0100][gc,heap     ] GC(3) Survivor regions: 2->6(7)
[2024-11-11T10:05:33.170+0100][gc,heap     ] GC(3) Old regions: 10->10
[2024-11-11T10:05:33.170+0100][gc,heap     ] GC(3) Humongous regions: 129->129
[2024-11-11T10:05:33.170+0100][gc,metaspace] GC(3) Metaspace: 31046K(31296K)->31046K(31296K) NonClass: 27316K(27456K)->27316K(27456K) Class: 3730K(3840K)->3730K(3840K)
[2024-11-11T10:05:33.170+0100][gc          ] GC(3) Pause Young (Prepare Mixed) (G1 Evacuation Pause) 188M->143M(1024M) 2,963ms
[2024-11-11T10:05:33.170+0100][gc,cpu      ] GC(3) User=0,03s Sys=0,00s Real=0,01s
[2024-11-11T10:05:33.337+0100][gc,start    ] GC(4) Pause Young (Mixed) (Metadata GC Threshold)
[2024-11-11T10:05:33.337+0100][gc,task     ] GC(4) Using 13 workers of 13 for evacuation
[2024-11-11T10:05:33.339+0100][gc,phases   ] GC(4)   Pre Evacuate Collection Set: 0,2ms
[2024-11-11T10:05:33.339+0100][gc,phases   ] GC(4)   Merge Heap Roots: 0,0ms
[2024-11-11T10:05:33.339+0100][gc,phases   ] GC(4)   Evacuate Collection Set: 2,2ms
[2024-11-11T10:05:33.339+0100][gc,phases   ] GC(4)   Post Evacuate Collection Set: 0,2ms
[2024-11-11T10:05:33.339+0100][gc,phases   ] GC(4)   Other: 0,1ms
[2024-11-11T10:05:33.339+0100][gc,heap     ] GC(4) Eden regions: 20->0(48)
[2024-11-11T10:05:33.339+0100][gc,heap     ] GC(4) Survivor regions: 6->3(7)
[2024-11-11T10:05:33.339+0100][gc,heap     ] GC(4) Old regions: 10->14
[2024-11-11T10:05:33.339+0100][gc,heap     ] GC(4) Humongous regions: 129->129
[2024-11-11T10:05:33.339+0100][gc,metaspace] GC(4) Metaspace: 35813K(36096K)->35813K(36096K) NonClass: 31615K(31744K)->31615K(31744K) Class: 4197K(4352K)->4197K(4352K)
[2024-11-11T10:05:33.339+0100][gc          ] GC(4) Pause Young (Mixed) (Metadata GC Threshold) 163M->145M(1024M) 2,887ms
[2024-11-11T10:05:33.339+0100][gc,cpu      ] GC(4) User=0,03s Sys=0,01s Real=0,00s
[2024-11-11T10:05:33.347+0100][gc,start    ] GC(5) Pause Young (Concurrent Start) (Metadata GC Threshold)
[2024-11-11T10:05:33.347+0100][gc,task     ] GC(5) Using 13 workers of 13 for evacuation
[2024-11-11T10:05:33.348+0100][gc,phases   ] GC(5)   Pre Evacuate Collection Set: 0,2ms
[2024-11-11T10:05:33.348+0100][gc,phases   ] GC(5)   Merge Heap Roots: 0,0ms
[2024-11-11T10:05:33.348+0100][gc,phases   ] GC(5)   Evacuate Collection Set: 0,9ms
[2024-11-11T10:05:33.348+0100][gc,phases   ] GC(5)   Post Evacuate Collection Set: 0,2ms
[2024-11-11T10:05:33.348+0100][gc,phases   ] GC(5)   Other: 0,1ms
[2024-11-11T10:05:33.348+0100][gc,heap     ] GC(5) Eden regions: 1->0(48)
[2024-11-11T10:05:33.348+0100][gc,heap     ] GC(5) Survivor regions: 3->3(7)
[2024-11-11T10:05:33.348+0100][gc,heap     ] GC(5) Old regions: 14->14
[2024-11-11T10:05:33.348+0100][gc,heap     ] GC(5) Humongous regions: 129->129
[2024-11-11T10:05:33.348+0100][gc,metaspace] GC(5) Metaspace: 36160K(36416K)->36160K(36416K) NonClass: 31946K(32064K)->31946K(32064K) Class: 4214K(4352K)->4214K(4352K)
[2024-11-11T10:05:33.348+0100][gc          ] GC(5) Pause Young (Concurrent Start) (Metadata GC Threshold) 146M->145M(1024M) 1,484ms
[2024-11-11T10:05:33.348+0100][gc          ] GC(6) Concurrent Mark Cycle
[2024-11-11T10:05:33.348+0100][gc,cpu      ] GC(5) User=0,01s Sys=0,00s Real=0,00s
[2024-11-11T10:05:33.348+0100][gc,marking  ] GC(6) Concurrent Scan Root Regions
[2024-11-11T10:05:33.349+0100][gc,marking  ] GC(6) Concurrent Scan Root Regions 0,769ms
[2024-11-11T10:05:33.349+0100][gc,marking  ] GC(6) Concurrent Mark
[2024-11-11T10:05:33.349+0100][gc,marking  ] GC(6) Concurrent Mark From Roots
[2024-11-11T10:05:33.349+0100][gc,task     ] GC(6) Using 3 workers of 3 for marking
[2024-11-11T10:05:33.357+0100][gc,marking  ] GC(6) Concurrent Mark From Roots 8,301ms
[2024-11-11T10:05:33.357+0100][gc,marking  ] GC(6) Concurrent Preclean
[2024-11-11T10:05:33.357+0100][gc,marking  ] GC(6) Concurrent Preclean 0,087ms
[2024-11-11T10:05:33.358+0100][gc,start    ] GC(6) Pause Remark
[2024-11-11T10:05:33.359+0100][gc          ] GC(6) Pause Remark 146M->146M(1024M) 1,788ms
[2024-11-11T10:05:33.359+0100][gc,cpu      ] GC(6) User=0,02s Sys=0,01s Real=0,00s
[2024-11-11T10:05:33.359+0100][gc,marking  ] GC(6) Concurrent Mark 10,487ms
[2024-11-11T10:05:33.359+0100][gc,marking  ] GC(6) Concurrent Rebuild Remembered Sets and Scrub Regions
[2024-11-11T10:05:33.361+0100][gc,marking  ] GC(6) Concurrent Rebuild Remembered Sets and Scrub Regions 2,055ms
[2024-11-11T10:05:33.362+0100][gc,start    ] GC(6) Pause Cleanup
[2024-11-11T10:05:33.362+0100][gc          ] GC(6) Pause Cleanup 146M->146M(1024M) 0,102ms
[2024-11-11T10:05:33.362+0100][gc,cpu      ] GC(6) User=0,01s Sys=0,00s Real=0,00s
[2024-11-11T10:05:33.362+0100][gc,marking  ] GC(6) Concurrent Clear Claimed Marks
[2024-11-11T10:05:33.362+0100][gc,marking  ] GC(6) Concurrent Clear Claimed Marks 0,029ms
[2024-11-11T10:05:33.362+0100][gc,marking  ] GC(6) Concurrent Cleanup for Next Mark
[2024-11-11T10:05:33.364+0100][gc,marking  ] GC(6) Concurrent Cleanup for Next Mark 1,679ms
[2024-11-11T10:05:33.364+0100][gc          ] GC(6) Concurrent Mark Cycle 15,626ms
[2024-11-11T10:05:33.780+0100][gc,start    ] GC(7) Pause Young (Prepare Mixed) (G1 Evacuation Pause)
[2024-11-11T10:05:33.780+0100][gc,task     ] GC(7) Using 13 workers of 13 for evacuation
[2024-11-11T10:05:33.783+0100][gc,phases   ] GC(7)   Pre Evacuate Collection Set: 0,2ms
[2024-11-11T10:05:33.783+0100][gc,phases   ] GC(7)   Merge Heap Roots: 0,1ms
[2024-11-11T10:05:33.783+0100][gc,phases   ] GC(7)   Evacuate Collection Set: 1,5ms
[2024-11-11T10:05:33.783+0100][gc,phases   ] GC(7)   Post Evacuate Collection Set: 0,5ms
[2024-11-11T10:05:33.783+0100][gc,phases   ] GC(7)   Other: 0,1ms
[2024-11-11T10:05:33.783+0100][gc,heap     ] GC(7) Eden regions: 48->0(47)
[2024-11-11T10:05:33.783+0100][gc,heap     ] GC(7) Survivor regions: 3->4(7)
[2024-11-11T10:05:33.783+0100][gc,heap     ] GC(7) Old regions: 14->14
[2024-11-11T10:05:33.783+0100][gc,heap     ] GC(7) Humongous regions: 195->135
[2024-11-11T10:05:33.783+0100][gc,metaspace] GC(7) Metaspace: 40840K(41344K)->40840K(41344K) NonClass: 35939K(36224K)->35939K(36224K) Class: 4901K(5120K)->4901K(5120K)
[2024-11-11T10:05:33.783+0100][gc          ] GC(7) Pause Young (Prepare Mixed) (G1 Evacuation Pause) 259M->152M(1024M) 2,433ms
[2024-11-11T10:05:33.783+0100][gc,cpu      ] GC(7) User=0,02s Sys=0,00s Real=0,00s
[2024-11-11T11:15:35.628+0100][gc,start    ] GC(8) Pause Young (Mixed) (G1 Evacuation Pause)
[2024-11-11T11:15:35.628+0100][gc,task     ] GC(8) Using 13 workers of 13 for evacuation
[2024-11-11T11:15:35.631+0100][gc,phases   ] GC(8)   Pre Evacuate Collection Set: 0,2ms
[2024-11-11T11:15:35.631+0100][gc,phases   ] GC(8)   Merge Heap Roots: 0,0ms
[2024-11-11T11:15:35.631+0100][gc,phases   ] GC(8)   Evacuate Collection Set: 2,0ms
[2024-11-11T11:15:35.631+0100][gc,phases   ] GC(8)   Post Evacuate Collection Set: 0,4ms
[2024-11-11T11:15:35.631+0100][gc,phases   ] GC(8)   Other: 0,1ms
[2024-11-11T11:15:35.631+0100][gc,heap     ] GC(8) Eden regions: 47->0(48)
[2024-11-11T11:15:35.631+0100][gc,heap     ] GC(8) Survivor regions: 4->3(7)
[2024-11-11T11:15:35.631+0100][gc,heap     ] GC(8) Old regions: 14->16
[2024-11-11T11:15:35.631+0100][gc,heap     ] GC(8) Humongous regions: 189->129
[2024-11-11T11:15:35.631+0100][gc,metaspace] GC(8) Metaspace: 43434K(44096K)->43434K(44096K) NonClass: 38067K(38464K)->38067K(38464K) Class: 5367K(5632K)->5367K(5632K)
[2024-11-11T11:15:35.631+0100][gc          ] GC(8) Pause Young (Mixed) (G1 Evacuation Pause) 253M->147M(1024M) 2,883ms
[2024-11-11T11:15:35.631+0100][gc,cpu      ] GC(8) User=0,03s Sys=0,00s Real=0,01s
[2024-11-11T11:15:36.583+0100][gc,heap,exit] Heap
[2024-11-11T11:15:36.583+0100][gc,heap,exit]  garbage-first heap   total 1048576K, used 161464K [0x00000000c0000000, 0x0000000100000000)
[2024-11-11T11:15:36.583+0100][gc,heap,exit]   region size 1024K, 14 young (14336K), 3 survivors (3072K)
[2024-11-11T11:15:36.583+0100][gc,heap,exit]  Metaspace       used 44188K, committed 44864K, reserved 1114112K
[2024-11-11T11:15:36.583+0100][gc,heap,exit]   class space    used 5512K, committed 5824K, reserved 1048576K
