[2024-11-11T10:05:05.613+0100][gc,init] CardTable entry size: 512
[2024-11-11T10:05:05.613+0100][gc     ] Using G1
[2024-11-11T10:05:05.621+0100][gc,init] Version: 21.0.4+7-Ubuntu-1ubuntu224.04 (release)
[2024-11-11T10:05:05.621+0100][gc,init] CPUs: 16 total, 16 available
[2024-11-11T10:05:05.621+0100][gc,init] Memory: 15262M
[2024-11-11T10:05:05.621+0100][gc,init] Large Page Support: Disabled
[2024-11-11T10:05:05.621+0100][gc,init] NUMA Support: Disabled
[2024-11-11T10:05:05.621+0100][gc,init] Compressed Oops: Enabled (32-bit)
[2024-11-11T10:05:05.621+0100][gc,init] Heap Region Size: 1M
[2024-11-11T10:05:05.621+0100][gc,init] Heap Min Capacity: 1G
[2024-11-11T10:05:05.621+0100][gc,init] Heap Initial Capacity: 1G
[2024-11-11T10:05:05.621+0100][gc,init] Heap Max Capacity: 1G
[2024-11-11T10:05:05.621+0100][gc,init] Pre-touch: Disabled
[2024-11-11T10:05:05.621+0100][gc,init] Parallel Workers: 13
[2024-11-11T10:05:05.621+0100][gc,init] Concurrent Workers: 3
[2024-11-11T10:05:05.621+0100][gc,init] Concurrent Refinement Workers: 13
[2024-11-11T10:05:05.621+0100][gc,init] Periodic GC: Disabled
[2024-11-11T10:05:05.627+0100][gc,metaspace] CDS archive(s) mapped at: [0x000074dfaf000000-0x000074dfafcae000-0x000074dfafcae000), size 13295616, SharedBaseAddress: 0x000074dfaf000000, ArchiveRelocationMode: 1.
[2024-11-11T10:05:05.627+0100][gc,metaspace] Compressed class space mapped at: 0x000074dfb0000000-0x000074dff0000000, reserved size: 1073741824
[2024-11-11T10:05:05.627+0100][gc,metaspace] Narrow klass base: 0x000074dfaf000000, Narrow klass shift: 0, Narrow klass range: 0x100000000
[2024-11-11T10:05:06.311+0100][gc,start    ] GC(0) Pause Young (Normal) (G1 Evacuation Pause)
[2024-11-11T10:05:06.314+0100][gc,task     ] GC(0) Using 13 workers of 13 for evacuation
[2024-11-11T10:05:06.317+0100][gc,phases   ] GC(0)   Pre Evacuate Collection Set: 0,2ms
[2024-11-11T10:05:06.317+0100][gc,phases   ] GC(0)   Merge Heap Roots: 0,1ms
[2024-11-11T10:05:06.317+0100][gc,phases   ] GC(0)   Evacuate Collection Set: 2,4ms
[2024-11-11T10:05:06.317+0100][gc,phases   ] GC(0)   Post Evacuate Collection Set: 0,5ms
[2024-11-11T10:05:06.317+0100][gc,phases   ] GC(0)   Other: 2,6ms
[2024-11-11T10:05:06.317+0100][gc,heap     ] GC(0) Eden regions: 51->0(44)
[2024-11-11T10:05:06.317+0100][gc,heap     ] GC(0) Survivor regions: 0->7(7)
[2024-11-11T10:05:06.317+0100][gc,heap     ] GC(0) Old regions: 2->3
[2024-11-11T10:05:06.317+0100][gc,heap     ] GC(0) Humongous regions: 0->0
[2024-11-11T10:05:06.317+0100][gc,metaspace] GC(0) Metaspace: 18285K(18496K)->18285K(18496K) NonClass: 16008K(16128K)->16008K(16128K) Class: 2276K(2368K)->2276K(2368K)
[2024-11-11T10:05:06.317+0100][gc          ] GC(0) Pause Young (Normal) (G1 Evacuation Pause) 52M->9M(1024M) 5,928ms
[2024-11-11T10:05:06.317+0100][gc,cpu      ] GC(0) User=0,02s Sys=0,02s Real=0,00s
[2024-11-11T10:05:06.430+0100][gc,start    ] GC(1) Pause Young (Concurrent Start) (Metadata GC Threshold)
[2024-11-11T10:05:06.430+0100][gc,task     ] GC(1) Using 13 workers of 13 for evacuation
[2024-11-11T10:05:06.433+0100][gc,phases   ] GC(1)   Pre Evacuate Collection Set: 0,2ms
[2024-11-11T10:05:06.433+0100][gc,phases   ] GC(1)   Merge Heap Roots: 0,1ms
[2024-11-11T10:05:06.433+0100][gc,phases   ] GC(1)   Evacuate Collection Set: 2,2ms
[2024-11-11T10:05:06.433+0100][gc,phases   ] GC(1)   Post Evacuate Collection Set: 0,5ms
[2024-11-11T10:05:06.433+0100][gc,phases   ] GC(1)   Other: 0,1ms
[2024-11-11T10:05:06.433+0100][gc,heap     ] GC(1) Eden regions: 12->0(49)
[2024-11-11T10:05:06.433+0100][gc,heap     ] GC(1) Survivor regions: 7->2(7)
[2024-11-11T10:05:06.433+0100][gc,heap     ] GC(1) Old regions: 3->11
[2024-11-11T10:05:06.433+0100][gc,heap     ] GC(1) Humongous regions: 0->0
[2024-11-11T10:05:06.433+0100][gc,metaspace] GC(1) Metaspace: 21267K(21504K)->21267K(21504K) NonClass: 18544K(18688K)->18544K(18688K) Class: 2723K(2816K)->2723K(2816K)
[2024-11-11T10:05:06.433+0100][gc          ] GC(1) Pause Young (Concurrent Start) (Metadata GC Threshold) 20M->10M(1024M) 3,189ms
[2024-11-11T10:05:06.433+0100][gc,cpu      ] GC(1) User=0,02s Sys=0,01s Real=0,00s
[2024-11-11T10:05:06.433+0100][gc          ] GC(2) Concurrent Mark Cycle
[2024-11-11T10:05:06.433+0100][gc,marking  ] GC(2) Concurrent Scan Root Regions
[2024-11-11T10:05:06.434+0100][gc,marking  ] GC(2) Concurrent Scan Root Regions 1,067ms
[2024-11-11T10:05:06.434+0100][gc,marking  ] GC(2) Concurrent Mark
[2024-11-11T10:05:06.434+0100][gc,marking  ] GC(2) Concurrent Mark From Roots
[2024-11-11T10:05:06.434+0100][gc,task     ] GC(2) Using 3 workers of 3 for marking
[2024-11-11T10:05:06.435+0100][gc,marking  ] GC(2) Concurrent Mark From Roots 0,982ms
[2024-11-11T10:05:06.435+0100][gc,marking  ] GC(2) Concurrent Preclean
[2024-11-11T10:05:06.435+0100][gc,marking  ] GC(2) Concurrent Preclean 0,008ms
[2024-11-11T10:05:06.436+0100][gc,start    ] GC(2) Pause Remark
[2024-11-11T10:05:06.437+0100][gc          ] GC(2) Pause Remark 10M->10M(1024M) 1,560ms
[2024-11-11T10:05:06.437+0100][gc,cpu      ] GC(2) User=0,00s Sys=0,00s Real=0,00s
[2024-11-11T10:05:06.437+0100][gc,marking  ] GC(2) Concurrent Mark 2,695ms
[2024-11-11T10:05:06.437+0100][gc,marking  ] GC(2) Concurrent Rebuild Remembered Sets and Scrub Regions
[2024-11-11T10:05:06.438+0100][gc,marking  ] GC(2) Concurrent Rebuild Remembered Sets and Scrub Regions 0,766ms
[2024-11-11T10:05:06.438+0100][gc,start    ] GC(2) Pause Cleanup
[2024-11-11T10:05:06.438+0100][gc          ] GC(2) Pause Cleanup 10M->10M(1024M) 0,069ms
[2024-11-11T10:05:06.438+0100][gc,cpu      ] GC(2) User=0,00s Sys=0,00s Real=0,00s
[2024-11-11T10:05:06.438+0100][gc,marking  ] GC(2) Concurrent Clear Claimed Marks
[2024-11-11T10:05:06.438+0100][gc,marking  ] GC(2) Concurrent Clear Claimed Marks 0,008ms
[2024-11-11T10:05:06.438+0100][gc,marking  ] GC(2) Concurrent Cleanup for Next Mark
[2024-11-11T10:05:06.440+0100][gc,marking  ] GC(2) Concurrent Cleanup for Next Mark 2,351ms
[2024-11-11T10:05:06.440+0100][gc          ] GC(2) Concurrent Mark Cycle 7,161ms
[2024-11-11T10:05:06.974+0100][gc,start    ] GC(3) Pause Young (Prepare Mixed) (G1 Evacuation Pause)
[2024-11-11T10:05:06.974+0100][gc,task     ] GC(3) Using 13 workers of 13 for evacuation
[2024-11-11T10:05:06.978+0100][gc,phases   ] GC(3)   Pre Evacuate Collection Set: 0,2ms
[2024-11-11T10:05:06.978+0100][gc,phases   ] GC(3)   Merge Heap Roots: 0,0ms
[2024-11-11T10:05:06.978+0100][gc,phases   ] GC(3)   Evacuate Collection Set: 3,6ms
[2024-11-11T10:05:06.978+0100][gc,phases   ] GC(3)   Post Evacuate Collection Set: 0,4ms
[2024-11-11T10:05:06.978+0100][gc,phases   ] GC(3)   Other: 0,1ms
[2024-11-11T10:05:06.978+0100][gc,heap     ] GC(3) Eden regions: 49->0(45)
[2024-11-11T10:05:06.978+0100][gc,heap     ] GC(3) Survivor regions: 2->6(7)
[2024-11-11T10:05:06.978+0100][gc,heap     ] GC(3) Old regions: 11->11
[2024-11-11T10:05:06.978+0100][gc,heap     ] GC(3) Humongous regions: 129->129
[2024-11-11T10:05:06.978+0100][gc,metaspace] GC(3) Metaspace: 30981K(31232K)->30981K(31232K) NonClass: 27260K(27392K)->27260K(27392K) Class: 3721K(3840K)->3721K(3840K)
[2024-11-11T10:05:06.978+0100][gc          ] GC(3) Pause Young (Prepare Mixed) (G1 Evacuation Pause) 188M->143M(1024M) 4,457ms
[2024-11-11T10:05:06.978+0100][gc,cpu      ] GC(3) User=0,04s Sys=0,00s Real=0,00s
[2024-11-11T10:05:07.343+0100][gc,heap,exit] Heap
[2024-11-11T10:05:07.343+0100][gc,heap,exit]  garbage-first heap   total 1048576K, used 165641K [0x00000000c0000000, 0x0000000100000000)
[2024-11-11T10:05:07.343+0100][gc,heap,exit]   region size 1024K, 25 young (25600K), 6 survivors (6144K)
[2024-11-11T10:05:07.343+0100][gc,heap,exit]  Metaspace       used 34387K, committed 34688K, reserved 1114112K
[2024-11-11T10:05:07.343+0100][gc,heap,exit]   class space    used 4172K, committed 4288K, reserved 1048576K
