[2024-11-10T20:02:38.611+0100][gc,init] CardTable entry size: 512
[2024-11-10T20:02:38.611+0100][gc     ] Using G1
[2024-11-10T20:02:38.617+0100][gc,init] Version: 21.0.4+7-Ubuntu-1ubuntu224.04 (release)
[2024-11-10T20:02:38.617+0100][gc,init] CPUs: 16 total, 16 available
[2024-11-10T20:02:38.617+0100][gc,init] Memory: 15262M
[2024-11-10T20:02:38.617+0100][gc,init] Large Page Support: Disabled
[2024-11-10T20:02:38.617+0100][gc,init] NUMA Support: Disabled
[2024-11-10T20:02:38.617+0100][gc,init] Compressed Oops: Enabled (32-bit)
[2024-11-10T20:02:38.617+0100][gc,init] Heap Region Size: 1M
[2024-11-10T20:02:38.617+0100][gc,init] Heap Min Capacity: 1G
[2024-11-10T20:02:38.617+0100][gc,init] Heap Initial Capacity: 1G
[2024-11-10T20:02:38.617+0100][gc,init] Heap Max Capacity: 1G
[2024-11-10T20:02:38.617+0100][gc,init] Pre-touch: Disabled
[2024-11-10T20:02:38.617+0100][gc,init] Parallel Workers: 13
[2024-11-10T20:02:38.617+0100][gc,init] Concurrent Workers: 3
[2024-11-10T20:02:38.617+0100][gc,init] Concurrent Refinement Workers: 13
[2024-11-10T20:02:38.617+0100][gc,init] Periodic GC: Disabled
[2024-11-10T20:02:38.622+0100][gc,metaspace] CDS archive(s) mapped at: [0x00007a13db000000-0x00007a13dbcae000-0x00007a13dbcae000), size 13295616, SharedBaseAddress: 0x00007a13db000000, ArchiveRelocationMode: 1.
[2024-11-10T20:02:38.622+0100][gc,metaspace] Compressed class space mapped at: 0x00007a13dc000000-0x00007a141c000000, reserved size: 1073741824
[2024-11-10T20:02:38.622+0100][gc,metaspace] Narrow klass base: 0x00007a13db000000, Narrow klass shift: 0, Narrow klass range: 0x100000000
[2024-11-10T20:02:39.113+0100][gc,start    ] GC(0) Pause Young (Normal) (G1 Evacuation Pause)
[2024-11-10T20:02:39.115+0100][gc,task     ] GC(0) Using 13 workers of 13 for evacuation
[2024-11-10T20:02:39.117+0100][gc,phases   ] GC(0)   Pre Evacuate Collection Set: 0,1ms
[2024-11-10T20:02:39.117+0100][gc,phases   ] GC(0)   Merge Heap Roots: 0,1ms
[2024-11-10T20:02:39.117+0100][gc,phases   ] GC(0)   Evacuate Collection Set: 1,6ms
[2024-11-10T20:02:39.117+0100][gc,phases   ] GC(0)   Post Evacuate Collection Set: 0,3ms
[2024-11-10T20:02:39.117+0100][gc,phases   ] GC(0)   Other: 1,7ms
[2024-11-10T20:02:39.117+0100][gc,heap     ] GC(0) Eden regions: 51->0(44)
[2024-11-10T20:02:39.117+0100][gc,heap     ] GC(0) Survivor regions: 0->7(7)
[2024-11-10T20:02:39.117+0100][gc,heap     ] GC(0) Old regions: 2->3
[2024-11-10T20:02:39.117+0100][gc,heap     ] GC(0) Humongous regions: 0->0
[2024-11-10T20:02:39.117+0100][gc,metaspace] GC(0) Metaspace: 18300K(18496K)->18300K(18496K) NonClass: 16024K(16128K)->16024K(16128K) Class: 2276K(2368K)->2276K(2368K)
[2024-11-10T20:02:39.117+0100][gc          ] GC(0) Pause Young (Normal) (G1 Evacuation Pause) 52M->8M(1024M) 3,821ms
[2024-11-10T20:02:39.117+0100][gc,cpu      ] GC(0) User=0,02s Sys=0,00s Real=0,01s
[2024-11-10T20:02:39.202+0100][gc,start    ] GC(1) Pause Young (Concurrent Start) (Metadata GC Threshold)
[2024-11-10T20:02:39.202+0100][gc,task     ] GC(1) Using 13 workers of 13 for evacuation
[2024-11-10T20:02:39.205+0100][gc,phases   ] GC(1)   Pre Evacuate Collection Set: 0,1ms
[2024-11-10T20:02:39.205+0100][gc,phases   ] GC(1)   Merge Heap Roots: 0,0ms
[2024-11-10T20:02:39.205+0100][gc,phases   ] GC(1)   Evacuate Collection Set: 2,2ms
[2024-11-10T20:02:39.205+0100][gc,phases   ] GC(1)   Post Evacuate Collection Set: 0,3ms
[2024-11-10T20:02:39.205+0100][gc,phases   ] GC(1)   Other: 0,0ms
[2024-11-10T20:02:39.205+0100][gc,heap     ] GC(1) Eden regions: 12->0(49)
[2024-11-10T20:02:39.205+0100][gc,heap     ] GC(1) Survivor regions: 7->2(7)
[2024-11-10T20:02:39.205+0100][gc,heap     ] GC(1) Old regions: 3->11
[2024-11-10T20:02:39.205+0100][gc,heap     ] GC(1) Humongous regions: 0->0
[2024-11-10T20:02:39.205+0100][gc,metaspace] GC(1) Metaspace: 21269K(21504K)->21269K(21504K) NonClass: 18546K(18688K)->18546K(18688K) Class: 2723K(2816K)->2723K(2816K)
[2024-11-10T20:02:39.205+0100][gc          ] GC(1) Pause Young (Concurrent Start) (Metadata GC Threshold) 20M->10M(1024M) 2,798ms
[2024-11-10T20:02:39.205+0100][gc,cpu      ] GC(1) User=0,01s Sys=0,01s Real=0,01s
[2024-11-10T20:02:39.205+0100][gc          ] GC(2) Concurrent Mark Cycle
[2024-11-10T20:02:39.205+0100][gc,marking  ] GC(2) Concurrent Scan Root Regions
[2024-11-10T20:02:39.206+0100][gc,marking  ] GC(2) Concurrent Scan Root Regions 0,978ms
[2024-11-10T20:02:39.206+0100][gc,marking  ] GC(2) Concurrent Mark
[2024-11-10T20:02:39.206+0100][gc,marking  ] GC(2) Concurrent Mark From Roots
[2024-11-10T20:02:39.206+0100][gc,task     ] GC(2) Using 3 workers of 3 for marking
[2024-11-10T20:02:39.207+0100][gc,marking  ] GC(2) Concurrent Mark From Roots 0,868ms
[2024-11-10T20:02:39.207+0100][gc,marking  ] GC(2) Concurrent Preclean
[2024-11-10T20:02:39.207+0100][gc,marking  ] GC(2) Concurrent Preclean 0,006ms
[2024-11-10T20:02:39.207+0100][gc,start    ] GC(2) Pause Remark
[2024-11-10T20:02:39.208+0100][gc          ] GC(2) Pause Remark 10M->10M(1024M) 1,058ms
[2024-11-10T20:02:39.208+0100][gc,cpu      ] GC(2) User=0,01s Sys=0,00s Real=0,00s
[2024-11-10T20:02:39.208+0100][gc,marking  ] GC(2) Concurrent Mark 2,092ms
[2024-11-10T20:02:39.208+0100][gc,marking  ] GC(2) Concurrent Rebuild Remembered Sets and Scrub Regions
[2024-11-10T20:02:39.209+0100][gc,marking  ] GC(2) Concurrent Rebuild Remembered Sets and Scrub Regions 0,626ms
[2024-11-10T20:02:39.209+0100][gc,start    ] GC(2) Pause Cleanup
[2024-11-10T20:02:39.209+0100][gc          ] GC(2) Pause Cleanup 10M->10M(1024M) 0,056ms
[2024-11-10T20:02:39.209+0100][gc,cpu      ] GC(2) User=0,00s Sys=0,00s Real=0,00s
[2024-11-10T20:02:39.209+0100][gc,marking  ] GC(2) Concurrent Clear Claimed Marks
[2024-11-10T20:02:39.209+0100][gc,marking  ] GC(2) Concurrent Clear Claimed Marks 0,005ms
[2024-11-10T20:02:39.209+0100][gc,marking  ] GC(2) Concurrent Cleanup for Next Mark
[2024-11-10T20:02:39.211+0100][gc,marking  ] GC(2) Concurrent Cleanup for Next Mark 1,944ms
[2024-11-10T20:02:39.211+0100][gc          ] GC(2) Concurrent Mark Cycle 5,859ms
[2024-11-10T20:02:39.632+0100][gc,start    ] GC(3) Pause Young (Prepare Mixed) (G1 Evacuation Pause)
[2024-11-10T20:02:39.632+0100][gc,task     ] GC(3) Using 13 workers of 13 for evacuation
[2024-11-10T20:02:39.634+0100][gc,phases   ] GC(3)   Pre Evacuate Collection Set: 0,1ms
[2024-11-10T20:02:39.634+0100][gc,phases   ] GC(3)   Merge Heap Roots: 0,0ms
[2024-11-10T20:02:39.634+0100][gc,phases   ] GC(3)   Evacuate Collection Set: 1,2ms
[2024-11-10T20:02:39.634+0100][gc,phases   ] GC(3)   Post Evacuate Collection Set: 0,3ms
[2024-11-10T20:02:39.634+0100][gc,phases   ] GC(3)   Other: 0,0ms
[2024-11-10T20:02:39.634+0100][gc,heap     ] GC(3) Eden regions: 49->0(45)
[2024-11-10T20:02:39.634+0100][gc,heap     ] GC(3) Survivor regions: 2->6(7)
[2024-11-10T20:02:39.634+0100][gc,heap     ] GC(3) Old regions: 11->11
[2024-11-10T20:02:39.634+0100][gc,heap     ] GC(3) Humongous regions: 129->129
[2024-11-10T20:02:39.634+0100][gc,metaspace] GC(3) Metaspace: 31100K(31424K)->31100K(31424K) NonClass: 27356K(27520K)->27356K(27520K) Class: 3744K(3904K)->3744K(3904K)
[2024-11-10T20:02:39.634+0100][gc          ] GC(3) Pause Young (Prepare Mixed) (G1 Evacuation Pause) 188M->143M(1024M) 1,782ms
[2024-11-10T20:02:39.634+0100][gc,cpu      ] GC(3) User=0,02s Sys=0,01s Real=0,00s
[2024-11-10T20:02:39.915+0100][gc,heap,exit] Heap
[2024-11-10T20:02:39.915+0100][gc,heap,exit]  garbage-first heap   total 1048576K, used 165738K [0x00000000c0000000, 0x0000000100000000)
[2024-11-10T20:02:39.915+0100][gc,heap,exit]   region size 1024K, 25 young (25600K), 6 survivors (6144K)
[2024-11-10T20:02:39.915+0100][gc,heap,exit]  Metaspace       used 34357K, committed 34624K, reserved 1114112K
[2024-11-10T20:02:39.915+0100][gc,heap,exit]   class space    used 4171K, committed 4288K, reserved 1048576K
