[2024-11-08T08:50:12.261+0100][gc,init] CardTable entry size: 512
[2024-11-08T08:50:12.262+0100][gc     ] Using G1
[2024-11-08T08:50:12.267+0100][gc,init] Version: 21.0.4+7-Ubuntu-1ubuntu224.04 (release)
[2024-11-08T08:50:12.267+0100][gc,init] CPUs: 16 total, 16 available
[2024-11-08T08:50:12.267+0100][gc,init] Memory: 15262M
[2024-11-08T08:50:12.267+0100][gc,init] Large Page Support: Disabled
[2024-11-08T08:50:12.267+0100][gc,init] NUMA Support: Disabled
[2024-11-08T08:50:12.267+0100][gc,init] Compressed Oops: Enabled (32-bit)
[2024-11-08T08:50:12.267+0100][gc,init] Heap Region Size: 1M
[2024-11-08T08:50:12.267+0100][gc,init] Heap Min Capacity: 1G
[2024-11-08T08:50:12.268+0100][gc,init] Heap Initial Capacity: 1G
[2024-11-08T08:50:12.268+0100][gc,init] Heap Max Capacity: 1G
[2024-11-08T08:50:12.268+0100][gc,init] Pre-touch: Disabled
[2024-11-08T08:50:12.268+0100][gc,init] Parallel Workers: 13
[2024-11-08T08:50:12.268+0100][gc,init] Concurrent Workers: 3
[2024-11-08T08:50:12.268+0100][gc,init] Concurrent Refinement Workers: 13
[2024-11-08T08:50:12.268+0100][gc,init] Periodic GC: Disabled
[2024-11-08T08:50:12.272+0100][gc,metaspace] CDS archive(s) mapped at: [0x000071bedf000000-0x000071bedfcae000-0x000071bedfcae000), size 13295616, SharedBaseAddress: 0x000071bedf000000, ArchiveRelocationMode: 1.
[2024-11-08T08:50:12.272+0100][gc,metaspace] Compressed class space mapped at: 0x000071bee0000000-0x000071bf20000000, reserved size: 1073741824
[2024-11-08T08:50:12.272+0100][gc,metaspace] Narrow klass base: 0x000071bedf000000, Narrow klass shift: 0, Narrow klass range: 0x100000000
[2024-11-08T08:50:12.851+0100][gc,start    ] GC(0) Pause Young (Normal) (G1 Evacuation Pause)
[2024-11-08T08:50:12.853+0100][gc,task     ] GC(0) Using 13 workers of 13 for evacuation
[2024-11-08T08:50:12.855+0100][gc,phases   ] GC(0)   Pre Evacuate Collection Set: 0,1ms
[2024-11-08T08:50:12.855+0100][gc,phases   ] GC(0)   Merge Heap Roots: 0,1ms
[2024-11-08T08:50:12.855+0100][gc,phases   ] GC(0)   Evacuate Collection Set: 1,8ms
[2024-11-08T08:50:12.855+0100][gc,phases   ] GC(0)   Post Evacuate Collection Set: 0,3ms
[2024-11-08T08:50:12.855+0100][gc,phases   ] GC(0)   Other: 1,6ms
[2024-11-08T08:50:12.855+0100][gc,heap     ] GC(0) Eden regions: 51->0(44)
[2024-11-08T08:50:12.855+0100][gc,heap     ] GC(0) Survivor regions: 0->7(7)
[2024-11-08T08:50:12.855+0100][gc,heap     ] GC(0) Old regions: 2->3
[2024-11-08T08:50:12.855+0100][gc,heap     ] GC(0) Humongous regions: 0->0
[2024-11-08T08:50:12.855+0100][gc,metaspace] GC(0) Metaspace: 18541K(18688K)->18541K(18688K) NonClass: 16237K(16320K)->16237K(16320K) Class: 2304K(2368K)->2304K(2368K)
[2024-11-08T08:50:12.855+0100][gc          ] GC(0) Pause Young (Normal) (G1 Evacuation Pause) 52M->8M(1024M) 4,070ms
[2024-11-08T08:50:12.855+0100][gc,cpu      ] GC(0) User=0,02s Sys=0,01s Real=0,00s
[2024-11-08T08:50:12.951+0100][gc,start    ] GC(1) Pause Young (Concurrent Start) (Metadata GC Threshold)
[2024-11-08T08:50:12.951+0100][gc,task     ] GC(1) Using 13 workers of 13 for evacuation
[2024-11-08T08:50:12.953+0100][gc,phases   ] GC(1)   Pre Evacuate Collection Set: 0,2ms
[2024-11-08T08:50:12.953+0100][gc,phases   ] GC(1)   Merge Heap Roots: 0,0ms
[2024-11-08T08:50:12.953+0100][gc,phases   ] GC(1)   Evacuate Collection Set: 1,7ms
[2024-11-08T08:50:12.953+0100][gc,phases   ] GC(1)   Post Evacuate Collection Set: 0,2ms
[2024-11-08T08:50:12.953+0100][gc,phases   ] GC(1)   Other: 0,1ms
[2024-11-08T08:50:12.953+0100][gc,heap     ] GC(1) Eden regions: 11->0(49)
[2024-11-08T08:50:12.953+0100][gc,heap     ] GC(1) Survivor regions: 7->2(7)
[2024-11-08T08:50:12.953+0100][gc,heap     ] GC(1) Old regions: 3->11
[2024-11-08T08:50:12.953+0100][gc,heap     ] GC(1) Humongous regions: 0->0
[2024-11-08T08:50:12.953+0100][gc,metaspace] GC(1) Metaspace: 21271K(21504K)->21271K(21504K) NonClass: 18548K(18688K)->18548K(18688K) Class: 2723K(2816K)->2723K(2816K)
[2024-11-08T08:50:12.953+0100][gc          ] GC(1) Pause Young (Concurrent Start) (Metadata GC Threshold) 19M->10M(1024M) 2,285ms
[2024-11-08T08:50:12.953+0100][gc,cpu      ] GC(1) User=0,01s Sys=0,01s Real=0,00s
[2024-11-08T08:50:12.953+0100][gc          ] GC(2) Concurrent Mark Cycle
[2024-11-08T08:50:12.954+0100][gc,marking  ] GC(2) Concurrent Scan Root Regions
[2024-11-08T08:50:12.954+0100][gc,marking  ] GC(2) Concurrent Scan Root Regions 0,794ms
[2024-11-08T08:50:12.954+0100][gc,marking  ] GC(2) Concurrent Mark
[2024-11-08T08:50:12.954+0100][gc,marking  ] GC(2) Concurrent Mark From Roots
[2024-11-08T08:50:12.954+0100][gc,task     ] GC(2) Using 3 workers of 3 for marking
[2024-11-08T08:50:12.955+0100][gc,marking  ] GC(2) Concurrent Mark From Roots 0,782ms
[2024-11-08T08:50:12.955+0100][gc,marking  ] GC(2) Concurrent Preclean
[2024-11-08T08:50:12.955+0100][gc,marking  ] GC(2) Concurrent Preclean 0,003ms
[2024-11-08T08:50:12.955+0100][gc,start    ] GC(2) Pause Remark
[2024-11-08T08:50:12.956+0100][gc          ] GC(2) Pause Remark 10M->10M(1024M) 0,868ms
[2024-11-08T08:50:12.956+0100][gc,cpu      ] GC(2) User=0,01s Sys=0,00s Real=0,00s
[2024-11-08T08:50:12.956+0100][gc,marking  ] GC(2) Concurrent Mark 1,760ms
[2024-11-08T08:50:12.956+0100][gc,marking  ] GC(2) Concurrent Rebuild Remembered Sets and Scrub Regions
[2024-11-08T08:50:12.957+0100][gc,marking  ] GC(2) Concurrent Rebuild Remembered Sets and Scrub Regions 0,657ms
[2024-11-08T08:50:12.957+0100][gc,start    ] GC(2) Pause Cleanup
[2024-11-08T08:50:12.957+0100][gc          ] GC(2) Pause Cleanup 10M->10M(1024M) 0,054ms
[2024-11-08T08:50:12.957+0100][gc,cpu      ] GC(2) User=0,00s Sys=0,00s Real=0,00s
[2024-11-08T08:50:12.957+0100][gc,marking  ] GC(2) Concurrent Clear Claimed Marks
[2024-11-08T08:50:12.957+0100][gc,marking  ] GC(2) Concurrent Clear Claimed Marks 0,006ms
[2024-11-08T08:50:12.957+0100][gc,marking  ] GC(2) Concurrent Cleanup for Next Mark
[2024-11-08T08:50:12.959+0100][gc,marking  ] GC(2) Concurrent Cleanup for Next Mark 1,906ms
[2024-11-08T08:50:12.959+0100][gc          ] GC(2) Concurrent Mark Cycle 5,353ms
[2024-11-08T08:50:13.448+0100][gc,start    ] GC(3) Pause Young (Prepare Mixed) (G1 Evacuation Pause)
[2024-11-08T08:50:13.448+0100][gc,task     ] GC(3) Using 13 workers of 13 for evacuation
[2024-11-08T08:50:13.451+0100][gc,phases   ] GC(3)   Pre Evacuate Collection Set: 0,2ms
[2024-11-08T08:50:13.451+0100][gc,phases   ] GC(3)   Merge Heap Roots: 0,1ms
[2024-11-08T08:50:13.451+0100][gc,phases   ] GC(3)   Evacuate Collection Set: 1,6ms
[2024-11-08T08:50:13.451+0100][gc,phases   ] GC(3)   Post Evacuate Collection Set: 0,3ms
[2024-11-08T08:50:13.451+0100][gc,phases   ] GC(3)   Other: 0,1ms
[2024-11-08T08:50:13.451+0100][gc,heap     ] GC(3) Eden regions: 49->0(45)
[2024-11-08T08:50:13.451+0100][gc,heap     ] GC(3) Survivor regions: 2->6(7)
[2024-11-08T08:50:13.451+0100][gc,heap     ] GC(3) Old regions: 11->11
[2024-11-08T08:50:13.451+0100][gc,heap     ] GC(3) Humongous regions: 129->129
[2024-11-08T08:50:13.451+0100][gc,metaspace] GC(3) Metaspace: 31195K(31488K)->31195K(31488K) NonClass: 27430K(27584K)->27430K(27584K) Class: 3764K(3904K)->3764K(3904K)
[2024-11-08T08:50:13.451+0100][gc          ] GC(3) Pause Young (Prepare Mixed) (G1 Evacuation Pause) 188M->143M(1024M) 2,405ms
[2024-11-08T08:50:13.451+0100][gc,cpu      ] GC(3) User=0,02s Sys=0,00s Real=0,01s
[2024-11-08T08:50:13.740+0100][gc,heap,exit] Heap
[2024-11-08T08:50:13.740+0100][gc,heap,exit]  garbage-first heap   total 1048576K, used 164931K [0x00000000c0000000, 0x0000000100000000)
[2024-11-08T08:50:13.740+0100][gc,heap,exit]   region size 1024K, 24 young (24576K), 6 survivors (6144K)
[2024-11-08T08:50:13.740+0100][gc,heap,exit]  Metaspace       used 34324K, committed 34624K, reserved 1114112K
[2024-11-08T08:50:13.740+0100][gc,heap,exit]   class space    used 4171K, committed 4288K, reserved 1048576K
