[2024-11-10T20:02:49.147+0100][gc,init] CardTable entry size: 512
[2024-11-10T20:02:49.147+0100][gc     ] Using G1
[2024-11-10T20:02:49.154+0100][gc,init] Version: 21.0.4+7-Ubuntu-1ubuntu224.04 (release)
[2024-11-10T20:02:49.154+0100][gc,init] CPUs: 16 total, 16 available
[2024-11-10T20:02:49.154+0100][gc,init] Memory: 15262M
[2024-11-10T20:02:49.154+0100][gc,init] Large Page Support: Disabled
[2024-11-10T20:02:49.154+0100][gc,init] NUMA Support: Disabled
[2024-11-10T20:02:49.154+0100][gc,init] Compressed Oops: Enabled (32-bit)
[2024-11-10T20:02:49.154+0100][gc,init] Heap Region Size: 1M
[2024-11-10T20:02:49.154+0100][gc,init] Heap Min Capacity: 1G
[2024-11-10T20:02:49.154+0100][gc,init] Heap Initial Capacity: 1G
[2024-11-10T20:02:49.154+0100][gc,init] Heap Max Capacity: 1G
[2024-11-10T20:02:49.154+0100][gc,init] Pre-touch: Disabled
[2024-11-10T20:02:49.154+0100][gc,init] Parallel Workers: 13
[2024-11-10T20:02:49.154+0100][gc,init] Concurrent Workers: 3
[2024-11-10T20:02:49.154+0100][gc,init] Concurrent Refinement Workers: 13
[2024-11-10T20:02:49.154+0100][gc,init] Periodic GC: Disabled
[2024-11-10T20:02:49.159+0100][gc,metaspace] CDS archive(s) mapped at: [0x0000740e5b000000-0x0000740e5bcae000-0x0000740e5bcae000), size 13295616, SharedBaseAddress: 0x0000740e5b000000, ArchiveRelocationMode: 1.
[2024-11-10T20:02:49.159+0100][gc,metaspace] Compressed class space mapped at: 0x0000740e5c000000-0x0000740e9c000000, reserved size: 1073741824
[2024-11-10T20:02:49.159+0100][gc,metaspace] Narrow klass base: 0x0000740e5b000000, Narrow klass shift: 0, Narrow klass range: 0x100000000
[2024-11-10T20:02:49.681+0100][gc,start    ] GC(0) Pause Young (Normal) (G1 Evacuation Pause)
[2024-11-10T20:02:49.683+0100][gc,task     ] GC(0) Using 13 workers of 13 for evacuation
[2024-11-10T20:02:49.685+0100][gc,phases   ] GC(0)   Pre Evacuate Collection Set: 0,1ms
[2024-11-10T20:02:49.685+0100][gc,phases   ] GC(0)   Merge Heap Roots: 0,1ms
[2024-11-10T20:02:49.685+0100][gc,phases   ] GC(0)   Evacuate Collection Set: 1,6ms
[2024-11-10T20:02:49.685+0100][gc,phases   ] GC(0)   Post Evacuate Collection Set: 0,4ms
[2024-11-10T20:02:49.685+0100][gc,phases   ] GC(0)   Other: 1,7ms
[2024-11-10T20:02:49.685+0100][gc,heap     ] GC(0) Eden regions: 51->0(44)
[2024-11-10T20:02:49.685+0100][gc,heap     ] GC(0) Survivor regions: 0->7(7)
[2024-11-10T20:02:49.685+0100][gc,heap     ] GC(0) Old regions: 2->3
[2024-11-10T20:02:49.685+0100][gc,heap     ] GC(0) Humongous regions: 0->0
[2024-11-10T20:02:49.685+0100][gc,metaspace] GC(0) Metaspace: 18274K(18496K)->18274K(18496K) NonClass: 15999K(16128K)->15999K(16128K) Class: 2275K(2368K)->2275K(2368K)
[2024-11-10T20:02:49.685+0100][gc          ] GC(0) Pause Young (Normal) (G1 Evacuation Pause) 52M->8M(1024M) 4,072ms
[2024-11-10T20:02:49.685+0100][gc,cpu      ] GC(0) User=0,02s Sys=0,01s Real=0,01s
[2024-11-10T20:02:49.776+0100][gc,start    ] GC(1) Pause Young (Concurrent Start) (Metadata GC Threshold)
[2024-11-10T20:02:49.776+0100][gc,task     ] GC(1) Using 13 workers of 13 for evacuation
[2024-11-10T20:02:49.778+0100][gc,phases   ] GC(1)   Pre Evacuate Collection Set: 0,1ms
[2024-11-10T20:02:49.778+0100][gc,phases   ] GC(1)   Merge Heap Roots: 0,0ms
[2024-11-10T20:02:49.778+0100][gc,phases   ] GC(1)   Evacuate Collection Set: 1,3ms
[2024-11-10T20:02:49.778+0100][gc,phases   ] GC(1)   Post Evacuate Collection Set: 0,2ms
[2024-11-10T20:02:49.778+0100][gc,phases   ] GC(1)   Other: 0,1ms
[2024-11-10T20:02:49.778+0100][gc,heap     ] GC(1) Eden regions: 12->0(49)
[2024-11-10T20:02:49.778+0100][gc,heap     ] GC(1) Survivor regions: 7->2(7)
[2024-11-10T20:02:49.778+0100][gc,heap     ] GC(1) Old regions: 3->11
[2024-11-10T20:02:49.778+0100][gc,heap     ] GC(1) Humongous regions: 0->0
[2024-11-10T20:02:49.778+0100][gc,metaspace] GC(1) Metaspace: 21269K(21504K)->21269K(21504K) NonClass: 18545K(18688K)->18545K(18688K) Class: 2723K(2816K)->2723K(2816K)
[2024-11-10T20:02:49.778+0100][gc          ] GC(1) Pause Young (Concurrent Start) (Metadata GC Threshold) 20M->10M(1024M) 1,858ms
[2024-11-10T20:02:49.778+0100][gc          ] GC(2) Concurrent Mark Cycle
[2024-11-10T20:02:49.778+0100][gc,marking  ] GC(2) Concurrent Scan Root Regions
[2024-11-10T20:02:49.778+0100][gc,cpu      ] GC(1) User=0,01s Sys=0,00s Real=0,00s
[2024-11-10T20:02:49.779+0100][gc,marking  ] GC(2) Concurrent Scan Root Regions 0,923ms
[2024-11-10T20:02:49.779+0100][gc,marking  ] GC(2) Concurrent Mark
[2024-11-10T20:02:49.779+0100][gc,marking  ] GC(2) Concurrent Mark From Roots
[2024-11-10T20:02:49.779+0100][gc,task     ] GC(2) Using 3 workers of 3 for marking
[2024-11-10T20:02:49.779+0100][gc,marking  ] GC(2) Concurrent Mark From Roots 0,795ms
[2024-11-10T20:02:49.779+0100][gc,marking  ] GC(2) Concurrent Preclean
[2024-11-10T20:02:49.779+0100][gc,marking  ] GC(2) Concurrent Preclean 0,004ms
[2024-11-10T20:02:49.780+0100][gc,start    ] GC(2) Pause Remark
[2024-11-10T20:02:49.781+0100][gc          ] GC(2) Pause Remark 11M->11M(1024M) 0,978ms
[2024-11-10T20:02:49.781+0100][gc,cpu      ] GC(2) User=0,01s Sys=0,00s Real=0,00s
[2024-11-10T20:02:49.781+0100][gc,marking  ] GC(2) Concurrent Mark 1,895ms
[2024-11-10T20:02:49.781+0100][gc,marking  ] GC(2) Concurrent Rebuild Remembered Sets and Scrub Regions
[2024-11-10T20:02:49.781+0100][gc,marking  ] GC(2) Concurrent Rebuild Remembered Sets and Scrub Regions 0,672ms
[2024-11-10T20:02:49.781+0100][gc,start    ] GC(2) Pause Cleanup
[2024-11-10T20:02:49.781+0100][gc          ] GC(2) Pause Cleanup 11M->11M(1024M) 0,047ms
[2024-11-10T20:02:49.781+0100][gc,cpu      ] GC(2) User=0,00s Sys=0,00s Real=0,00s
[2024-11-10T20:02:49.781+0100][gc,marking  ] GC(2) Concurrent Clear Claimed Marks
[2024-11-10T20:02:49.781+0100][gc,marking  ] GC(2) Concurrent Clear Claimed Marks 0,005ms
[2024-11-10T20:02:49.781+0100][gc,marking  ] GC(2) Concurrent Cleanup for Next Mark
[2024-11-10T20:02:49.783+0100][gc,marking  ] GC(2) Concurrent Cleanup for Next Mark 1,933ms
[2024-11-10T20:02:49.783+0100][gc          ] GC(2) Concurrent Mark Cycle 5,627ms
[2024-11-10T20:02:50.171+0100][gc,start    ] GC(3) Pause Young (Prepare Mixed) (G1 Evacuation Pause)
[2024-11-10T20:02:50.171+0100][gc,task     ] GC(3) Using 13 workers of 13 for evacuation
[2024-11-10T20:02:50.173+0100][gc,phases   ] GC(3)   Pre Evacuate Collection Set: 0,2ms
[2024-11-10T20:02:50.173+0100][gc,phases   ] GC(3)   Merge Heap Roots: 0,0ms
[2024-11-10T20:02:50.173+0100][gc,phases   ] GC(3)   Evacuate Collection Set: 1,8ms
[2024-11-10T20:02:50.173+0100][gc,phases   ] GC(3)   Post Evacuate Collection Set: 0,3ms
[2024-11-10T20:02:50.173+0100][gc,phases   ] GC(3)   Other: 0,1ms
[2024-11-10T20:02:50.173+0100][gc,heap     ] GC(3) Eden regions: 49->0(45)
[2024-11-10T20:02:50.173+0100][gc,heap     ] GC(3) Survivor regions: 2->6(7)
[2024-11-10T20:02:50.173+0100][gc,heap     ] GC(3) Old regions: 11->11
[2024-11-10T20:02:50.173+0100][gc,heap     ] GC(3) Humongous regions: 129->129
[2024-11-10T20:02:50.173+0100][gc,metaspace] GC(3) Metaspace: 31191K(31488K)->31191K(31488K) NonClass: 27430K(27584K)->27430K(27584K) Class: 3761K(3904K)->3761K(3904K)
[2024-11-10T20:02:50.173+0100][gc          ] GC(3) Pause Young (Prepare Mixed) (G1 Evacuation Pause) 188M->143M(1024M) 2,476ms
[2024-11-10T20:02:50.173+0100][gc,cpu      ] GC(3) User=0,03s Sys=0,00s Real=0,00s
[2024-11-10T20:02:50.298+0100][gc,start    ] GC(4) Pause Young (Mixed) (Metadata GC Threshold)
[2024-11-10T20:02:50.298+0100][gc,task     ] GC(4) Using 13 workers of 13 for evacuation
[2024-11-10T20:02:50.299+0100][gc,phases   ] GC(4)   Pre Evacuate Collection Set: 0,1ms
[2024-11-10T20:02:50.299+0100][gc,phases   ] GC(4)   Merge Heap Roots: 0,0ms
[2024-11-10T20:02:50.299+0100][gc,phases   ] GC(4)   Evacuate Collection Set: 1,4ms
[2024-11-10T20:02:50.299+0100][gc,phases   ] GC(4)   Post Evacuate Collection Set: 0,2ms
[2024-11-10T20:02:50.299+0100][gc,phases   ] GC(4)   Other: 0,0ms
[2024-11-10T20:02:50.299+0100][gc,heap     ] GC(4) Eden regions: 19->0(48)
[2024-11-10T20:02:50.299+0100][gc,heap     ] GC(4) Survivor regions: 6->3(7)
[2024-11-10T20:02:50.299+0100][gc,heap     ] GC(4) Old regions: 11->15
[2024-11-10T20:02:50.299+0100][gc,heap     ] GC(4) Humongous regions: 129->129
[2024-11-10T20:02:50.299+0100][gc,metaspace] GC(4) Metaspace: 35769K(36096K)->35769K(36096K) NonClass: 31563K(31744K)->31563K(31744K) Class: 4205K(4352K)->4205K(4352K)
[2024-11-10T20:02:50.299+0100][gc          ] GC(4) Pause Young (Mixed) (Metadata GC Threshold) 161M->145M(1024M) 1,806ms
[2024-11-10T20:02:50.299+0100][gc,cpu      ] GC(4) User=0,02s Sys=0,00s Real=0,00s
[2024-11-10T20:02:50.307+0100][gc,start    ] GC(5) Pause Young (Concurrent Start) (Metadata GC Threshold)
[2024-11-10T20:02:50.307+0100][gc,task     ] GC(5) Using 13 workers of 13 for evacuation
[2024-11-10T20:02:50.308+0100][gc,phases   ] GC(5)   Pre Evacuate Collection Set: 0,1ms
[2024-11-10T20:02:50.308+0100][gc,phases   ] GC(5)   Merge Heap Roots: 0,0ms
[2024-11-10T20:02:50.308+0100][gc,phases   ] GC(5)   Evacuate Collection Set: 0,5ms
[2024-11-10T20:02:50.308+0100][gc,phases   ] GC(5)   Post Evacuate Collection Set: 0,1ms
[2024-11-10T20:02:50.308+0100][gc,phases   ] GC(5)   Other: 0,0ms
[2024-11-10T20:02:50.308+0100][gc,heap     ] GC(5) Eden regions: 3->0(48)
[2024-11-10T20:02:50.308+0100][gc,heap     ] GC(5) Survivor regions: 3->3(7)
[2024-11-10T20:02:50.308+0100][gc,heap     ] GC(5) Old regions: 15->15
[2024-11-10T20:02:50.308+0100][gc,heap     ] GC(5) Humongous regions: 129->129
[2024-11-10T20:02:50.308+0100][gc,metaspace] GC(5) Metaspace: 36125K(36416K)->36125K(36416K) NonClass: 31912K(32064K)->31912K(32064K) Class: 4212K(4352K)->4212K(4352K)
[2024-11-10T20:02:50.308+0100][gc          ] GC(5) Pause Young (Concurrent Start) (Metadata GC Threshold) 148M->145M(1024M) 0,893ms
[2024-11-10T20:02:50.308+0100][gc          ] GC(6) Concurrent Mark Cycle
[2024-11-10T20:02:50.308+0100][gc,marking  ] GC(6) Concurrent Scan Root Regions
[2024-11-10T20:02:50.308+0100][gc,cpu      ] GC(5) User=0,01s Sys=0,00s Real=0,00s
[2024-11-10T20:02:50.309+0100][gc,marking  ] GC(6) Concurrent Scan Root Regions 0,608ms
[2024-11-10T20:02:50.309+0100][gc,marking  ] GC(6) Concurrent Mark
[2024-11-10T20:02:50.309+0100][gc,marking  ] GC(6) Concurrent Mark From Roots
[2024-11-10T20:02:50.309+0100][gc,task     ] GC(6) Using 3 workers of 3 for marking
[2024-11-10T20:02:50.314+0100][gc,marking  ] GC(6) Concurrent Mark From Roots 4,668ms
[2024-11-10T20:02:50.314+0100][gc,marking  ] GC(6) Concurrent Preclean
[2024-11-10T20:02:50.314+0100][gc,marking  ] GC(6) Concurrent Preclean 0,067ms
[2024-11-10T20:02:50.314+0100][gc,start    ] GC(6) Pause Remark
[2024-11-10T20:02:50.315+0100][gc          ] GC(6) Pause Remark 146M->146M(1024M) 1,024ms
[2024-11-10T20:02:50.315+0100][gc,cpu      ] GC(6) User=0,01s Sys=0,00s Real=0,01s
[2024-11-10T20:02:50.315+0100][gc,marking  ] GC(6) Concurrent Mark 5,894ms
[2024-11-10T20:02:50.315+0100][gc,marking  ] GC(6) Concurrent Rebuild Remembered Sets and Scrub Regions
[2024-11-10T20:02:50.316+0100][gc,marking  ] GC(6) Concurrent Rebuild Remembered Sets and Scrub Regions 1,496ms
[2024-11-10T20:02:50.317+0100][gc,start    ] GC(6) Pause Cleanup
[2024-11-10T20:02:50.317+0100][gc          ] GC(6) Pause Cleanup 147M->147M(1024M) 0,088ms
[2024-11-10T20:02:50.317+0100][gc,cpu      ] GC(6) User=0,00s Sys=0,00s Real=0,00s
[2024-11-10T20:02:50.317+0100][gc,marking  ] GC(6) Concurrent Clear Claimed Marks
[2024-11-10T20:02:50.317+0100][gc,marking  ] GC(6) Concurrent Clear Claimed Marks 0,023ms
[2024-11-10T20:02:50.317+0100][gc,marking  ] GC(6) Concurrent Cleanup for Next Mark
[2024-11-10T20:02:50.317+0100][gc,marking  ] GC(6) Concurrent Cleanup for Next Mark 0,611ms
[2024-11-10T20:02:50.317+0100][gc          ] GC(6) Concurrent Mark Cycle 8,929ms
[2024-11-10T20:02:50.678+0100][gc,start    ] GC(7) Pause Young (Prepare Mixed) (G1 Evacuation Pause)
[2024-11-10T20:02:50.678+0100][gc,task     ] GC(7) Using 13 workers of 13 for evacuation
[2024-11-10T20:02:50.680+0100][gc,phases   ] GC(7)   Pre Evacuate Collection Set: 0,2ms
[2024-11-10T20:02:50.680+0100][gc,phases   ] GC(7)   Merge Heap Roots: 0,1ms
[2024-11-10T20:02:50.680+0100][gc,phases   ] GC(7)   Evacuate Collection Set: 1,4ms
[2024-11-10T20:02:50.680+0100][gc,phases   ] GC(7)   Post Evacuate Collection Set: 0,3ms
[2024-11-10T20:02:50.680+0100][gc,phases   ] GC(7)   Other: 0,0ms
[2024-11-10T20:02:50.680+0100][gc,heap     ] GC(7) Eden regions: 48->0(47)
[2024-11-10T20:02:50.680+0100][gc,heap     ] GC(7) Survivor regions: 3->4(7)
[2024-11-10T20:02:50.680+0100][gc,heap     ] GC(7) Old regions: 15->15
[2024-11-10T20:02:50.680+0100][gc,heap     ] GC(7) Humongous regions: 189->135
[2024-11-10T20:02:50.680+0100][gc,metaspace] GC(7) Metaspace: 40821K(41344K)->40821K(41344K) NonClass: 35920K(36224K)->35920K(36224K) Class: 4900K(5120K)->4900K(5120K)
[2024-11-10T20:02:50.680+0100][gc          ] GC(7) Pause Young (Prepare Mixed) (G1 Evacuation Pause) 253M->153M(1024M) 2,069ms
[2024-11-10T20:02:50.680+0100][gc,cpu      ] GC(7) User=0,02s Sys=0,00s Real=0,00s
[2024-11-10T20:05:05.262+0100][gc,start    ] GC(8) Pause Young (Mixed) (G1 Evacuation Pause)
[2024-11-10T20:05:05.262+0100][gc,task     ] GC(8) Using 13 workers of 13 for evacuation
[2024-11-10T20:05:05.264+0100][gc,phases   ] GC(8)   Pre Evacuate Collection Set: 0,1ms
[2024-11-10T20:05:05.264+0100][gc,phases   ] GC(8)   Merge Heap Roots: 0,0ms
[2024-11-10T20:05:05.264+0100][gc,phases   ] GC(8)   Evacuate Collection Set: 1,5ms
[2024-11-10T20:05:05.264+0100][gc,phases   ] GC(8)   Post Evacuate Collection Set: 0,3ms
[2024-11-10T20:05:05.264+0100][gc,phases   ] GC(8)   Other: 0,0ms
[2024-11-10T20:05:05.264+0100][gc,heap     ] GC(8) Eden regions: 47->0(46)
[2024-11-10T20:05:05.264+0100][gc,heap     ] GC(8) Survivor regions: 4->5(7)
[2024-11-10T20:05:05.264+0100][gc,heap     ] GC(8) Old regions: 15->17
[2024-11-10T20:05:05.264+0100][gc,heap     ] GC(8) Humongous regions: 195->129
[2024-11-10T20:05:05.264+0100][gc,metaspace] GC(8) Metaspace: 44747K(45504K)->44747K(45504K) NonClass: 39093K(39552K)->39093K(39552K) Class: 5653K(5952K)->5653K(5952K)
[2024-11-10T20:05:05.264+0100][gc          ] GC(8) Pause Young (Mixed) (G1 Evacuation Pause) 260M->149M(1024M) 2,181ms
[2024-11-10T20:05:05.264+0100][gc,cpu      ] GC(8) User=0,02s Sys=0,00s Real=0,00s
[2024-11-10T20:10:35.566+0100][gc,start    ] GC(9) Pause Young (Normal) (G1 Evacuation Pause)
[2024-11-10T20:10:35.566+0100][gc,task     ] GC(9) Using 13 workers of 13 for evacuation
[2024-11-10T20:10:35.568+0100][gc,phases   ] GC(9)   Pre Evacuate Collection Set: 0,4ms
[2024-11-10T20:10:35.568+0100][gc,phases   ] GC(9)   Merge Heap Roots: 0,1ms
[2024-11-10T20:10:35.568+0100][gc,phases   ] GC(9)   Evacuate Collection Set: 1,5ms
[2024-11-10T20:10:35.568+0100][gc,phases   ] GC(9)   Post Evacuate Collection Set: 0,3ms
[2024-11-10T20:10:35.568+0100][gc,phases   ] GC(9)   Other: 0,1ms
[2024-11-10T20:10:35.568+0100][gc,heap     ] GC(9) Eden regions: 46->0(46)
[2024-11-10T20:10:35.568+0100][gc,heap     ] GC(9) Survivor regions: 5->5(7)
[2024-11-10T20:10:35.568+0100][gc,heap     ] GC(9) Old regions: 17->18
[2024-11-10T20:10:35.569+0100][gc,heap     ] GC(9) Humongous regions: 129->129
[2024-11-10T20:10:35.569+0100][gc,metaspace] GC(9) Metaspace: 46312K(47040K)->46312K(47040K) NonClass: 40575K(41024K)->40575K(41024K) Class: 5737K(6016K)->5737K(6016K)
[2024-11-10T20:10:35.569+0100][gc          ] GC(9) Pause Young (Normal) (G1 Evacuation Pause) 195M->151M(1024M) 2,495ms
[2024-11-10T20:10:35.569+0100][gc,cpu      ] GC(9) User=0,02s Sys=0,00s Real=0,00s
[2024-11-10T20:15:38.921+0100][gc,start    ] GC(10) Pause Young (Normal) (G1 Evacuation Pause)
[2024-11-10T20:15:38.921+0100][gc,task     ] GC(10) Using 13 workers of 13 for evacuation
[2024-11-10T20:15:38.922+0100][gc,phases   ] GC(10)   Pre Evacuate Collection Set: 0,1ms
[2024-11-10T20:15:38.922+0100][gc,phases   ] GC(10)   Merge Heap Roots: 0,1ms
[2024-11-10T20:15:38.922+0100][gc,phases   ] GC(10)   Evacuate Collection Set: 1,0ms
[2024-11-10T20:15:38.922+0100][gc,phases   ] GC(10)   Post Evacuate Collection Set: 0,2ms
[2024-11-10T20:15:38.922+0100][gc,phases   ] GC(10)   Other: 0,0ms
[2024-11-10T20:15:38.922+0100][gc,heap     ] GC(10) Eden regions: 46->0(48)
[2024-11-10T20:15:38.922+0100][gc,heap     ] GC(10) Survivor regions: 5->3(7)
[2024-11-10T20:15:38.922+0100][gc,heap     ] GC(10) Old regions: 18->20
[2024-11-10T20:15:38.922+0100][gc,heap     ] GC(10) Humongous regions: 129->129
[2024-11-10T20:15:38.922+0100][gc,metaspace] GC(10) Metaspace: 46904K(47616K)->46904K(47616K) NonClass: 41155K(41600K)->41155K(41600K) Class: 5748K(6016K)->5748K(6016K)
[2024-11-10T20:15:38.922+0100][gc          ] GC(10) Pause Young (Normal) (G1 Evacuation Pause) 197M->151M(1024M) 1,620ms
[2024-11-10T20:15:38.922+0100][gc,cpu      ] GC(10) User=0,01s Sys=0,00s Real=0,00s
[2024-11-10T20:18:00.565+0100][gc,start    ] GC(11) Pause Young (Normal) (G1 Evacuation Pause)
[2024-11-10T20:18:00.565+0100][gc,task     ] GC(11) Using 13 workers of 13 for evacuation
[2024-11-10T20:18:00.568+0100][gc,phases   ] GC(11)   Pre Evacuate Collection Set: 0,2ms
[2024-11-10T20:18:00.568+0100][gc,phases   ] GC(11)   Merge Heap Roots: 0,0ms
[2024-11-10T20:18:00.568+0100][gc,phases   ] GC(11)   Evacuate Collection Set: 2,6ms
[2024-11-10T20:18:00.568+0100][gc,phases   ] GC(11)   Post Evacuate Collection Set: 0,2ms
[2024-11-10T20:18:00.568+0100][gc,phases   ] GC(11)   Other: 0,1ms
[2024-11-10T20:18:00.568+0100][gc,heap     ] GC(11) Eden regions: 48->0(44)
[2024-11-10T20:18:00.568+0100][gc,heap     ] GC(11) Survivor regions: 3->7(7)
[2024-11-10T20:18:00.568+0100][gc,heap     ] GC(11) Old regions: 20->20
[2024-11-10T20:18:00.568+0100][gc,heap     ] GC(11) Humongous regions: 129->129
[2024-11-10T20:18:00.568+0100][gc,metaspace] GC(11) Metaspace: 47202K(47872K)->47202K(47872K) NonClass: 41447K(41856K)->41447K(41856K) Class: 5755K(6016K)->5755K(6016K)
[2024-11-10T20:18:00.568+0100][gc          ] GC(11) Pause Young (Normal) (G1 Evacuation Pause) 199M->155M(1024M) 3,266ms
[2024-11-10T20:18:00.568+0100][gc,cpu      ] GC(11) User=0,02s Sys=0,00s Real=0,00s
[2024-11-10T20:19:47.915+0100][gc,start    ] GC(12) Pause Young (Normal) (G1 Evacuation Pause)
[2024-11-10T20:19:47.916+0100][gc,task     ] GC(12) Using 13 workers of 13 for evacuation
[2024-11-10T20:19:47.920+0100][gc,phases   ] GC(12)   Pre Evacuate Collection Set: 0,2ms
[2024-11-10T20:19:47.920+0100][gc,phases   ] GC(12)   Merge Heap Roots: 0,1ms
[2024-11-10T20:19:47.920+0100][gc,phases   ] GC(12)   Evacuate Collection Set: 3,6ms
[2024-11-10T20:19:47.920+0100][gc,phases   ] GC(12)   Post Evacuate Collection Set: 0,2ms
[2024-11-10T20:19:47.920+0100][gc,phases   ] GC(12)   Other: 0,1ms
[2024-11-10T20:19:47.920+0100][gc,heap     ] GC(12) Eden regions: 44->0(67)
[2024-11-10T20:19:47.920+0100][gc,heap     ] GC(12) Survivor regions: 7->5(7)
[2024-11-10T20:19:47.920+0100][gc,heap     ] GC(12) Old regions: 20->26
[2024-11-10T20:19:47.920+0100][gc,heap     ] GC(12) Humongous regions: 129->129
[2024-11-10T20:19:47.920+0100][gc,metaspace] GC(12) Metaspace: 47393K(48128K)->47393K(48128K) NonClass: 41635K(42048K)->41635K(42048K) Class: 5758K(6080K)->5758K(6080K)
[2024-11-10T20:19:47.920+0100][gc          ] GC(12) Pause Young (Normal) (G1 Evacuation Pause) 199M->159M(1024M) 4,299ms
[2024-11-10T20:19:47.920+0100][gc,cpu      ] GC(12) User=0,03s Sys=0,00s Real=0,00s
[2024-11-10T20:25:02.049+0100][gc,start    ] GC(13) Pause Young (Normal) (G1 Evacuation Pause)
[2024-11-10T20:25:02.049+0100][gc,task     ] GC(13) Using 13 workers of 13 for evacuation
[2024-11-10T20:25:02.053+0100][gc,phases   ] GC(13)   Pre Evacuate Collection Set: 0,2ms
[2024-11-10T20:25:02.053+0100][gc,phases   ] GC(13)   Merge Heap Roots: 0,1ms
[2024-11-10T20:25:02.053+0100][gc,phases   ] GC(13)   Evacuate Collection Set: 3,3ms
[2024-11-10T20:25:02.053+0100][gc,phases   ] GC(13)   Post Evacuate Collection Set: 0,3ms
[2024-11-10T20:25:02.053+0100][gc,phases   ] GC(13)   Other: 0,1ms
[2024-11-10T20:25:02.053+0100][gc,heap     ] GC(13) Eden regions: 67->0(60)
[2024-11-10T20:25:02.053+0100][gc,heap     ] GC(13) Survivor regions: 5->9(9)
[2024-11-10T20:25:02.053+0100][gc,heap     ] GC(13) Old regions: 26->26
[2024-11-10T20:25:02.053+0100][gc,heap     ] GC(13) Humongous regions: 129->129
[2024-11-10T20:25:02.053+0100][gc,metaspace] GC(13) Metaspace: 47617K(48384K)->47617K(48384K) NonClass: 41849K(42304K)->41849K(42304K) Class: 5768K(6080K)->5768K(6080K)
[2024-11-10T20:25:02.053+0100][gc          ] GC(13) Pause Young (Normal) (G1 Evacuation Pause) 226M->162M(1024M) 4,073ms
[2024-11-10T20:25:02.053+0100][gc,cpu      ] GC(13) User=0,03s Sys=0,01s Real=0,00s
[2024-11-10T20:48:40.565+0100][gc,start    ] GC(14) Pause Young (Normal) (G1 Evacuation Pause)
[2024-11-10T20:48:40.565+0100][gc,task     ] GC(14) Using 13 workers of 13 for evacuation
[2024-11-10T20:48:40.568+0100][gc,phases   ] GC(14)   Pre Evacuate Collection Set: 0,3ms
[2024-11-10T20:48:40.568+0100][gc,phases   ] GC(14)   Merge Heap Roots: 0,1ms
[2024-11-10T20:48:40.568+0100][gc,phases   ] GC(14)   Evacuate Collection Set: 1,9ms
[2024-11-10T20:48:40.568+0100][gc,phases   ] GC(14)   Post Evacuate Collection Set: 0,3ms
[2024-11-10T20:48:40.568+0100][gc,phases   ] GC(14)   Other: 0,1ms
[2024-11-10T20:48:40.568+0100][gc,heap     ] GC(14) Eden regions: 51->0(118)
[2024-11-10T20:48:40.568+0100][gc,heap     ] GC(14) Survivor regions: 9->3(8)
[2024-11-10T20:48:40.568+0100][gc,heap     ] GC(14) Old regions: 26->34
[2024-11-10T20:48:40.568+0100][gc,heap     ] GC(14) Humongous regions: 129->129
[2024-11-10T20:48:40.568+0100][gc,metaspace] GC(14) Metaspace: 47699K(48448K)->47699K(48448K) NonClass: 41929K(42368K)->41929K(42368K) Class: 5769K(6080K)->5769K(6080K)
[2024-11-10T20:48:40.568+0100][gc          ] GC(14) Pause Young (Normal) (G1 Evacuation Pause) 213M->164M(1024M) 2,851ms
[2024-11-10T20:48:40.568+0100][gc,cpu      ] GC(14) User=0,03s Sys=0,00s Real=0,00s
[2024-11-10T21:11:24.851+0100][gc,start    ] GC(15) Pause Young (Normal) (G1 Evacuation Pause)
[2024-11-10T21:11:24.851+0100][gc,task     ] GC(15) Using 13 workers of 13 for evacuation
[2024-11-10T21:11:24.855+0100][gc,phases   ] GC(15)   Pre Evacuate Collection Set: 0,2ms
[2024-11-10T21:11:24.855+0100][gc,phases   ] GC(15)   Merge Heap Roots: 0,1ms
[2024-11-10T21:11:24.855+0100][gc,phases   ] GC(15)   Evacuate Collection Set: 3,5ms
[2024-11-10T21:11:24.855+0100][gc,phases   ] GC(15)   Post Evacuate Collection Set: 0,4ms
[2024-11-10T21:11:24.855+0100][gc,phases   ] GC(15)   Other: 0,1ms
[2024-11-10T21:11:24.855+0100][gc,heap     ] GC(15) Eden regions: 95->0(607)
[2024-11-10T21:11:24.855+0100][gc,heap     ] GC(15) Survivor regions: 3->7(13)
[2024-11-10T21:11:24.855+0100][gc,heap     ] GC(15) Old regions: 34->34
[2024-11-10T21:11:24.855+0100][gc,heap     ] GC(15) Humongous regions: 129->129
[2024-11-10T21:11:24.855+0100][gc,metaspace] GC(15) Metaspace: 47890K(48576K)->47890K(48576K) NonClass: 42113K(42496K)->42113K(42496K) Class: 5776K(6080K)->5776K(6080K)
[2024-11-10T21:11:24.855+0100][gc          ] GC(15) Pause Young (Normal) (G1 Evacuation Pause) 259M->168M(1024M) 4,492ms
[2024-11-10T21:11:24.855+0100][gc,cpu      ] GC(15) User=0,04s Sys=0,00s Real=0,01s
[2024-11-11T01:04:02.476+0100][gc,start    ] GC(16) Pause Young (Normal) (G1 Evacuation Pause)
[2024-11-11T01:04:02.476+0100][gc,task     ] GC(16) Using 13 workers of 13 for evacuation
[2024-11-11T01:04:02.480+0100][gc,phases   ] GC(16)   Pre Evacuate Collection Set: 0,2ms
[2024-11-11T01:04:02.480+0100][gc,phases   ] GC(16)   Merge Heap Roots: 0,1ms
[2024-11-11T01:04:02.480+0100][gc,phases   ] GC(16)   Evacuate Collection Set: 2,3ms
[2024-11-11T01:04:02.480+0100][gc,phases   ] GC(16)   Post Evacuate Collection Set: 0,3ms
[2024-11-11T01:04:02.480+0100][gc,phases   ] GC(16)   Other: 0,2ms
[2024-11-11T01:04:02.480+0100][gc,heap     ] GC(16) Eden regions: 548->0(606)
[2024-11-11T01:04:02.480+0100][gc,heap     ] GC(16) Survivor regions: 7->8(70)
[2024-11-11T01:04:02.480+0100][gc,heap     ] GC(16) Old regions: 34->34
[2024-11-11T01:04:02.480+0100][gc,heap     ] GC(16) Humongous regions: 129->129
[2024-11-11T01:04:02.480+0100][gc,metaspace] GC(16) Metaspace: 48449K(49152K)->48449K(49152K) NonClass: 42664K(43072K)->42664K(43072K) Class: 5785K(6080K)->5785K(6080K)
[2024-11-11T01:04:02.480+0100][gc          ] GC(16) Pause Young (Normal) (G1 Evacuation Pause) 716M->170M(1024M) 3,416ms
[2024-11-11T01:04:02.480+0100][gc,cpu      ] GC(16) User=0,03s Sys=0,00s Real=0,00s
[2024-11-11T02:25:31.887+0100][gc,start    ] GC(17) Pause Young (Normal) (G1 Evacuation Pause)
[2024-11-11T02:25:31.887+0100][gc,task     ] GC(17) Using 13 workers of 13 for evacuation
[2024-11-11T02:25:31.891+0100][gc,phases   ] GC(17)   Pre Evacuate Collection Set: 0,1ms
[2024-11-11T02:25:31.891+0100][gc,phases   ] GC(17)   Merge Heap Roots: 0,1ms
[2024-11-11T02:25:31.891+0100][gc,phases   ] GC(17)   Evacuate Collection Set: 2,6ms
[2024-11-11T02:25:31.891+0100][gc,phases   ] GC(17)   Post Evacuate Collection Set: 0,4ms
[2024-11-11T02:25:31.891+0100][gc,phases   ] GC(17)   Other: 0,1ms
[2024-11-11T02:25:31.891+0100][gc,heap     ] GC(17) Eden regions: 606->0(604)
[2024-11-11T02:25:31.891+0100][gc,heap     ] GC(17) Survivor regions: 8->10(77)
[2024-11-11T02:25:31.891+0100][gc,heap     ] GC(17) Old regions: 34->34
[2024-11-11T02:25:31.891+0100][gc,heap     ] GC(17) Humongous regions: 129->129
[2024-11-11T02:25:31.891+0100][gc,metaspace] GC(17) Metaspace: 49134K(49792K)->49134K(49792K) NonClass: 43347K(43712K)->43347K(43712K) Class: 5786K(6080K)->5786K(6080K)
[2024-11-11T02:25:31.891+0100][gc          ] GC(17) Pause Young (Normal) (G1 Evacuation Pause) 776M->171M(1024M) 3,558ms
[2024-11-11T02:25:31.891+0100][gc,cpu      ] GC(17) User=0,03s Sys=0,00s Real=0,00s
[2024-11-11T02:53:02.259+0100][gc,start    ] GC(18) Pause Young (Concurrent Start) (CodeCache GC Threshold)
[2024-11-11T02:53:02.259+0100][gc,task     ] GC(18) Using 13 workers of 13 for evacuation
[2024-11-11T02:53:02.263+0100][gc,phases   ] GC(18)   Pre Evacuate Collection Set: 0,2ms
[2024-11-11T02:53:02.263+0100][gc,phases   ] GC(18)   Merge Heap Roots: 0,1ms
[2024-11-11T02:53:02.263+0100][gc,phases   ] GC(18)   Evacuate Collection Set: 2,8ms
[2024-11-11T02:53:02.263+0100][gc,phases   ] GC(18)   Post Evacuate Collection Set: 0,3ms
[2024-11-11T02:53:02.263+0100][gc,phases   ] GC(18)   Other: 0,1ms
[2024-11-11T02:53:02.263+0100][gc,heap     ] GC(18) Eden regions: 213->0(604)
[2024-11-11T02:53:02.263+0100][gc,heap     ] GC(18) Survivor regions: 10->10(77)
[2024-11-11T02:53:02.263+0100][gc,heap     ] GC(18) Old regions: 34->34
[2024-11-11T02:53:02.263+0100][gc,heap     ] GC(18) Humongous regions: 129->129
[2024-11-11T02:53:02.263+0100][gc,metaspace] GC(18) Metaspace: 49431K(50112K)->49431K(50112K) NonClass: 43644K(44032K)->43644K(44032K) Class: 5786K(6080K)->5786K(6080K)
[2024-11-11T02:53:02.263+0100][gc          ] GC(18) Pause Young (Concurrent Start) (CodeCache GC Threshold) 384M->171M(1024M) 3,693ms
[2024-11-11T02:53:02.263+0100][gc          ] GC(19) Concurrent Mark Cycle
[2024-11-11T02:53:02.263+0100][gc,cpu      ] GC(18) User=0,04s Sys=0,00s Real=0,00s
[2024-11-11T02:53:02.263+0100][gc,marking  ] GC(19) Concurrent Scan Root Regions
[2024-11-11T02:53:02.265+0100][gc,marking  ] GC(19) Concurrent Scan Root Regions 1,994ms
[2024-11-11T02:53:02.265+0100][gc,marking  ] GC(19) Concurrent Mark
[2024-11-11T02:53:02.265+0100][gc,marking  ] GC(19) Concurrent Mark From Roots
[2024-11-11T02:53:02.265+0100][gc,task     ] GC(19) Using 3 workers of 3 for marking
[2024-11-11T02:53:02.271+0100][gc,marking  ] GC(19) Concurrent Mark From Roots 5,755ms
[2024-11-11T02:53:02.271+0100][gc,marking  ] GC(19) Concurrent Preclean
[2024-11-11T02:53:02.271+0100][gc,marking  ] GC(19) Concurrent Preclean 0,111ms
[2024-11-11T02:53:02.271+0100][gc,start    ] GC(19) Pause Remark
[2024-11-11T02:53:02.275+0100][gc          ] GC(19) Pause Remark 171M->171M(1024M) 4,424ms
[2024-11-11T02:53:02.275+0100][gc,cpu      ] GC(19) User=0,04s Sys=0,00s Real=0,01s
[2024-11-11T02:53:02.275+0100][gc,marking  ] GC(19) Concurrent Mark 10,420ms
[2024-11-11T02:53:02.275+0100][gc,marking  ] GC(19) Concurrent Rebuild Remembered Sets and Scrub Regions
[2024-11-11T02:53:02.280+0100][gc,marking  ] GC(19) Concurrent Rebuild Remembered Sets and Scrub Regions 4,229ms
[2024-11-11T02:53:02.280+0100][gc,start    ] GC(19) Pause Cleanup
[2024-11-11T02:53:02.280+0100][gc          ] GC(19) Pause Cleanup 171M->171M(1024M) 0,118ms
[2024-11-11T02:53:02.280+0100][gc,cpu      ] GC(19) User=0,00s Sys=0,00s Real=0,00s
[2024-11-11T02:53:02.280+0100][gc,marking  ] GC(19) Concurrent Clear Claimed Marks
[2024-11-11T02:53:02.280+0100][gc,marking  ] GC(19) Concurrent Clear Claimed Marks 0,058ms
[2024-11-11T02:53:02.280+0100][gc,marking  ] GC(19) Concurrent Cleanup for Next Mark
[2024-11-11T02:53:02.280+0100][gc,marking  ] GC(19) Concurrent Cleanup for Next Mark 0,525ms
[2024-11-11T02:53:02.280+0100][gc          ] GC(19) Concurrent Mark Cycle 17,520ms
[2024-11-11T03:54:43.792+0100][gc,heap,exit] Heap
[2024-11-11T03:54:43.792+0100][gc,heap,exit]  garbage-first heap   total 1048576K, used 572110K [0x00000000c0000000, 0x0000000100000000)
[2024-11-11T03:54:43.792+0100][gc,heap,exit]   region size 1024K, 397 young (406528K), 10 survivors (10240K)
[2024-11-11T03:54:43.792+0100][gc,heap,exit]  Metaspace       used 50618K, committed 51264K, reserved 1114112K
[2024-11-11T03:54:43.792+0100][gc,heap,exit]   class space    used 5949K, committed 6208K, reserved 1048576K
