[2024-11-04T16:16:12.923+0100][gc,init] CardTable entry size: 512
[2024-11-04T16:16:12.923+0100][gc     ] Using G1
[2024-11-04T16:16:12.929+0100][gc,init] Version: 21.0.4+7-Ubuntu-1ubuntu224.04 (release)
[2024-11-04T16:16:12.929+0100][gc,init] CPUs: 16 total, 16 available
[2024-11-04T16:16:12.929+0100][gc,init] Memory: 15262M
[2024-11-04T16:16:12.929+0100][gc,init] Large Page Support: Disabled
[2024-11-04T16:16:12.929+0100][gc,init] NUMA Support: Disabled
[2024-11-04T16:16:12.929+0100][gc,init] Compressed Oops: Enabled (32-bit)
[2024-11-04T16:16:12.929+0100][gc,init] Heap Region Size: 1M
[2024-11-04T16:16:12.929+0100][gc,init] Heap Min Capacity: 1G
[2024-11-04T16:16:12.929+0100][gc,init] Heap Initial Capacity: 1G
[2024-11-04T16:16:12.929+0100][gc,init] Heap Max Capacity: 1G
[2024-11-04T16:16:12.929+0100][gc,init] Pre-touch: Disabled
[2024-11-04T16:16:12.929+0100][gc,init] Parallel Workers: 13
[2024-11-04T16:16:12.929+0100][gc,init] Concurrent Workers: 3
[2024-11-04T16:16:12.929+0100][gc,init] Concurrent Refinement Workers: 13
[2024-11-04T16:16:12.929+0100][gc,init] Periodic GC: Disabled
[2024-11-04T16:16:12.933+0100][gc,metaspace] CDS archive(s) mapped at: [0x00007ad247000000-0x00007ad247cae000-0x00007ad247cae000), size 13295616, SharedBaseAddress: 0x00007ad247000000, ArchiveRelocationMode: 1.
[2024-11-04T16:16:12.933+0100][gc,metaspace] Compressed class space mapped at: 0x00007ad248000000-0x00007ad288000000, reserved size: 1073741824
[2024-11-04T16:16:12.933+0100][gc,metaspace] Narrow klass base: 0x00007ad247000000, Narrow klass shift: 0, Narrow klass range: 0x100000000
[2024-11-04T16:16:13.540+0100][gc,start    ] GC(0) Pause Young (Normal) (G1 Evacuation Pause)
[2024-11-04T16:16:13.541+0100][gc,task     ] GC(0) Using 13 workers of 13 for evacuation
[2024-11-04T16:16:13.543+0100][gc,phases   ] GC(0)   Pre Evacuate Collection Set: 0,1ms
[2024-11-04T16:16:13.543+0100][gc,phases   ] GC(0)   Merge Heap Roots: 0,1ms
[2024-11-04T16:16:13.543+0100][gc,phases   ] GC(0)   Evacuate Collection Set: 1,6ms
[2024-11-04T16:16:13.543+0100][gc,phases   ] GC(0)   Post Evacuate Collection Set: 0,3ms
[2024-11-04T16:16:13.543+0100][gc,phases   ] GC(0)   Other: 1,4ms
[2024-11-04T16:16:13.543+0100][gc,heap     ] GC(0) Eden regions: 51->0(44)
[2024-11-04T16:16:13.543+0100][gc,heap     ] GC(0) Survivor regions: 0->7(7)
[2024-11-04T16:16:13.543+0100][gc,heap     ] GC(0) Old regions: 2->4
[2024-11-04T16:16:13.543+0100][gc,heap     ] GC(0) Humongous regions: 0->0
[2024-11-04T16:16:13.543+0100][gc,metaspace] GC(0) Metaspace: 18300K(18496K)->18300K(18496K) NonClass: 16024K(16128K)->16024K(16128K) Class: 2276K(2368K)->2276K(2368K)
[2024-11-04T16:16:13.543+0100][gc          ] GC(0) Pause Young (Normal) (G1 Evacuation Pause) 52M->9M(1024M) 3,591ms
[2024-11-04T16:16:13.543+0100][gc,cpu      ] GC(0) User=0,02s Sys=0,01s Real=0,00s
[2024-11-04T16:16:13.649+0100][gc,start    ] GC(1) Pause Young (Concurrent Start) (Metadata GC Threshold)
[2024-11-04T16:16:13.649+0100][gc,task     ] GC(1) Using 13 workers of 13 for evacuation
[2024-11-04T16:16:13.651+0100][gc,phases   ] GC(1)   Pre Evacuate Collection Set: 0,2ms
[2024-11-04T16:16:13.651+0100][gc,phases   ] GC(1)   Merge Heap Roots: 0,0ms
[2024-11-04T16:16:13.651+0100][gc,phases   ] GC(1)   Evacuate Collection Set: 1,7ms
[2024-11-04T16:16:13.651+0100][gc,phases   ] GC(1)   Post Evacuate Collection Set: 0,2ms
[2024-11-04T16:16:13.651+0100][gc,phases   ] GC(1)   Other: 0,1ms
[2024-11-04T16:16:13.651+0100][gc,heap     ] GC(1) Eden regions: 12->0(49)
[2024-11-04T16:16:13.651+0100][gc,heap     ] GC(1) Survivor regions: 7->2(7)
[2024-11-04T16:16:13.651+0100][gc,heap     ] GC(1) Old regions: 4->11
[2024-11-04T16:16:13.651+0100][gc,heap     ] GC(1) Humongous regions: 0->0
[2024-11-04T16:16:13.651+0100][gc,metaspace] GC(1) Metaspace: 21268K(21504K)->21268K(21504K) NonClass: 18545K(18688K)->18545K(18688K) Class: 2723K(2816K)->2723K(2816K)
[2024-11-04T16:16:13.651+0100][gc          ] GC(1) Pause Young (Concurrent Start) (Metadata GC Threshold) 20M->10M(1024M) 2,278ms
[2024-11-04T16:16:13.651+0100][gc,cpu      ] GC(1) User=0,02s Sys=0,00s Real=0,00s
[2024-11-04T16:16:13.651+0100][gc          ] GC(2) Concurrent Mark Cycle
[2024-11-04T16:16:13.651+0100][gc,marking  ] GC(2) Concurrent Scan Root Regions
[2024-11-04T16:16:13.652+0100][gc,marking  ] GC(2) Concurrent Scan Root Regions 0,818ms
[2024-11-04T16:16:13.652+0100][gc,marking  ] GC(2) Concurrent Mark
[2024-11-04T16:16:13.652+0100][gc,marking  ] GC(2) Concurrent Mark From Roots
[2024-11-04T16:16:13.652+0100][gc,task     ] GC(2) Using 3 workers of 3 for marking
[2024-11-04T16:16:13.653+0100][gc,marking  ] GC(2) Concurrent Mark From Roots 0,842ms
[2024-11-04T16:16:13.653+0100][gc,marking  ] GC(2) Concurrent Preclean
[2024-11-04T16:16:13.653+0100][gc,marking  ] GC(2) Concurrent Preclean 0,004ms
[2024-11-04T16:16:13.653+0100][gc,start    ] GC(2) Pause Remark
[2024-11-04T16:16:13.654+0100][gc          ] GC(2) Pause Remark 11M->11M(1024M) 0,848ms
[2024-11-04T16:16:13.654+0100][gc,cpu      ] GC(2) User=0,01s Sys=0,00s Real=0,00s
[2024-11-04T16:16:13.654+0100][gc,marking  ] GC(2) Concurrent Mark 1,747ms
[2024-11-04T16:16:13.654+0100][gc,marking  ] GC(2) Concurrent Rebuild Remembered Sets and Scrub Regions
[2024-11-04T16:16:13.655+0100][gc,marking  ] GC(2) Concurrent Rebuild Remembered Sets and Scrub Regions 0,589ms
[2024-11-04T16:16:13.655+0100][gc,start    ] GC(2) Pause Cleanup
[2024-11-04T16:16:13.655+0100][gc          ] GC(2) Pause Cleanup 11M->11M(1024M) 0,050ms
[2024-11-04T16:16:13.655+0100][gc,cpu      ] GC(2) User=0,00s Sys=0,00s Real=0,00s
[2024-11-04T16:16:13.655+0100][gc,marking  ] GC(2) Concurrent Clear Claimed Marks
[2024-11-04T16:16:13.655+0100][gc,marking  ] GC(2) Concurrent Clear Claimed Marks 0,004ms
[2024-11-04T16:16:13.655+0100][gc,marking  ] GC(2) Concurrent Cleanup for Next Mark
[2024-11-04T16:16:13.657+0100][gc,marking  ] GC(2) Concurrent Cleanup for Next Mark 1,889ms
[2024-11-04T16:16:13.657+0100][gc          ] GC(2) Concurrent Mark Cycle 5,320ms
[2024-11-04T16:16:14.159+0100][gc,start    ] GC(3) Pause Young (Prepare Mixed) (G1 Evacuation Pause)
[2024-11-04T16:16:14.159+0100][gc,task     ] GC(3) Using 13 workers of 13 for evacuation
[2024-11-04T16:16:14.163+0100][gc,phases   ] GC(3)   Pre Evacuate Collection Set: 0,6ms
[2024-11-04T16:16:14.163+0100][gc,phases   ] GC(3)   Merge Heap Roots: 0,3ms
[2024-11-04T16:16:14.163+0100][gc,phases   ] GC(3)   Evacuate Collection Set: 2,5ms
[2024-11-04T16:16:14.163+0100][gc,phases   ] GC(3)   Post Evacuate Collection Set: 0,3ms
[2024-11-04T16:16:14.163+0100][gc,phases   ] GC(3)   Other: 0,2ms
[2024-11-04T16:16:14.163+0100][gc,heap     ] GC(3) Eden regions: 49->0(45)
[2024-11-04T16:16:14.163+0100][gc,heap     ] GC(3) Survivor regions: 2->6(7)
[2024-11-04T16:16:14.163+0100][gc,heap     ] GC(3) Old regions: 11->11
[2024-11-04T16:16:14.163+0100][gc,heap     ] GC(3) Humongous regions: 129->129
[2024-11-04T16:16:14.163+0100][gc,metaspace] GC(3) Metaspace: 30999K(31296K)->30999K(31296K) NonClass: 27273K(27456K)->27273K(27456K) Class: 3725K(3840K)->3725K(3840K)
[2024-11-04T16:16:14.163+0100][gc          ] GC(3) Pause Young (Prepare Mixed) (G1 Evacuation Pause) 188M->143M(1024M) 4,113ms
[2024-11-04T16:16:14.163+0100][gc,cpu      ] GC(3) User=0,02s Sys=0,01s Real=0,00s
[2024-11-04T16:16:14.303+0100][gc,start    ] GC(4) Pause Young (Mixed) (Metadata GC Threshold)
[2024-11-04T16:16:14.303+0100][gc,task     ] GC(4) Using 13 workers of 13 for evacuation
[2024-11-04T16:16:14.304+0100][gc,phases   ] GC(4)   Pre Evacuate Collection Set: 0,1ms
[2024-11-04T16:16:14.304+0100][gc,phases   ] GC(4)   Merge Heap Roots: 0,0ms
[2024-11-04T16:16:14.304+0100][gc,phases   ] GC(4)   Evacuate Collection Set: 1,4ms
[2024-11-04T16:16:14.304+0100][gc,phases   ] GC(4)   Post Evacuate Collection Set: 0,2ms
[2024-11-04T16:16:14.304+0100][gc,phases   ] GC(4)   Other: 0,0ms
[2024-11-04T16:16:14.304+0100][gc,heap     ] GC(4) Eden regions: 20->0(48)
[2024-11-04T16:16:14.304+0100][gc,heap     ] GC(4) Survivor regions: 6->3(7)
[2024-11-04T16:16:14.304+0100][gc,heap     ] GC(4) Old regions: 11->15
[2024-11-04T16:16:14.304+0100][gc,heap     ] GC(4) Humongous regions: 129->129
[2024-11-04T16:16:14.304+0100][gc,metaspace] GC(4) Metaspace: 35823K(36096K)->35823K(36096K) NonClass: 31614K(31744K)->31614K(31744K) Class: 4208K(4352K)->4208K(4352K)
[2024-11-04T16:16:14.304+0100][gc          ] GC(4) Pause Young (Mixed) (Metadata GC Threshold) 163M->146M(1024M) 1,869ms
[2024-11-04T16:16:14.304+0100][gc,cpu      ] GC(4) User=0,02s Sys=0,00s Real=0,00s
[2024-11-04T16:16:14.310+0100][gc,start    ] GC(5) Pause Young (Concurrent Start) (Metadata GC Threshold)
[2024-11-04T16:16:14.310+0100][gc,task     ] GC(5) Using 13 workers of 13 for evacuation
[2024-11-04T16:16:14.311+0100][gc,phases   ] GC(5)   Pre Evacuate Collection Set: 0,2ms
[2024-11-04T16:16:14.311+0100][gc,phases   ] GC(5)   Merge Heap Roots: 0,0ms
[2024-11-04T16:16:14.311+0100][gc,phases   ] GC(5)   Evacuate Collection Set: 0,8ms
[2024-11-04T16:16:14.311+0100][gc,phases   ] GC(5)   Post Evacuate Collection Set: 0,2ms
[2024-11-04T16:16:14.311+0100][gc,phases   ] GC(5)   Other: 0,0ms
[2024-11-04T16:16:14.311+0100][gc,heap     ] GC(5) Eden regions: 2->0(48)
[2024-11-04T16:16:14.311+0100][gc,heap     ] GC(5) Survivor regions: 3->3(7)
[2024-11-04T16:16:14.311+0100][gc,heap     ] GC(5) Old regions: 15->15
[2024-11-04T16:16:14.311+0100][gc,heap     ] GC(5) Humongous regions: 129->129
[2024-11-04T16:16:14.311+0100][gc,metaspace] GC(5) Metaspace: 36161K(36416K)->36161K(36416K) NonClass: 31946K(32064K)->31946K(32064K) Class: 4214K(4352K)->4214K(4352K)
[2024-11-04T16:16:14.311+0100][gc          ] GC(5) Pause Young (Concurrent Start) (Metadata GC Threshold) 147M->145M(1024M) 1,283ms
[2024-11-04T16:16:14.311+0100][gc          ] GC(6) Concurrent Mark Cycle
[2024-11-04T16:16:14.311+0100][gc,cpu      ] GC(5) User=0,01s Sys=0,00s Real=0,00s
[2024-11-04T16:16:14.311+0100][gc,marking  ] GC(6) Concurrent Scan Root Regions
[2024-11-04T16:16:14.312+0100][gc,marking  ] GC(6) Concurrent Scan Root Regions 0,923ms
[2024-11-04T16:16:14.312+0100][gc,marking  ] GC(6) Concurrent Mark
[2024-11-04T16:16:14.312+0100][gc,marking  ] GC(6) Concurrent Mark From Roots
[2024-11-04T16:16:14.312+0100][gc,task     ] GC(6) Using 3 workers of 3 for marking
[2024-11-04T16:16:14.318+0100][gc,marking  ] GC(6) Concurrent Mark From Roots 5,260ms
[2024-11-04T16:16:14.318+0100][gc,marking  ] GC(6) Concurrent Preclean
[2024-11-04T16:16:14.318+0100][gc,marking  ] GC(6) Concurrent Preclean 0,060ms
[2024-11-04T16:16:14.318+0100][gc,start    ] GC(6) Pause Remark
[2024-11-04T16:16:14.319+0100][gc          ] GC(6) Pause Remark 146M->146M(1024M) 1,310ms
[2024-11-04T16:16:14.319+0100][gc,cpu      ] GC(6) User=0,01s Sys=0,00s Real=0,00s
[2024-11-04T16:16:14.319+0100][gc,marking  ] GC(6) Concurrent Mark 6,758ms
[2024-11-04T16:16:14.319+0100][gc,marking  ] GC(6) Concurrent Rebuild Remembered Sets and Scrub Regions
[2024-11-04T16:16:14.321+0100][gc,marking  ] GC(6) Concurrent Rebuild Remembered Sets and Scrub Regions 2,065ms
[2024-11-04T16:16:14.321+0100][gc,start    ] GC(6) Pause Cleanup
[2024-11-04T16:16:14.322+0100][gc          ] GC(6) Pause Cleanup 146M->146M(1024M) 0,076ms
[2024-11-04T16:16:14.322+0100][gc,cpu      ] GC(6) User=0,00s Sys=0,00s Real=0,00s
[2024-11-04T16:16:14.322+0100][gc,marking  ] GC(6) Concurrent Clear Claimed Marks
[2024-11-04T16:16:14.322+0100][gc,marking  ] GC(6) Concurrent Clear Claimed Marks 0,021ms
[2024-11-04T16:16:14.322+0100][gc,marking  ] GC(6) Concurrent Cleanup for Next Mark
[2024-11-04T16:16:14.322+0100][gc,marking  ] GC(6) Concurrent Cleanup for Next Mark 0,678ms
[2024-11-04T16:16:14.322+0100][gc          ] GC(6) Concurrent Mark Cycle 10,920ms
[2024-11-04T16:16:14.692+0100][gc,start    ] GC(7) Pause Young (Prepare Mixed) (G1 Evacuation Pause)
[2024-11-04T16:16:14.692+0100][gc,task     ] GC(7) Using 13 workers of 13 for evacuation
[2024-11-04T16:16:14.693+0100][gc,phases   ] GC(7)   Pre Evacuate Collection Set: 0,1ms
[2024-11-04T16:16:14.693+0100][gc,phases   ] GC(7)   Merge Heap Roots: 0,0ms
[2024-11-04T16:16:14.693+0100][gc,phases   ] GC(7)   Evacuate Collection Set: 1,0ms
[2024-11-04T16:16:14.693+0100][gc,phases   ] GC(7)   Post Evacuate Collection Set: 0,3ms
[2024-11-04T16:16:14.693+0100][gc,phases   ] GC(7)   Other: 0,1ms
[2024-11-04T16:16:14.693+0100][gc,heap     ] GC(7) Eden regions: 48->0(47)
[2024-11-04T16:16:14.693+0100][gc,heap     ] GC(7) Survivor regions: 3->4(7)
[2024-11-04T16:16:14.693+0100][gc,heap     ] GC(7) Old regions: 15->15
[2024-11-04T16:16:14.693+0100][gc,heap     ] GC(7) Humongous regions: 195->135
[2024-11-04T16:16:14.693+0100][gc,metaspace] GC(7) Metaspace: 40857K(41344K)->40857K(41344K) NonClass: 35947K(36224K)->35947K(36224K) Class: 4909K(5120K)->4909K(5120K)
[2024-11-04T16:16:14.693+0100][gc          ] GC(7) Pause Young (Prepare Mixed) (G1 Evacuation Pause) 259M->153M(1024M) 1,581ms
[2024-11-04T16:16:14.693+0100][gc,cpu      ] GC(7) User=0,02s Sys=0,00s Real=0,00s
[2024-11-04T16:23:12.349+0100][gc,start    ] GC(8) Pause Young (Mixed) (G1 Evacuation Pause)
[2024-11-04T16:23:12.349+0100][gc,task     ] GC(8) Using 13 workers of 13 for evacuation
[2024-11-04T16:23:12.353+0100][gc,phases   ] GC(8)   Pre Evacuate Collection Set: 0,2ms
[2024-11-04T16:23:12.353+0100][gc,phases   ] GC(8)   Merge Heap Roots: 0,1ms
[2024-11-04T16:23:12.353+0100][gc,phases   ] GC(8)   Evacuate Collection Set: 2,6ms
[2024-11-04T16:23:12.353+0100][gc,phases   ] GC(8)   Post Evacuate Collection Set: 0,4ms
[2024-11-04T16:23:12.353+0100][gc,phases   ] GC(8)   Other: 0,1ms
[2024-11-04T16:23:12.353+0100][gc,heap     ] GC(8) Eden regions: 47->0(47)
[2024-11-04T16:23:12.353+0100][gc,heap     ] GC(8) Survivor regions: 4->4(7)
[2024-11-04T16:23:12.353+0100][gc,heap     ] GC(8) Old regions: 15->16
[2024-11-04T16:23:12.353+0100][gc,heap     ] GC(8) Humongous regions: 189->129
[2024-11-04T16:23:12.353+0100][gc,metaspace] GC(8) Metaspace: 44421K(45120K)->44421K(45120K) NonClass: 38820K(39232K)->38820K(39232K) Class: 5601K(5888K)->5601K(5888K)
[2024-11-04T16:23:12.353+0100][gc          ] GC(8) Pause Young (Mixed) (G1 Evacuation Pause) 254M->148M(1024M) 3,639ms
[2024-11-04T16:23:12.353+0100][gc,cpu      ] GC(8) User=0,04s Sys=0,00s Real=0,00s
[2024-11-04T16:25:55.326+0100][gc,start    ] GC(9) Pause Young (Normal) (G1 Evacuation Pause)
[2024-11-04T16:25:55.326+0100][gc,task     ] GC(9) Using 13 workers of 13 for evacuation
[2024-11-04T16:25:55.328+0100][gc,phases   ] GC(9)   Pre Evacuate Collection Set: 0,2ms
[2024-11-04T16:25:55.328+0100][gc,phases   ] GC(9)   Merge Heap Roots: 0,1ms
[2024-11-04T16:25:55.328+0100][gc,phases   ] GC(9)   Evacuate Collection Set: 1,5ms
[2024-11-04T16:25:55.328+0100][gc,phases   ] GC(9)   Post Evacuate Collection Set: 0,4ms
[2024-11-04T16:25:55.328+0100][gc,phases   ] GC(9)   Other: 0,1ms
[2024-11-04T16:25:55.328+0100][gc,heap     ] GC(9) Eden regions: 47->0(45)
[2024-11-04T16:25:55.328+0100][gc,heap     ] GC(9) Survivor regions: 4->6(7)
[2024-11-04T16:25:55.328+0100][gc,heap     ] GC(9) Old regions: 16->16
[2024-11-04T16:25:55.328+0100][gc,heap     ] GC(9) Humongous regions: 129->129
[2024-11-04T16:25:55.328+0100][gc,metaspace] GC(9) Metaspace: 45812K(46528K)->45812K(46528K) NonClass: 40159K(40576K)->40159K(40576K) Class: 5652K(5952K)->5652K(5952K)
[2024-11-04T16:25:55.328+0100][gc          ] GC(9) Pause Young (Normal) (G1 Evacuation Pause) 195M->150M(1024M) 2,344ms
[2024-11-04T16:25:55.328+0100][gc,cpu      ] GC(9) User=0,02s Sys=0,00s Real=0,01s
[2024-11-04T16:30:54.574+0100][gc,start    ] GC(10) Pause Young (Normal) (G1 Evacuation Pause)
[2024-11-04T16:30:54.574+0100][gc,task     ] GC(10) Using 13 workers of 13 for evacuation
[2024-11-04T16:30:54.576+0100][gc,phases   ] GC(10)   Pre Evacuate Collection Set: 0,3ms
[2024-11-04T16:30:54.576+0100][gc,phases   ] GC(10)   Merge Heap Roots: 0,1ms
[2024-11-04T16:30:54.576+0100][gc,phases   ] GC(10)   Evacuate Collection Set: 2,1ms
[2024-11-04T16:30:54.576+0100][gc,phases   ] GC(10)   Post Evacuate Collection Set: 0,3ms
[2024-11-04T16:30:54.576+0100][gc,phases   ] GC(10)   Other: 0,1ms
[2024-11-04T16:30:54.576+0100][gc,heap     ] GC(10) Eden regions: 45->0(46)
[2024-11-04T16:30:54.576+0100][gc,heap     ] GC(10) Survivor regions: 6->5(7)
[2024-11-04T16:30:54.576+0100][gc,heap     ] GC(10) Old regions: 16->18
[2024-11-04T16:30:54.576+0100][gc,heap     ] GC(10) Humongous regions: 129->129
[2024-11-04T16:30:54.576+0100][gc,metaspace] GC(10) Metaspace: 46208K(46912K)->46208K(46912K) NonClass: 40545K(40960K)->40545K(40960K) Class: 5663K(5952K)->5663K(5952K)
[2024-11-04T16:30:54.576+0100][gc          ] GC(10) Pause Young (Normal) (G1 Evacuation Pause) 195M->151M(1024M) 2,982ms
[2024-11-04T16:30:54.577+0100][gc,cpu      ] GC(10) User=0,03s Sys=0,00s Real=0,01s
[2024-11-04T16:39:16.334+0100][gc,start    ] GC(11) Pause Young (Normal) (G1 Evacuation Pause)
[2024-11-04T16:39:16.334+0100][gc,task     ] GC(11) Using 13 workers of 13 for evacuation
[2024-11-04T16:39:16.336+0100][gc,phases   ] GC(11)   Pre Evacuate Collection Set: 0,2ms
[2024-11-04T16:39:16.336+0100][gc,phases   ] GC(11)   Merge Heap Roots: 0,1ms
[2024-11-04T16:39:16.336+0100][gc,phases   ] GC(11)   Evacuate Collection Set: 1,3ms
[2024-11-04T16:39:16.336+0100][gc,phases   ] GC(11)   Post Evacuate Collection Set: 0,2ms
[2024-11-04T16:39:16.336+0100][gc,phases   ] GC(11)   Other: 0,0ms
[2024-11-04T16:39:16.336+0100][gc,heap     ] GC(11) Eden regions: 46->0(59)
[2024-11-04T16:39:16.336+0100][gc,heap     ] GC(11) Survivor regions: 5->4(7)
[2024-11-04T16:39:16.336+0100][gc,heap     ] GC(11) Old regions: 18->20
[2024-11-04T16:39:16.336+0100][gc,heap     ] GC(11) Humongous regions: 129->129
[2024-11-04T16:39:16.336+0100][gc,metaspace] GC(11) Metaspace: 46451K(47104K)->46451K(47104K) NonClass: 40787K(41152K)->40787K(41152K) Class: 5664K(5952K)->5664K(5952K)
[2024-11-04T16:39:16.336+0100][gc          ] GC(11) Pause Young (Normal) (G1 Evacuation Pause) 197M->151M(1024M) 1,947ms
[2024-11-04T16:39:16.336+0100][gc,cpu      ] GC(11) User=0,02s Sys=0,00s Real=0,01s
[2024-11-04T16:49:00.963+0100][gc,start    ] GC(12) Pause Young (Normal) (G1 Evacuation Pause)
[2024-11-04T16:49:00.963+0100][gc,task     ] GC(12) Using 13 workers of 13 for evacuation
[2024-11-04T16:49:00.965+0100][gc,phases   ] GC(12)   Pre Evacuate Collection Set: 0,3ms
[2024-11-04T16:49:00.965+0100][gc,phases   ] GC(12)   Merge Heap Roots: 0,1ms
[2024-11-04T16:49:00.965+0100][gc,phases   ] GC(12)   Evacuate Collection Set: 1,6ms
[2024-11-04T16:49:00.965+0100][gc,phases   ] GC(12)   Post Evacuate Collection Set: 0,2ms
[2024-11-04T16:49:00.965+0100][gc,phases   ] GC(12)   Other: 0,1ms
[2024-11-04T16:49:00.965+0100][gc,heap     ] GC(12) Eden regions: 59->0(163)
[2024-11-04T16:49:00.965+0100][gc,heap     ] GC(12) Survivor regions: 4->4(8)
[2024-11-04T16:49:00.965+0100][gc,heap     ] GC(12) Old regions: 20->20
[2024-11-04T16:49:00.965+0100][gc,heap     ] GC(12) Humongous regions: 129->129
[2024-11-04T16:49:00.965+0100][gc,metaspace] GC(12) Metaspace: 46697K(47360K)->46697K(47360K) NonClass: 41033K(41408K)->41033K(41408K) Class: 5664K(5952K)->5664K(5952K)
[2024-11-04T16:49:00.965+0100][gc          ] GC(12) Pause Young (Normal) (G1 Evacuation Pause) 210M->151M(1024M) 2,458ms
[2024-11-04T16:49:00.965+0100][gc,cpu      ] GC(12) User=0,02s Sys=0,00s Real=0,00s
[2024-11-04T17:31:03.118+0100][gc,start    ] GC(13) Pause Young (Normal) (G1 Evacuation Pause)
[2024-11-04T17:31:03.118+0100][gc,task     ] GC(13) Using 13 workers of 13 for evacuation
[2024-11-04T17:31:03.123+0100][gc,phases   ] GC(13)   Pre Evacuate Collection Set: 0,2ms
[2024-11-04T17:31:03.123+0100][gc,phases   ] GC(13)   Merge Heap Roots: 0,1ms
[2024-11-04T17:31:03.123+0100][gc,phases   ] GC(13)   Evacuate Collection Set: 4,5ms
[2024-11-04T17:31:03.123+0100][gc,phases   ] GC(13)   Post Evacuate Collection Set: 0,5ms
[2024-11-04T17:31:03.123+0100][gc,phases   ] GC(13)   Other: 0,1ms
[2024-11-04T17:31:03.123+0100][gc,heap     ] GC(13) Eden regions: 163->0(69)
[2024-11-04T17:31:03.124+0100][gc,heap     ] GC(13) Survivor regions: 4->7(21)
[2024-11-04T17:31:03.124+0100][gc,heap     ] GC(13) Old regions: 20->20
[2024-11-04T17:31:03.124+0100][gc,heap     ] GC(13) Humongous regions: 129->129
[2024-11-04T17:31:03.124+0100][gc,metaspace] GC(13) Metaspace: 47210K(47872K)->47210K(47872K) NonClass: 41541K(41920K)->41541K(41920K) Class: 5669K(5952K)->5669K(5952K)
[2024-11-04T17:31:03.124+0100][gc          ] GC(13) Pause Young (Normal) (G1 Evacuation Pause) 314M->155M(1024M) 5,604ms
[2024-11-04T17:31:03.124+0100][gc,cpu      ] GC(13) User=0,05s Sys=0,01s Real=0,00s
[2024-11-04T17:41:46.131+0100][gc,start    ] GC(14) Pause Young (Normal) (G1 Evacuation Pause)
[2024-11-04T17:41:46.131+0100][gc,task     ] GC(14) Using 13 workers of 13 for evacuation
[2024-11-04T17:41:46.134+0100][gc,phases   ] GC(14)   Pre Evacuate Collection Set: 0,2ms
[2024-11-04T17:41:46.134+0100][gc,phases   ] GC(14)   Merge Heap Roots: 0,1ms
[2024-11-04T17:41:46.134+0100][gc,phases   ] GC(14)   Evacuate Collection Set: 2,4ms
[2024-11-04T17:41:46.134+0100][gc,phases   ] GC(14)   Post Evacuate Collection Set: 0,3ms
[2024-11-04T17:41:46.134+0100][gc,phases   ] GC(14)   Other: 0,1ms
[2024-11-04T17:41:46.135+0100][gc,heap     ] GC(14) Eden regions: 69->0(238)
[2024-11-04T17:41:46.135+0100][gc,heap     ] GC(14) Survivor regions: 7->6(10)
[2024-11-04T17:41:46.135+0100][gc,heap     ] GC(14) Old regions: 20->22
[2024-11-04T17:41:46.135+0100][gc,heap     ] GC(14) Humongous regions: 129->129
[2024-11-04T17:41:46.135+0100][gc,metaspace] GC(14) Metaspace: 47415K(48064K)->47415K(48064K) NonClass: 41736K(42112K)->41736K(42112K) Class: 5679K(5952K)->5679K(5952K)
[2024-11-04T17:41:46.135+0100][gc          ] GC(14) Pause Young (Normal) (G1 Evacuation Pause) 224M->155M(1024M) 3,219ms
[2024-11-04T17:41:46.135+0100][gc,cpu      ] GC(14) User=0,03s Sys=0,00s Real=0,00s
[2024-11-04T19:06:43.914+0100][gc,start    ] GC(15) Pause Young (Normal) (G1 Evacuation Pause)
[2024-11-04T19:06:43.914+0100][gc,task     ] GC(15) Using 13 workers of 13 for evacuation
[2024-11-04T19:06:43.917+0100][gc,phases   ] GC(15)   Pre Evacuate Collection Set: 0,5ms
[2024-11-04T19:06:43.917+0100][gc,phases   ] GC(15)   Merge Heap Roots: 0,3ms
[2024-11-04T19:06:43.917+0100][gc,phases   ] GC(15)   Evacuate Collection Set: 2,3ms
[2024-11-04T19:06:43.917+0100][gc,phases   ] GC(15)   Post Evacuate Collection Set: 0,3ms
[2024-11-04T19:06:43.917+0100][gc,phases   ] GC(15)   Other: 0,1ms
[2024-11-04T19:06:43.917+0100][gc,heap     ] GC(15) Eden regions: 238->0(607)
[2024-11-04T19:06:43.917+0100][gc,heap     ] GC(15) Survivor regions: 6->7(31)
[2024-11-04T19:06:43.917+0100][gc,heap     ] GC(15) Old regions: 22->22
[2024-11-04T19:06:43.917+0100][gc,heap     ] GC(15) Humongous regions: 129->129
[2024-11-04T19:06:43.917+0100][gc,metaspace] GC(15) Metaspace: 47797K(48448K)->47797K(48448K) NonClass: 42115K(42496K)->42115K(42496K) Class: 5682K(5952K)->5682K(5952K)
[2024-11-04T19:06:43.917+0100][gc          ] GC(15) Pause Young (Normal) (G1 Evacuation Pause) 393M->156M(1024M) 3,559ms
[2024-11-04T19:06:43.918+0100][gc,cpu      ] GC(15) User=0,03s Sys=0,00s Real=0,01s
[2024-11-04T21:35:09.877+0100][gc,heap,exit] Heap
[2024-11-04T21:35:09.877+0100][gc,heap,exit]  garbage-first heap   total 1048576K, used 545198K [0x00000000c0000000, 0x0000000100000000)
[2024-11-04T21:35:09.877+0100][gc,heap,exit]   region size 1024K, 383 young (392192K), 7 survivors (7168K)
[2024-11-04T21:35:09.877+0100][gc,heap,exit]  Metaspace       used 48921K, committed 49536K, reserved 1114112K
[2024-11-04T21:35:09.877+0100][gc,heap,exit]   class space    used 5864K, committed 6144K, reserved 1048576K
