[2024-11-04T22:23:08.406+0100][gc,init] CardTable entry size: 512
[2024-11-04T22:23:08.407+0100][gc     ] Using G1
[2024-11-04T22:23:08.413+0100][gc,init] Version: 21.0.4+7-Ubuntu-1ubuntu224.04 (release)
[2024-11-04T22:23:08.413+0100][gc,init] CPUs: 16 total, 16 available
[2024-11-04T22:23:08.413+0100][gc,init] Memory: 15262M
[2024-11-04T22:23:08.413+0100][gc,init] Large Page Support: Disabled
[2024-11-04T22:23:08.413+0100][gc,init] NUMA Support: Disabled
[2024-11-04T22:23:08.413+0100][gc,init] Compressed Oops: Enabled (32-bit)
[2024-11-04T22:23:08.413+0100][gc,init] Heap Region Size: 1M
[2024-11-04T22:23:08.413+0100][gc,init] Heap Min Capacity: 1G
[2024-11-04T22:23:08.413+0100][gc,init] Heap Initial Capacity: 1G
[2024-11-04T22:23:08.413+0100][gc,init] Heap Max Capacity: 1G
[2024-11-04T22:23:08.413+0100][gc,init] Pre-touch: Disabled
[2024-11-04T22:23:08.413+0100][gc,init] Parallel Workers: 13
[2024-11-04T22:23:08.413+0100][gc,init] Concurrent Workers: 3
[2024-11-04T22:23:08.413+0100][gc,init] Concurrent Refinement Workers: 13
[2024-11-04T22:23:08.413+0100][gc,init] Periodic GC: Disabled
[2024-11-04T22:23:08.419+0100][gc,metaspace] CDS archive(s) mapped at: [0x00007d9f8b000000-0x00007d9f8bcae000-0x00007d9f8bcae000), size 13295616, SharedBaseAddress: 0x00007d9f8b000000, ArchiveRelocationMode: 1.
[2024-11-04T22:23:08.419+0100][gc,metaspace] Compressed class space mapped at: 0x00007d9f8c000000-0x00007d9fcc000000, reserved size: 1073741824
[2024-11-04T22:23:08.419+0100][gc,metaspace] Narrow klass base: 0x00007d9f8b000000, Narrow klass shift: 0, Narrow klass range: 0x100000000
[2024-11-04T22:23:08.902+0100][gc,start    ] GC(0) Pause Young (Normal) (G1 Evacuation Pause)
[2024-11-04T22:23:08.904+0100][gc,task     ] GC(0) Using 13 workers of 13 for evacuation
[2024-11-04T22:23:08.906+0100][gc,phases   ] GC(0)   Pre Evacuate Collection Set: 0,1ms
[2024-11-04T22:23:08.906+0100][gc,phases   ] GC(0)   Merge Heap Roots: 0,1ms
[2024-11-04T22:23:08.906+0100][gc,phases   ] GC(0)   Evacuate Collection Set: 1,5ms
[2024-11-04T22:23:08.906+0100][gc,phases   ] GC(0)   Post Evacuate Collection Set: 0,3ms
[2024-11-04T22:23:08.906+0100][gc,phases   ] GC(0)   Other: 1,8ms
[2024-11-04T22:23:08.906+0100][gc,heap     ] GC(0) Eden regions: 51->0(44)
[2024-11-04T22:23:08.906+0100][gc,heap     ] GC(0) Survivor regions: 0->7(7)
[2024-11-04T22:23:08.906+0100][gc,heap     ] GC(0) Old regions: 2->3
[2024-11-04T22:23:08.906+0100][gc,heap     ] GC(0) Humongous regions: 0->0
[2024-11-04T22:23:08.906+0100][gc,metaspace] GC(0) Metaspace: 18281K(18496K)->18281K(18496K) NonClass: 16006K(16128K)->16006K(16128K) Class: 2275K(2368K)->2275K(2368K)
[2024-11-04T22:23:08.906+0100][gc          ] GC(0) Pause Young (Normal) (G1 Evacuation Pause) 52M->8M(1024M) 3,952ms
[2024-11-04T22:23:08.906+0100][gc,cpu      ] GC(0) User=0,03s Sys=0,00s Real=0,00s
[2024-11-04T22:23:08.995+0100][gc,start    ] GC(1) Pause Young (Concurrent Start) (Metadata GC Threshold)
[2024-11-04T22:23:08.995+0100][gc,task     ] GC(1) Using 13 workers of 13 for evacuation
[2024-11-04T22:23:08.998+0100][gc,phases   ] GC(1)   Pre Evacuate Collection Set: 0,1ms
[2024-11-04T22:23:08.998+0100][gc,phases   ] GC(1)   Merge Heap Roots: 0,0ms
[2024-11-04T22:23:08.998+0100][gc,phases   ] GC(1)   Evacuate Collection Set: 1,7ms
[2024-11-04T22:23:08.998+0100][gc,phases   ] GC(1)   Post Evacuate Collection Set: 0,3ms
[2024-11-04T22:23:08.998+0100][gc,phases   ] GC(1)   Other: 0,1ms
[2024-11-04T22:23:08.998+0100][gc,heap     ] GC(1) Eden regions: 12->0(49)
[2024-11-04T22:23:08.998+0100][gc,heap     ] GC(1) Survivor regions: 7->2(7)
[2024-11-04T22:23:08.998+0100][gc,heap     ] GC(1) Old regions: 3->10
[2024-11-04T22:23:08.998+0100][gc,heap     ] GC(1) Humongous regions: 0->0
[2024-11-04T22:23:08.998+0100][gc,metaspace] GC(1) Metaspace: 21273K(21504K)->21273K(21504K) NonClass: 18549K(18688K)->18549K(18688K) Class: 2723K(2816K)->2723K(2816K)
[2024-11-04T22:23:08.998+0100][gc          ] GC(1) Pause Young (Concurrent Start) (Metadata GC Threshold) 20M->10M(1024M) 2,349ms
[2024-11-04T22:23:08.998+0100][gc          ] GC(2) Concurrent Mark Cycle
[2024-11-04T22:23:08.998+0100][gc,cpu      ] GC(1) User=0,02s Sys=0,00s Real=0,01s
[2024-11-04T22:23:08.998+0100][gc,marking  ] GC(2) Concurrent Scan Root Regions
[2024-11-04T22:23:08.999+0100][gc,marking  ] GC(2) Concurrent Scan Root Regions 0,814ms
[2024-11-04T22:23:08.999+0100][gc,marking  ] GC(2) Concurrent Mark
[2024-11-04T22:23:08.999+0100][gc,marking  ] GC(2) Concurrent Mark From Roots
[2024-11-04T22:23:08.999+0100][gc,task     ] GC(2) Using 3 workers of 3 for marking
[2024-11-04T22:23:08.999+0100][gc,marking  ] GC(2) Concurrent Mark From Roots 0,772ms
[2024-11-04T22:23:08.999+0100][gc,marking  ] GC(2) Concurrent Preclean
[2024-11-04T22:23:08.999+0100][gc,marking  ] GC(2) Concurrent Preclean 0,006ms
[2024-11-04T22:23:08.999+0100][gc,start    ] GC(2) Pause Remark
[2024-11-04T22:23:09.000+0100][gc          ] GC(2) Pause Remark 10M->10M(1024M) 0,872ms
[2024-11-04T22:23:09.000+0100][gc,cpu      ] GC(2) User=0,00s Sys=0,00s Real=0,00s
[2024-11-04T22:23:09.000+0100][gc,marking  ] GC(2) Concurrent Mark 1,723ms
[2024-11-04T22:23:09.000+0100][gc,marking  ] GC(2) Concurrent Rebuild Remembered Sets and Scrub Regions
[2024-11-04T22:23:09.001+0100][gc,marking  ] GC(2) Concurrent Rebuild Remembered Sets and Scrub Regions 0,647ms
[2024-11-04T22:23:09.001+0100][gc,start    ] GC(2) Pause Cleanup
[2024-11-04T22:23:09.001+0100][gc          ] GC(2) Pause Cleanup 10M->10M(1024M) 0,054ms
[2024-11-04T22:23:09.001+0100][gc,cpu      ] GC(2) User=0,00s Sys=0,00s Real=0,00s
[2024-11-04T22:23:09.001+0100][gc,marking  ] GC(2) Concurrent Clear Claimed Marks
[2024-11-04T22:23:09.001+0100][gc,marking  ] GC(2) Concurrent Clear Claimed Marks 0,005ms
[2024-11-04T22:23:09.001+0100][gc,marking  ] GC(2) Concurrent Cleanup for Next Mark
[2024-11-04T22:23:09.003+0100][gc,marking  ] GC(2) Concurrent Cleanup for Next Mark 2,076ms
[2024-11-04T22:23:09.003+0100][gc          ] GC(2) Concurrent Mark Cycle 5,636ms
[2024-11-04T22:23:09.424+0100][gc,start    ] GC(3) Pause Young (Prepare Mixed) (G1 Evacuation Pause)
[2024-11-04T22:23:09.424+0100][gc,task     ] GC(3) Using 13 workers of 13 for evacuation
[2024-11-04T22:23:09.426+0100][gc,phases   ] GC(3)   Pre Evacuate Collection Set: 0,1ms
[2024-11-04T22:23:09.426+0100][gc,phases   ] GC(3)   Merge Heap Roots: 0,0ms
[2024-11-04T22:23:09.426+0100][gc,phases   ] GC(3)   Evacuate Collection Set: 1,2ms
[2024-11-04T22:23:09.426+0100][gc,phases   ] GC(3)   Post Evacuate Collection Set: 0,2ms
[2024-11-04T22:23:09.426+0100][gc,phases   ] GC(3)   Other: 0,0ms
[2024-11-04T22:23:09.426+0100][gc,heap     ] GC(3) Eden regions: 49->0(45)
[2024-11-04T22:23:09.426+0100][gc,heap     ] GC(3) Survivor regions: 2->6(7)
[2024-11-04T22:23:09.426+0100][gc,heap     ] GC(3) Old regions: 10->10
[2024-11-04T22:23:09.426+0100][gc,heap     ] GC(3) Humongous regions: 129->129
[2024-11-04T22:23:09.426+0100][gc,metaspace] GC(3) Metaspace: 31172K(31488K)->31172K(31488K) NonClass: 27408K(27584K)->27408K(27584K) Class: 3764K(3904K)->3764K(3904K)
[2024-11-04T22:23:09.426+0100][gc          ] GC(3) Pause Young (Prepare Mixed) (G1 Evacuation Pause) 188M->143M(1024M) 1,741ms
[2024-11-04T22:23:09.426+0100][gc,cpu      ] GC(3) User=0,01s Sys=0,01s Real=0,01s
[2024-11-04T22:23:09.559+0100][gc,start    ] GC(4) Pause Young (Mixed) (GCLocker Initiated GC)
[2024-11-04T22:23:09.559+0100][gc,task     ] GC(4) Using 13 workers of 13 for evacuation
[2024-11-04T22:23:09.561+0100][gc,phases   ] GC(4)   Pre Evacuate Collection Set: 0,1ms
[2024-11-04T22:23:09.561+0100][gc,phases   ] GC(4)   Merge Heap Roots: 0,0ms
[2024-11-04T22:23:09.561+0100][gc,phases   ] GC(4)   Evacuate Collection Set: 1,3ms
[2024-11-04T22:23:09.561+0100][gc,phases   ] GC(4)   Post Evacuate Collection Set: 0,2ms
[2024-11-04T22:23:09.561+0100][gc,phases   ] GC(4)   Other: 0,0ms
[2024-11-04T22:23:09.561+0100][gc,heap     ] GC(4) Eden regions: 19->0(48)
[2024-11-04T22:23:09.561+0100][gc,heap     ] GC(4) Survivor regions: 6->3(7)
[2024-11-04T22:23:09.561+0100][gc,heap     ] GC(4) Old regions: 10->14
[2024-11-04T22:23:09.561+0100][gc,heap     ] GC(4) Humongous regions: 129->129
[2024-11-04T22:23:09.561+0100][gc,metaspace] GC(4) Metaspace: 35817K(36160K)->35817K(36160K) NonClass: 31606K(31808K)->31606K(31808K) Class: 4211K(4352K)->4211K(4352K)
[2024-11-04T22:23:09.561+0100][gc          ] GC(4) Pause Young (Mixed) (GCLocker Initiated GC) 162M->145M(1024M) 1,860ms
[2024-11-04T22:23:09.561+0100][gc,cpu      ] GC(4) User=0,02s Sys=0,00s Real=0,00s
[2024-11-04T22:23:09.566+0100][gc,start    ] GC(5) Pause Young (Concurrent Start) (Metadata GC Threshold)
[2024-11-04T22:23:09.567+0100][gc,task     ] GC(5) Using 13 workers of 13 for evacuation
[2024-11-04T22:23:09.567+0100][gc,phases   ] GC(5)   Pre Evacuate Collection Set: 0,1ms
[2024-11-04T22:23:09.567+0100][gc,phases   ] GC(5)   Merge Heap Roots: 0,0ms
[2024-11-04T22:23:09.567+0100][gc,phases   ] GC(5)   Evacuate Collection Set: 0,5ms
[2024-11-04T22:23:09.567+0100][gc,phases   ] GC(5)   Post Evacuate Collection Set: 0,1ms
[2024-11-04T22:23:09.567+0100][gc,phases   ] GC(5)   Other: 0,0ms
[2024-11-04T22:23:09.567+0100][gc,heap     ] GC(5) Eden regions: 2->0(48)
[2024-11-04T22:23:09.567+0100][gc,heap     ] GC(5) Survivor regions: 3->3(7)
[2024-11-04T22:23:09.567+0100][gc,heap     ] GC(5) Old regions: 14->14
[2024-11-04T22:23:09.567+0100][gc,heap     ] GC(5) Humongous regions: 129->129
[2024-11-04T22:23:09.567+0100][gc,metaspace] GC(5) Metaspace: 36155K(36416K)->36155K(36416K) NonClass: 31940K(32064K)->31940K(32064K) Class: 4214K(4352K)->4214K(4352K)
[2024-11-04T22:23:09.567+0100][gc          ] GC(5) Pause Young (Concurrent Start) (Metadata GC Threshold) 147M->145M(1024M) 0,995ms
[2024-11-04T22:23:09.567+0100][gc          ] GC(6) Concurrent Mark Cycle
[2024-11-04T22:23:09.567+0100][gc,cpu      ] GC(5) User=0,01s Sys=0,00s Real=0,00s
[2024-11-04T22:23:09.567+0100][gc,marking  ] GC(6) Concurrent Scan Root Regions
[2024-11-04T22:23:09.568+0100][gc,marking  ] GC(6) Concurrent Scan Root Regions 0,690ms
[2024-11-04T22:23:09.568+0100][gc,marking  ] GC(6) Concurrent Mark
[2024-11-04T22:23:09.568+0100][gc,marking  ] GC(6) Concurrent Mark From Roots
[2024-11-04T22:23:09.568+0100][gc,task     ] GC(6) Using 3 workers of 3 for marking
[2024-11-04T22:23:09.573+0100][gc,marking  ] GC(6) Concurrent Mark From Roots 4,987ms
[2024-11-04T22:23:09.573+0100][gc,marking  ] GC(6) Concurrent Preclean
[2024-11-04T22:23:09.573+0100][gc,marking  ] GC(6) Concurrent Preclean 0,079ms
[2024-11-04T22:23:09.573+0100][gc,start    ] GC(6) Pause Remark
[2024-11-04T22:23:09.575+0100][gc          ] GC(6) Pause Remark 146M->146M(1024M) 1,181ms
[2024-11-04T22:23:09.575+0100][gc,cpu      ] GC(6) User=0,01s Sys=0,00s Real=0,00s
[2024-11-04T22:23:09.575+0100][gc,marking  ] GC(6) Concurrent Mark 6,464ms
[2024-11-04T22:23:09.575+0100][gc,marking  ] GC(6) Concurrent Rebuild Remembered Sets and Scrub Regions
[2024-11-04T22:23:09.576+0100][gc,marking  ] GC(6) Concurrent Rebuild Remembered Sets and Scrub Regions 1,595ms
[2024-11-04T22:23:09.576+0100][gc,start    ] GC(6) Pause Cleanup
[2024-11-04T22:23:09.576+0100][gc          ] GC(6) Pause Cleanup 147M->147M(1024M) 0,096ms
[2024-11-04T22:23:09.576+0100][gc,cpu      ] GC(6) User=0,00s Sys=0,00s Real=0,00s
[2024-11-04T22:23:09.576+0100][gc,marking  ] GC(6) Concurrent Clear Claimed Marks
[2024-11-04T22:23:09.576+0100][gc,marking  ] GC(6) Concurrent Clear Claimed Marks 0,022ms
[2024-11-04T22:23:09.576+0100][gc,marking  ] GC(6) Concurrent Cleanup for Next Mark
[2024-11-04T22:23:09.577+0100][gc,marking  ] GC(6) Concurrent Cleanup for Next Mark 0,778ms
[2024-11-04T22:23:09.577+0100][gc          ] GC(6) Concurrent Mark Cycle 9,794ms
[2024-11-04T22:23:09.936+0100][gc,start    ] GC(7) Pause Young (Prepare Mixed) (G1 Evacuation Pause)
[2024-11-04T22:23:09.936+0100][gc,task     ] GC(7) Using 13 workers of 13 for evacuation
[2024-11-04T22:23:09.938+0100][gc,phases   ] GC(7)   Pre Evacuate Collection Set: 0,1ms
[2024-11-04T22:23:09.938+0100][gc,phases   ] GC(7)   Merge Heap Roots: 0,0ms
[2024-11-04T22:23:09.938+0100][gc,phases   ] GC(7)   Evacuate Collection Set: 1,6ms
[2024-11-04T22:23:09.938+0100][gc,phases   ] GC(7)   Post Evacuate Collection Set: 0,2ms
[2024-11-04T22:23:09.938+0100][gc,phases   ] GC(7)   Other: 0,0ms
[2024-11-04T22:23:09.938+0100][gc,heap     ] GC(7) Eden regions: 48->0(47)
[2024-11-04T22:23:09.938+0100][gc,heap     ] GC(7) Survivor regions: 3->4(7)
[2024-11-04T22:23:09.938+0100][gc,heap     ] GC(7) Old regions: 14->14
[2024-11-04T22:23:09.938+0100][gc,heap     ] GC(7) Humongous regions: 195->135
[2024-11-04T22:23:09.938+0100][gc,metaspace] GC(7) Metaspace: 40814K(41280K)->40814K(41280K) NonClass: 35910K(36160K)->35910K(36160K) Class: 4903K(5120K)->4903K(5120K)
[2024-11-04T22:23:09.938+0100][gc          ] GC(7) Pause Young (Prepare Mixed) (G1 Evacuation Pause) 259M->152M(1024M) 2,154ms
[2024-11-04T22:23:09.938+0100][gc,cpu      ] GC(7) User=0,02s Sys=0,01s Real=0,00s
[2024-11-04T22:39:39.827+0100][gc,start    ] GC(8) Pause Young (Mixed) (G1 Evacuation Pause)
[2024-11-04T22:39:39.827+0100][gc,task     ] GC(8) Using 13 workers of 13 for evacuation
[2024-11-04T22:39:39.829+0100][gc,phases   ] GC(8)   Pre Evacuate Collection Set: 0,2ms
[2024-11-04T22:39:39.829+0100][gc,phases   ] GC(8)   Merge Heap Roots: 0,1ms
[2024-11-04T22:39:39.829+0100][gc,phases   ] GC(8)   Evacuate Collection Set: 1,1ms
[2024-11-04T22:39:39.829+0100][gc,phases   ] GC(8)   Post Evacuate Collection Set: 0,2ms
[2024-11-04T22:39:39.829+0100][gc,phases   ] GC(8)   Other: 0,0ms
[2024-11-04T22:39:39.829+0100][gc,heap     ] GC(8) Eden regions: 47->0(48)
[2024-11-04T22:39:39.829+0100][gc,heap     ] GC(8) Survivor regions: 4->3(7)
[2024-11-04T22:39:39.829+0100][gc,heap     ] GC(8) Old regions: 14->16
[2024-11-04T22:39:39.829+0100][gc,heap     ] GC(8) Humongous regions: 189->129
[2024-11-04T22:39:39.829+0100][gc,metaspace] GC(8) Metaspace: 41610K(42112K)->41610K(42112K) NonClass: 36616K(36864K)->36616K(36864K) Class: 4993K(5248K)->4993K(5248K)
[2024-11-04T22:39:39.829+0100][gc          ] GC(8) Pause Young (Mixed) (G1 Evacuation Pause) 253M->147M(1024M) 1,722ms
[2024-11-04T22:39:39.829+0100][gc,cpu      ] GC(8) User=0,01s Sys=0,00s Real=0,00s
[2024-11-04T22:46:33.157+0100][gc,start    ] GC(9) Pause Young (Normal) (G1 Evacuation Pause)
[2024-11-04T22:46:33.157+0100][gc,task     ] GC(9) Using 13 workers of 13 for evacuation
[2024-11-04T22:46:33.160+0100][gc,phases   ] GC(9)   Pre Evacuate Collection Set: 0,4ms
[2024-11-04T22:46:33.160+0100][gc,phases   ] GC(9)   Merge Heap Roots: 0,1ms
[2024-11-04T22:46:33.160+0100][gc,phases   ] GC(9)   Evacuate Collection Set: 2,2ms
[2024-11-04T22:46:33.160+0100][gc,phases   ] GC(9)   Post Evacuate Collection Set: 0,4ms
[2024-11-04T22:46:33.160+0100][gc,phases   ] GC(9)   Other: 0,1ms
[2024-11-04T22:46:33.160+0100][gc,heap     ] GC(9) Eden regions: 48->0(45)
[2024-11-04T22:46:33.160+0100][gc,heap     ] GC(9) Survivor regions: 3->6(7)
[2024-11-04T22:46:33.160+0100][gc,heap     ] GC(9) Old regions: 16->16
[2024-11-04T22:46:33.160+0100][gc,heap     ] GC(9) Humongous regions: 129->129
[2024-11-04T22:46:33.160+0100][gc,metaspace] GC(9) Metaspace: 45633K(46400K)->45633K(46400K) NonClass: 39937K(40384K)->39937K(40384K) Class: 5695K(6016K)->5695K(6016K)
[2024-11-04T22:46:33.160+0100][gc          ] GC(9) Pause Young (Normal) (G1 Evacuation Pause) 195M->150M(1024M) 3,406ms
[2024-11-04T22:46:33.160+0100][gc,cpu      ] GC(9) User=0,03s Sys=0,00s Real=0,00s
[2024-11-04T22:53:17.240+0100][gc,start    ] GC(10) Pause Young (Normal) (G1 Evacuation Pause)
[2024-11-04T22:53:17.240+0100][gc,task     ] GC(10) Using 13 workers of 13 for evacuation
[2024-11-04T22:53:17.242+0100][gc,phases   ] GC(10)   Pre Evacuate Collection Set: 0,3ms
[2024-11-04T22:53:17.242+0100][gc,phases   ] GC(10)   Merge Heap Roots: 0,1ms
[2024-11-04T22:53:17.242+0100][gc,phases   ] GC(10)   Evacuate Collection Set: 1,8ms
[2024-11-04T22:53:17.242+0100][gc,phases   ] GC(10)   Post Evacuate Collection Set: 0,4ms
[2024-11-04T22:53:17.242+0100][gc,phases   ] GC(10)   Other: 0,1ms
[2024-11-04T22:53:17.242+0100][gc,heap     ] GC(10) Eden regions: 45->0(47)
[2024-11-04T22:53:17.242+0100][gc,heap     ] GC(10) Survivor regions: 6->4(7)
[2024-11-04T22:53:17.242+0100][gc,heap     ] GC(10) Old regions: 16->18
[2024-11-04T22:53:17.242+0100][gc,heap     ] GC(10) Humongous regions: 129->129
[2024-11-04T22:53:17.242+0100][gc,metaspace] GC(10) Metaspace: 46173K(46848K)->46173K(46848K) NonClass: 40462K(40832K)->40462K(40832K) Class: 5711K(6016K)->5711K(6016K)
[2024-11-04T22:53:17.242+0100][gc          ] GC(10) Pause Young (Normal) (G1 Evacuation Pause) 195M->150M(1024M) 2,862ms
[2024-11-04T22:53:17.243+0100][gc,cpu      ] GC(10) User=0,03s Sys=0,00s Real=0,00s
[2024-11-04T22:59:47.018+0100][gc,start    ] GC(11) Pause Young (Normal) (G1 Evacuation Pause)
[2024-11-04T22:59:47.018+0100][gc,task     ] GC(11) Using 13 workers of 13 for evacuation
[2024-11-04T22:59:47.020+0100][gc,phases   ] GC(11)   Pre Evacuate Collection Set: 0,2ms
[2024-11-04T22:59:47.020+0100][gc,phases   ] GC(11)   Merge Heap Roots: 0,1ms
[2024-11-04T22:59:47.020+0100][gc,phases   ] GC(11)   Evacuate Collection Set: 1,1ms
[2024-11-04T22:59:47.020+0100][gc,phases   ] GC(11)   Post Evacuate Collection Set: 0,3ms
[2024-11-04T22:59:47.020+0100][gc,phases   ] GC(11)   Other: 0,1ms
[2024-11-04T22:59:47.020+0100][gc,heap     ] GC(11) Eden regions: 47->0(49)
[2024-11-04T22:59:47.020+0100][gc,heap     ] GC(11) Survivor regions: 4->5(7)
[2024-11-04T22:59:47.020+0100][gc,heap     ] GC(11) Old regions: 18->18
[2024-11-04T22:59:47.020+0100][gc,heap     ] GC(11) Humongous regions: 129->129
[2024-11-04T22:59:47.020+0100][gc,metaspace] GC(11) Metaspace: 46545K(47232K)->46545K(47232K) NonClass: 40834K(41216K)->40834K(41216K) Class: 5711K(6016K)->5711K(6016K)
[2024-11-04T22:59:47.020+0100][gc          ] GC(11) Pause Young (Normal) (G1 Evacuation Pause) 197M->150M(1024M) 1,763ms
[2024-11-04T22:59:47.020+0100][gc,cpu      ] GC(11) User=0,01s Sys=0,00s Real=0,00s
[2024-11-04T23:17:24.827+0100][gc,start    ] GC(12) Pause Young (Normal) (G1 Evacuation Pause)
[2024-11-04T23:17:24.827+0100][gc,task     ] GC(12) Using 13 workers of 13 for evacuation
[2024-11-04T23:17:24.829+0100][gc,phases   ] GC(12)   Pre Evacuate Collection Set: 0,2ms
[2024-11-04T23:17:24.829+0100][gc,phases   ] GC(12)   Merge Heap Roots: 0,1ms
[2024-11-04T23:17:24.829+0100][gc,phases   ] GC(12)   Evacuate Collection Set: 1,3ms
[2024-11-04T23:17:24.829+0100][gc,phases   ] GC(12)   Post Evacuate Collection Set: 0,2ms
[2024-11-04T23:17:24.829+0100][gc,phases   ] GC(12)   Other: 0,1ms
[2024-11-04T23:17:24.829+0100][gc,heap     ] GC(12) Eden regions: 49->0(119)
[2024-11-04T23:17:24.829+0100][gc,heap     ] GC(12) Survivor regions: 5->3(7)
[2024-11-04T23:17:24.829+0100][gc,heap     ] GC(12) Old regions: 18->20
[2024-11-04T23:17:24.829+0100][gc,heap     ] GC(12) Humongous regions: 129->129
[2024-11-04T23:17:24.829+0100][gc,metaspace] GC(12) Metaspace: 46887K(47552K)->46887K(47552K) NonClass: 41170K(41536K)->41170K(41536K) Class: 5716K(6016K)->5716K(6016K)
[2024-11-04T23:17:24.829+0100][gc          ] GC(12) Pause Young (Normal) (G1 Evacuation Pause) 199M->151M(1024M) 2,013ms
[2024-11-04T23:17:24.829+0100][gc,cpu      ] GC(12) User=0,02s Sys=0,00s Real=0,00s
[2024-11-04T23:50:44.722+0100][gc,heap,exit] Heap
[2024-11-04T23:50:44.723+0100][gc,heap,exit]  garbage-first heap   total 1048576K, used 249789K [0x00000000c0000000, 0x0000000100000000)
[2024-11-04T23:50:44.723+0100][gc,heap,exit]   region size 1024K, 96 young (98304K), 3 survivors (3072K)
[2024-11-04T23:50:44.723+0100][gc,heap,exit]  Metaspace       used 48048K, committed 48768K, reserved 1114112K
[2024-11-04T23:50:44.723+0100][gc,heap,exit]   class space    used 5902K, committed 6208K, reserved 1048576K
