[2024-11-08T08:50:10.401+0100][gc,init] CardTable entry size: 512
[2024-11-08T08:50:10.401+0100][gc     ] Using G1
[2024-11-08T08:50:10.404+0100][gc,init] Version: 21.0.4+7-Ubuntu-1ubuntu224.04 (release)
[2024-11-08T08:50:10.404+0100][gc,init] CPUs: 16 total, 16 available
[2024-11-08T08:50:10.404+0100][gc,init] Memory: 15262M
[2024-11-08T08:50:10.404+0100][gc,init] Large Page Support: Disabled
[2024-11-08T08:50:10.404+0100][gc,init] NUMA Support: Disabled
[2024-11-08T08:50:10.404+0100][gc,init] Compressed Oops: Enabled (32-bit)
[2024-11-08T08:50:10.404+0100][gc,init] Heap Region Size: 1M
[2024-11-08T08:50:10.404+0100][gc,init] Heap Min Capacity: 512M
[2024-11-08T08:50:10.404+0100][gc,init] Heap Initial Capacity: 512M
[2024-11-08T08:50:10.404+0100][gc,init] Heap Max Capacity: 512M
[2024-11-08T08:50:10.404+0100][gc,init] Pre-touch: Disabled
[2024-11-08T08:50:10.404+0100][gc,init] Parallel Workers: 13
[2024-11-08T08:50:10.404+0100][gc,init] Concurrent Workers: 3
[2024-11-08T08:50:10.404+0100][gc,init] Concurrent Refinement Workers: 13
[2024-11-08T08:50:10.404+0100][gc,init] Periodic GC: Disabled
[2024-11-08T08:50:10.409+0100][gc,metaspace] CDS archive(s) mapped at: [0x000075b36b000000-0x000075b36bcae000-0x000075b36bcae000), size 13295616, SharedBaseAddress: 0x000075b36b000000, ArchiveRelocationMode: 1.
[2024-11-08T08:50:10.409+0100][gc,metaspace] Compressed class space mapped at: 0x000075b36c000000-0x000075b3ac000000, reserved size: 1073741824
[2024-11-08T08:50:10.409+0100][gc,metaspace] Narrow klass base: 0x000075b36b000000, Narrow klass shift: 0, Narrow klass range: 0x100000000
[2024-11-08T08:50:10.805+0100][gc,start    ] GC(0) Pause Young (Normal) (G1 Evacuation Pause)
[2024-11-08T08:50:10.806+0100][gc,task     ] GC(0) Using 12 workers of 13 for evacuation
[2024-11-08T08:50:10.809+0100][gc,phases   ] GC(0)   Pre Evacuate Collection Set: 0,1ms
[2024-11-08T08:50:10.809+0100][gc,phases   ] GC(0)   Merge Heap Roots: 0,1ms
[2024-11-08T08:50:10.809+0100][gc,phases   ] GC(0)   Evacuate Collection Set: 2,0ms
[2024-11-08T08:50:10.809+0100][gc,phases   ] GC(0)   Post Evacuate Collection Set: 0,4ms
[2024-11-08T08:50:10.809+0100][gc,phases   ] GC(0)   Other: 1,0ms
[2024-11-08T08:50:10.809+0100][gc,heap     ] GC(0) Eden regions: 25->0(21)
[2024-11-08T08:50:10.809+0100][gc,heap     ] GC(0) Survivor regions: 0->4(4)
[2024-11-08T08:50:10.809+0100][gc,heap     ] GC(0) Old regions: 2->7
[2024-11-08T08:50:10.809+0100][gc,heap     ] GC(0) Humongous regions: 0->0
[2024-11-08T08:50:10.809+0100][gc,metaspace] GC(0) Metaspace: 8364K(8512K)->8364K(8512K) NonClass: 7509K(7616K)->7509K(7616K) Class: 855K(896K)->855K(896K)
[2024-11-08T08:50:10.809+0100][gc          ] GC(0) Pause Young (Normal) (G1 Evacuation Pause) 26M->9M(512M) 3,649ms
[2024-11-08T08:50:10.809+0100][gc,cpu      ] GC(0) User=0,03s Sys=0,01s Real=0,00s
[2024-11-08T09:19:11.585+0100][gc,start    ] GC(1) Pause Young (Normal) (G1 Evacuation Pause)
[2024-11-08T09:19:11.585+0100][gc,task     ] GC(1) Using 12 workers of 13 for evacuation
[2024-11-08T09:19:11.586+0100][gc,phases   ] GC(1)   Pre Evacuate Collection Set: 0,1ms
[2024-11-08T09:19:11.586+0100][gc,phases   ] GC(1)   Merge Heap Roots: 0,0ms
[2024-11-08T09:19:11.586+0100][gc,phases   ] GC(1)   Evacuate Collection Set: 0,9ms
[2024-11-08T09:19:11.586+0100][gc,phases   ] GC(1)   Post Evacuate Collection Set: 0,2ms
[2024-11-08T09:19:11.586+0100][gc,phases   ] GC(1)   Other: 0,0ms
[2024-11-08T09:19:11.586+0100][gc,heap     ] GC(1) Eden regions: 21->0(23)
[2024-11-08T09:19:11.586+0100][gc,heap     ] GC(1) Survivor regions: 4->2(4)
[2024-11-08T09:19:11.586+0100][gc,heap     ] GC(1) Old regions: 7->11
[2024-11-08T09:19:11.586+0100][gc,heap     ] GC(1) Humongous regions: 0->0
[2024-11-08T09:19:11.586+0100][gc,metaspace] GC(1) Metaspace: 10015K(10240K)->10015K(10240K) NonClass: 9043K(9152K)->9043K(9152K) Class: 972K(1088K)->972K(1088K)
[2024-11-08T09:19:11.586+0100][gc          ] GC(1) Pause Young (Normal) (G1 Evacuation Pause) 30M->10M(512M) 1,375ms
[2024-11-08T09:19:11.586+0100][gc,cpu      ] GC(1) User=0,01s Sys=0,00s Real=0,00s
[2024-11-08T10:06:08.935+0100][gc,start    ] GC(2) Pause Young (Normal) (G1 Evacuation Pause)
[2024-11-08T10:06:08.935+0100][gc,task     ] GC(2) Using 12 workers of 13 for evacuation
[2024-11-08T10:06:08.936+0100][gc,phases   ] GC(2)   Pre Evacuate Collection Set: 0,1ms
[2024-11-08T10:06:08.936+0100][gc,phases   ] GC(2)   Merge Heap Roots: 0,0ms
[2024-11-08T10:06:08.936+0100][gc,phases   ] GC(2)   Evacuate Collection Set: 0,4ms
[2024-11-08T10:06:08.936+0100][gc,phases   ] GC(2)   Post Evacuate Collection Set: 0,2ms
[2024-11-08T10:06:08.936+0100][gc,phases   ] GC(2)   Other: 0,1ms
[2024-11-08T10:06:08.936+0100][gc,heap     ] GC(2) Eden regions: 23->0(23)
[2024-11-08T10:06:08.936+0100][gc,heap     ] GC(2) Survivor regions: 2->2(4)
[2024-11-08T10:06:08.936+0100][gc,heap     ] GC(2) Old regions: 11->11
[2024-11-08T10:06:08.936+0100][gc,heap     ] GC(2) Humongous regions: 0->0
[2024-11-08T10:06:08.936+0100][gc,metaspace] GC(2) Metaspace: 10071K(10304K)->10071K(10304K) NonClass: 9099K(9216K)->9099K(9216K) Class: 972K(1088K)->972K(1088K)
[2024-11-08T10:06:08.936+0100][gc          ] GC(2) Pause Young (Normal) (G1 Evacuation Pause) 33M->10M(512M) 0,918ms
[2024-11-08T10:06:08.936+0100][gc,cpu      ] GC(2) User=0,00s Sys=0,00s Real=0,00s
[2024-11-08T11:00:07.066+0100][gc,start    ] GC(3) Pause Young (Normal) (G1 Evacuation Pause)
[2024-11-08T11:00:07.067+0100][gc,task     ] GC(3) Using 12 workers of 13 for evacuation
[2024-11-08T11:00:07.068+0100][gc,phases   ] GC(3)   Pre Evacuate Collection Set: 0,1ms
[2024-11-08T11:00:07.068+0100][gc,phases   ] GC(3)   Merge Heap Roots: 0,0ms
[2024-11-08T11:00:07.068+0100][gc,phases   ] GC(3)   Evacuate Collection Set: 0,7ms
[2024-11-08T11:00:07.068+0100][gc,phases   ] GC(3)   Post Evacuate Collection Set: 0,2ms
[2024-11-08T11:00:07.068+0100][gc,phases   ] GC(3)   Other: 0,1ms
[2024-11-08T11:00:07.068+0100][gc,heap     ] GC(3) Eden regions: 23->0(23)
[2024-11-08T11:00:07.068+0100][gc,heap     ] GC(3) Survivor regions: 2->2(4)
[2024-11-08T11:00:07.068+0100][gc,heap     ] GC(3) Old regions: 11->11
[2024-11-08T11:00:07.068+0100][gc,heap     ] GC(3) Humongous regions: 0->0
[2024-11-08T11:00:07.068+0100][gc,metaspace] GC(3) Metaspace: 10085K(10304K)->10085K(10304K) NonClass: 9113K(9216K)->9113K(9216K) Class: 972K(1088K)->972K(1088K)
[2024-11-08T11:00:07.068+0100][gc          ] GC(3) Pause Young (Normal) (G1 Evacuation Pause) 33M->10M(512M) 1,323ms
[2024-11-08T11:00:07.068+0100][gc,cpu      ] GC(3) User=0,01s Sys=0,00s Real=0,00s
[2024-11-08T11:37:40.497+0100][gc,start    ] GC(4) Pause Young (Normal) (G1 Evacuation Pause)
[2024-11-08T11:37:40.497+0100][gc,task     ] GC(4) Using 12 workers of 13 for evacuation
[2024-11-08T11:37:40.498+0100][gc,phases   ] GC(4)   Pre Evacuate Collection Set: 0,1ms
[2024-11-08T11:37:40.498+0100][gc,phases   ] GC(4)   Merge Heap Roots: 0,0ms
[2024-11-08T11:37:40.498+0100][gc,phases   ] GC(4)   Evacuate Collection Set: 0,7ms
[2024-11-08T11:37:40.498+0100][gc,phases   ] GC(4)   Post Evacuate Collection Set: 0,3ms
[2024-11-08T11:37:40.498+0100][gc,phases   ] GC(4)   Other: 0,1ms
[2024-11-08T11:37:40.498+0100][gc,heap     ] GC(4) Eden regions: 23->0(23)
[2024-11-08T11:37:40.498+0100][gc,heap     ] GC(4) Survivor regions: 2->2(4)
[2024-11-08T11:37:40.498+0100][gc,heap     ] GC(4) Old regions: 11->11
[2024-11-08T11:37:40.498+0100][gc,heap     ] GC(4) Humongous regions: 0->0
[2024-11-08T11:37:40.498+0100][gc,metaspace] GC(4) Metaspace: 10088K(10304K)->10088K(10304K) NonClass: 9116K(9216K)->9116K(9216K) Class: 972K(1088K)->972K(1088K)
[2024-11-08T11:37:40.498+0100][gc          ] GC(4) Pause Young (Normal) (G1 Evacuation Pause) 33M->10M(512M) 1,404ms
[2024-11-08T11:37:40.499+0100][gc,cpu      ] GC(4) User=0,01s Sys=0,00s Real=0,00s
[2024-11-08T11:50:58.493+0100][gc,heap,exit] Heap
[2024-11-08T11:50:58.493+0100][gc,heap,exit]  garbage-first heap   total 524288K, used 17882K [0x00000000e0000000, 0x0000000100000000)
[2024-11-08T11:50:58.493+0100][gc,heap,exit]   region size 1024K, 10 young (10240K), 2 survivors (2048K)
[2024-11-08T11:50:58.493+0100][gc,heap,exit]  Metaspace       used 10092K, committed 10304K, reserved 1114112K
[2024-11-08T11:50:58.493+0100][gc,heap,exit]   class space    used 972K, committed 1088K, reserved 1048576K
