[2024-11-03T21:47:11.096+0100][gc,init] CardTable entry size: 512
[2024-11-03T21:47:11.096+0100][gc     ] Using G1
[2024-11-03T21:47:11.100+0100][gc,init] Version: 21.0.4+7-Ubuntu-1ubuntu224.04 (release)
[2024-11-03T21:47:11.100+0100][gc,init] CPUs: 16 total, 16 available
[2024-11-03T21:47:11.100+0100][gc,init] Memory: 15262M
[2024-11-03T21:47:11.100+0100][gc,init] Large Page Support: Disabled
[2024-11-03T21:47:11.100+0100][gc,init] NUMA Support: Disabled
[2024-11-03T21:47:11.100+0100][gc,init] Compressed Oops: Enabled (32-bit)
[2024-11-03T21:47:11.100+0100][gc,init] Heap Region Size: 1M
[2024-11-03T21:47:11.100+0100][gc,init] Heap Min Capacity: 512M
[2024-11-03T21:47:11.100+0100][gc,init] Heap Initial Capacity: 512M
[2024-11-03T21:47:11.100+0100][gc,init] Heap Max Capacity: 512M
[2024-11-03T21:47:11.100+0100][gc,init] Pre-touch: Disabled
[2024-11-03T21:47:11.100+0100][gc,init] Parallel Workers: 13
[2024-11-03T21:47:11.100+0100][gc,init] Concurrent Workers: 3
[2024-11-03T21:47:11.100+0100][gc,init] Concurrent Refinement Workers: 13
[2024-11-03T21:47:11.100+0100][gc,init] Periodic GC: Disabled
[2024-11-03T21:47:11.104+0100][gc,metaspace] CDS archive(s) mapped at: [0x000075399b000000-0x000075399bcae000-0x000075399bcae000), size 13295616, SharedBaseAddress: 0x000075399b000000, ArchiveRelocationMode: 1.
[2024-11-03T21:47:11.104+0100][gc,metaspace] Compressed class space mapped at: 0x000075399c000000-0x00007539dc000000, reserved size: 1073741824
[2024-11-03T21:47:11.104+0100][gc,metaspace] Narrow klass base: 0x000075399b000000, Narrow klass shift: 0, Narrow klass range: 0x100000000
[2024-11-03T21:47:11.354+0100][gc,start    ] GC(0) Pause Young (Normal) (G1 Evacuation Pause)
[2024-11-03T21:47:11.355+0100][gc,task     ] GC(0) Using 12 workers of 13 for evacuation
[2024-11-03T21:47:11.357+0100][gc,phases   ] GC(0)   Pre Evacuate Collection Set: 0,1ms
[2024-11-03T21:47:11.357+0100][gc,phases   ] GC(0)   Merge Heap Roots: 0,0ms
[2024-11-03T21:47:11.357+0100][gc,phases   ] GC(0)   Evacuate Collection Set: 2,0ms
[2024-11-03T21:47:11.357+0100][gc,phases   ] GC(0)   Post Evacuate Collection Set: 0,3ms
[2024-11-03T21:47:11.357+0100][gc,phases   ] GC(0)   Other: 1,1ms
[2024-11-03T21:47:11.357+0100][gc,heap     ] GC(0) Eden regions: 25->0(21)
[2024-11-03T21:47:11.357+0100][gc,heap     ] GC(0) Survivor regions: 0->4(4)
[2024-11-03T21:47:11.357+0100][gc,heap     ] GC(0) Old regions: 2->7
[2024-11-03T21:47:11.357+0100][gc,heap     ] GC(0) Humongous regions: 0->0
[2024-11-03T21:47:11.357+0100][gc,metaspace] GC(0) Metaspace: 8364K(8448K)->8364K(8448K) NonClass: 7506K(7552K)->7506K(7552K) Class: 857K(896K)->857K(896K)
[2024-11-03T21:47:11.357+0100][gc          ] GC(0) Pause Young (Normal) (G1 Evacuation Pause) 26M->9M(512M) 3,664ms
[2024-11-03T21:47:11.357+0100][gc,cpu      ] GC(0) User=0,03s Sys=0,01s Real=0,00s
[2024-11-03T23:39:07.749+0100][gc,start    ] GC(1) Pause Young (Normal) (G1 Evacuation Pause)
[2024-11-03T23:39:07.749+0100][gc,task     ] GC(1) Using 12 workers of 13 for evacuation
[2024-11-03T23:39:07.751+0100][gc,phases   ] GC(1)   Pre Evacuate Collection Set: 0,1ms
[2024-11-03T23:39:07.751+0100][gc,phases   ] GC(1)   Merge Heap Roots: 0,0ms
[2024-11-03T23:39:07.751+0100][gc,phases   ] GC(1)   Evacuate Collection Set: 1,0ms
[2024-11-03T23:39:07.751+0100][gc,phases   ] GC(1)   Post Evacuate Collection Set: 0,2ms
[2024-11-03T23:39:07.751+0100][gc,phases   ] GC(1)   Other: 0,1ms
[2024-11-03T23:39:07.751+0100][gc,heap     ] GC(1) Eden regions: 21->0(24)
[2024-11-03T23:39:07.751+0100][gc,heap     ] GC(1) Survivor regions: 4->1(4)
[2024-11-03T23:39:07.751+0100][gc,heap     ] GC(1) Old regions: 7->11
[2024-11-03T23:39:07.751+0100][gc,heap     ] GC(1) Humongous regions: 0->0
[2024-11-03T23:39:07.751+0100][gc,metaspace] GC(1) Metaspace: 9994K(10240K)->9994K(10240K) NonClass: 9021K(9152K)->9021K(9152K) Class: 973K(1088K)->973K(1088K)
[2024-11-03T23:39:07.751+0100][gc          ] GC(1) Pause Young (Normal) (G1 Evacuation Pause) 30M->10M(512M) 1,552ms
[2024-11-03T23:39:07.751+0100][gc,cpu      ] GC(1) User=0,01s Sys=0,00s Real=0,00s
[2024-11-04T02:03:40.043+0100][gc,start    ] GC(2) Pause Young (Normal) (G1 Evacuation Pause)
[2024-11-04T02:03:40.044+0100][gc,task     ] GC(2) Using 12 workers of 13 for evacuation
[2024-11-04T02:03:40.045+0100][gc,phases   ] GC(2)   Pre Evacuate Collection Set: 0,2ms
[2024-11-04T02:03:40.045+0100][gc,phases   ] GC(2)   Merge Heap Roots: 0,0ms
[2024-11-04T02:03:40.045+0100][gc,phases   ] GC(2)   Evacuate Collection Set: 0,5ms
[2024-11-04T02:03:40.045+0100][gc,phases   ] GC(2)   Post Evacuate Collection Set: 0,2ms
[2024-11-04T02:03:40.045+0100][gc,phases   ] GC(2)   Other: 0,1ms
[2024-11-04T02:03:40.045+0100][gc,heap     ] GC(2) Eden regions: 24->0(23)
[2024-11-04T02:03:40.045+0100][gc,heap     ] GC(2) Survivor regions: 1->2(4)
[2024-11-04T02:03:40.045+0100][gc,heap     ] GC(2) Old regions: 11->11
[2024-11-04T02:03:40.045+0100][gc,heap     ] GC(2) Humongous regions: 0->0
[2024-11-04T02:03:40.045+0100][gc,metaspace] GC(2) Metaspace: 10074K(10304K)->10074K(10304K) NonClass: 9101K(9216K)->9101K(9216K) Class: 973K(1088K)->973K(1088K)
[2024-11-04T02:03:40.045+0100][gc          ] GC(2) Pause Young (Normal) (G1 Evacuation Pause) 34M->10M(512M) 1,199ms
[2024-11-04T02:03:40.045+0100][gc,cpu      ] GC(2) User=0,00s Sys=0,00s Real=0,00s
[2024-11-04T02:56:32.797+0100][gc,start    ] GC(3) Pause Young (Normal) (G1 Evacuation Pause)
[2024-11-04T02:56:32.797+0100][gc,task     ] GC(3) Using 12 workers of 13 for evacuation
[2024-11-04T02:56:32.798+0100][gc,phases   ] GC(3)   Pre Evacuate Collection Set: 0,1ms
[2024-11-04T02:56:32.798+0100][gc,phases   ] GC(3)   Merge Heap Roots: 0,0ms
[2024-11-04T02:56:32.798+0100][gc,phases   ] GC(3)   Evacuate Collection Set: 0,4ms
[2024-11-04T02:56:32.798+0100][gc,phases   ] GC(3)   Post Evacuate Collection Set: 0,2ms
[2024-11-04T02:56:32.798+0100][gc,phases   ] GC(3)   Other: 0,1ms
[2024-11-04T02:56:32.798+0100][gc,heap     ] GC(3) Eden regions: 23->0(23)
[2024-11-04T02:56:32.798+0100][gc,heap     ] GC(3) Survivor regions: 2->2(4)
[2024-11-04T02:56:32.798+0100][gc,heap     ] GC(3) Old regions: 11->11
[2024-11-04T02:56:32.798+0100][gc,heap     ] GC(3) Humongous regions: 0->0
[2024-11-04T02:56:32.798+0100][gc,metaspace] GC(3) Metaspace: 10084K(10304K)->10084K(10304K) NonClass: 9111K(9216K)->9111K(9216K) Class: 973K(1088K)->973K(1088K)
[2024-11-04T02:56:32.798+0100][gc          ] GC(3) Pause Young (Normal) (G1 Evacuation Pause) 33M->10M(512M) 0,955ms
[2024-11-04T02:56:32.798+0100][gc,cpu      ] GC(3) User=0,00s Sys=0,00s Real=0,00s
[2024-11-04T03:01:17.106+0100][gc,heap,exit] Heap
[2024-11-04T03:01:17.106+0100][gc,heap,exit]  garbage-first heap   total 524288K, used 15860K [0x00000000e0000000, 0x0000000100000000)
[2024-11-04T03:01:17.106+0100][gc,heap,exit]   region size 1024K, 7 young (7168K), 2 survivors (2048K)
[2024-11-04T03:01:17.106+0100][gc,heap,exit]  Metaspace       used 10087K, committed 10304K, reserved 1114112K
[2024-11-04T03:01:17.106+0100][gc,heap,exit]   class space    used 973K, committed 1088K, reserved 1048576K
