[2024-11-03T18:27:36.428+0100][gc,init] CardTable entry size: 512
[2024-11-03T18:27:36.428+0100][gc     ] Using G1
[2024-11-03T18:27:36.432+0100][gc,init] Version: 21.0.4+7-Ubuntu-1ubuntu224.04 (release)
[2024-11-03T18:27:36.432+0100][gc,init] CPUs: 16 total, 16 available
[2024-11-03T18:27:36.432+0100][gc,init] Memory: 15262M
[2024-11-03T18:27:36.432+0100][gc,init] Large Page Support: Disabled
[2024-11-03T18:27:36.432+0100][gc,init] NUMA Support: Disabled
[2024-11-03T18:27:36.432+0100][gc,init] Compressed Oops: Enabled (32-bit)
[2024-11-03T18:27:36.432+0100][gc,init] Heap Region Size: 1M
[2024-11-03T18:27:36.432+0100][gc,init] Heap Min Capacity: 512M
[2024-11-03T18:27:36.432+0100][gc,init] Heap Initial Capacity: 512M
[2024-11-03T18:27:36.432+0100][gc,init] Heap Max Capacity: 512M
[2024-11-03T18:27:36.432+0100][gc,init] Pre-touch: Disabled
[2024-11-03T18:27:36.432+0100][gc,init] Parallel Workers: 13
[2024-11-03T18:27:36.432+0100][gc,init] Concurrent Workers: 3
[2024-11-03T18:27:36.432+0100][gc,init] Concurrent Refinement Workers: 13
[2024-11-03T18:27:36.432+0100][gc,init] Periodic GC: Disabled
[2024-11-03T18:27:36.437+0100][gc,metaspace] CDS archive(s) mapped at: [0x00007475af000000-0x00007475afcae000-0x00007475afcae000), size 13295616, SharedBaseAddress: 0x00007475af000000, ArchiveRelocationMode: 1.
[2024-11-03T18:27:36.437+0100][gc,metaspace] Compressed class space mapped at: 0x00007475b0000000-0x00007475f0000000, reserved size: 1073741824
[2024-11-03T18:27:36.437+0100][gc,metaspace] Narrow klass base: 0x00007475af000000, Narrow klass shift: 0, Narrow klass range: 0x100000000
[2024-11-03T18:27:36.844+0100][gc,start    ] GC(0) Pause Young (Normal) (G1 Evacuation Pause)
[2024-11-03T18:27:36.845+0100][gc,task     ] GC(0) Using 12 workers of 13 for evacuation
[2024-11-03T18:27:36.847+0100][gc,phases   ] GC(0)   Pre Evacuate Collection Set: 0,1ms
[2024-11-03T18:27:36.847+0100][gc,phases   ] GC(0)   Merge Heap Roots: 0,0ms
[2024-11-03T18:27:36.847+0100][gc,phases   ] GC(0)   Evacuate Collection Set: 1,3ms
[2024-11-03T18:27:36.847+0100][gc,phases   ] GC(0)   Post Evacuate Collection Set: 0,3ms
[2024-11-03T18:27:36.847+0100][gc,phases   ] GC(0)   Other: 0,7ms
[2024-11-03T18:27:36.847+0100][gc,heap     ] GC(0) Eden regions: 25->0(21)
[2024-11-03T18:27:36.847+0100][gc,heap     ] GC(0) Survivor regions: 0->4(4)
[2024-11-03T18:27:36.847+0100][gc,heap     ] GC(0) Old regions: 2->7
[2024-11-03T18:27:36.847+0100][gc,heap     ] GC(0) Humongous regions: 0->0
[2024-11-03T18:27:36.847+0100][gc,metaspace] GC(0) Metaspace: 8354K(8448K)->8354K(8448K) NonClass: 7499K(7552K)->7499K(7552K) Class: 854K(896K)->854K(896K)
[2024-11-03T18:27:36.847+0100][gc          ] GC(0) Pause Young (Normal) (G1 Evacuation Pause) 26M->9M(512M) 2,685ms
[2024-11-03T18:27:36.847+0100][gc,cpu      ] GC(0) User=0,02s Sys=0,01s Real=0,00s
[2024-11-03T18:40:24.093+0100][gc,start    ] GC(1) Pause Young (Normal) (G1 Evacuation Pause)
[2024-11-03T18:40:24.093+0100][gc,task     ] GC(1) Using 12 workers of 13 for evacuation
[2024-11-03T18:40:24.094+0100][gc,phases   ] GC(1)   Pre Evacuate Collection Set: 0,1ms
[2024-11-03T18:40:24.094+0100][gc,phases   ] GC(1)   Merge Heap Roots: 0,0ms
[2024-11-03T18:40:24.094+0100][gc,phases   ] GC(1)   Evacuate Collection Set: 0,9ms
[2024-11-03T18:40:24.094+0100][gc,phases   ] GC(1)   Post Evacuate Collection Set: 0,2ms
[2024-11-03T18:40:24.094+0100][gc,phases   ] GC(1)   Other: 0,0ms
[2024-11-03T18:40:24.094+0100][gc,heap     ] GC(1) Eden regions: 21->0(23)
[2024-11-03T18:40:24.094+0100][gc,heap     ] GC(1) Survivor regions: 4->2(4)
[2024-11-03T18:40:24.094+0100][gc,heap     ] GC(1) Old regions: 7->11
[2024-11-03T18:40:24.094+0100][gc,heap     ] GC(1) Humongous regions: 0->0
[2024-11-03T18:40:24.094+0100][gc,metaspace] GC(1) Metaspace: 9995K(10176K)->9995K(10176K) NonClass: 9023K(9088K)->9023K(9088K) Class: 972K(1088K)->972K(1088K)
[2024-11-03T18:40:24.094+0100][gc          ] GC(1) Pause Young (Normal) (G1 Evacuation Pause) 30M->10M(512M) 1,367ms
[2024-11-03T18:40:24.094+0100][gc,cpu      ] GC(1) User=0,00s Sys=0,00s Real=0,00s
[2024-11-03T18:42:01.013+0100][gc,heap,exit] Heap
[2024-11-03T18:42:01.013+0100][gc,heap,exit]  garbage-first heap   total 524288K, used 13581K [0x00000000e0000000, 0x0000000100000000)
[2024-11-03T18:42:01.013+0100][gc,heap,exit]   region size 1024K, 6 young (6144K), 2 survivors (2048K)
[2024-11-03T18:42:01.013+0100][gc,heap,exit]  Metaspace       used 10002K, committed 10240K, reserved 1114112K
[2024-11-03T18:42:01.013+0100][gc,heap,exit]   class space    used 972K, committed 1088K, reserved 1048576K
