[2024-11-03T21:46:24.292+0100][gc,init] CardTable entry size: 512
[2024-11-03T21:46:24.292+0100][gc     ] Using G1
[2024-11-03T21:46:24.296+0100][gc,init] Version: 21.0.4+7-Ubuntu-1ubuntu224.04 (release)
[2024-11-03T21:46:24.296+0100][gc,init] CPUs: 16 total, 16 available
[2024-11-03T21:46:24.296+0100][gc,init] Memory: 15262M
[2024-11-03T21:46:24.296+0100][gc,init] Large Page Support: Disabled
[2024-11-03T21:46:24.296+0100][gc,init] NUMA Support: Disabled
[2024-11-03T21:46:24.296+0100][gc,init] Compressed Oops: Enabled (32-bit)
[2024-11-03T21:46:24.296+0100][gc,init] Heap Region Size: 1M
[2024-11-03T21:46:24.296+0100][gc,init] Heap Min Capacity: 512M
[2024-11-03T21:46:24.296+0100][gc,init] Heap Initial Capacity: 512M
[2024-11-03T21:46:24.296+0100][gc,init] Heap Max Capacity: 512M
[2024-11-03T21:46:24.296+0100][gc,init] Pre-touch: Disabled
[2024-11-03T21:46:24.296+0100][gc,init] Parallel Workers: 13
[2024-11-03T21:46:24.296+0100][gc,init] Concurrent Workers: 3
[2024-11-03T21:46:24.296+0100][gc,init] Concurrent Refinement Workers: 13
[2024-11-03T21:46:24.296+0100][gc,init] Periodic GC: Disabled
[2024-11-03T21:46:24.301+0100][gc,metaspace] CDS archive(s) mapped at: [0x000078a4c3000000-0x000078a4c3cae000-0x000078a4c3cae000), size 13295616, SharedBaseAddress: 0x000078a4c3000000, ArchiveRelocationMode: 1.
[2024-11-03T21:46:24.301+0100][gc,metaspace] Compressed class space mapped at: 0x000078a4c4000000-0x000078a504000000, reserved size: 1073741824
[2024-11-03T21:46:24.301+0100][gc,metaspace] Narrow klass base: 0x000078a4c3000000, Narrow klass shift: 0, Narrow klass range: 0x100000000
[2024-11-03T21:46:24.674+0100][gc,start    ] GC(0) Pause Young (Normal) (G1 Evacuation Pause)
[2024-11-03T21:46:24.675+0100][gc,task     ] GC(0) Using 12 workers of 13 for evacuation
[2024-11-03T21:46:24.677+0100][gc,phases   ] GC(0)   Pre Evacuate Collection Set: 0,1ms
[2024-11-03T21:46:24.677+0100][gc,phases   ] GC(0)   Merge Heap Roots: 0,0ms
[2024-11-03T21:46:24.677+0100][gc,phases   ] GC(0)   Evacuate Collection Set: 1,9ms
[2024-11-03T21:46:24.677+0100][gc,phases   ] GC(0)   Post Evacuate Collection Set: 0,2ms
[2024-11-03T21:46:24.677+0100][gc,phases   ] GC(0)   Other: 0,8ms
[2024-11-03T21:46:24.677+0100][gc,heap     ] GC(0) Eden regions: 25->0(21)
[2024-11-03T21:46:24.677+0100][gc,heap     ] GC(0) Survivor regions: 0->4(4)
[2024-11-03T21:46:24.677+0100][gc,heap     ] GC(0) Old regions: 2->6
[2024-11-03T21:46:24.677+0100][gc,heap     ] GC(0) Humongous regions: 0->0
[2024-11-03T21:46:24.677+0100][gc,metaspace] GC(0) Metaspace: 8181K(8320K)->8181K(8320K) NonClass: 7337K(7424K)->7337K(7424K) Class: 843K(896K)->843K(896K)
[2024-11-03T21:46:24.677+0100][gc          ] GC(0) Pause Young (Normal) (G1 Evacuation Pause) 26M->8M(512M) 3,259ms
[2024-11-03T21:46:24.677+0100][gc,cpu      ] GC(0) User=0,02s Sys=0,01s Real=0,00s
[2024-11-03T21:46:26.397+0100][gc,heap,exit] Heap
[2024-11-03T21:46:26.397+0100][gc,heap,exit]  garbage-first heap   total 524288K, used 15302K [0x00000000e0000000, 0x0000000100000000)
[2024-11-03T21:46:26.397+0100][gc,heap,exit]   region size 1024K, 11 young (11264K), 4 survivors (4096K)
[2024-11-03T21:46:26.397+0100][gc,heap,exit]  Metaspace       used 9008K, committed 9216K, reserved 1114112K
[2024-11-03T21:46:26.397+0100][gc,heap,exit]   class space    used 924K, committed 1024K, reserved 1048576K
