[2024-11-03T15:18:39.234+0100][gc,init] CardTable entry size: 512
[2024-11-03T15:18:39.234+0100][gc     ] Using G1
[2024-11-03T15:18:39.238+0100][gc,init] Version: 21.0.4+7-Ubuntu-1ubuntu224.04 (release)
[2024-11-03T15:18:39.238+0100][gc,init] CPUs: 16 total, 16 available
[2024-11-03T15:18:39.238+0100][gc,init] Memory: 15262M
[2024-11-03T15:18:39.238+0100][gc,init] Large Page Support: Disabled
[2024-11-03T15:18:39.238+0100][gc,init] NUMA Support: Disabled
[2024-11-03T15:18:39.238+0100][gc,init] Compressed Oops: Enabled (32-bit)
[2024-11-03T15:18:39.238+0100][gc,init] Heap Region Size: 1M
[2024-11-03T15:18:39.238+0100][gc,init] Heap Min Capacity: 512M
[2024-11-03T15:18:39.238+0100][gc,init] Heap Initial Capacity: 512M
[2024-11-03T15:18:39.238+0100][gc,init] Heap Max Capacity: 512M
[2024-11-03T15:18:39.238+0100][gc,init] Pre-touch: Disabled
[2024-11-03T15:18:39.238+0100][gc,init] Parallel Workers: 13
[2024-11-03T15:18:39.238+0100][gc,init] Concurrent Workers: 3
[2024-11-03T15:18:39.238+0100][gc,init] Concurrent Refinement Workers: 13
[2024-11-03T15:18:39.238+0100][gc,init] Periodic GC: Disabled
[2024-11-03T15:18:39.243+0100][gc,metaspace] CDS archive(s) mapped at: [0x000072a18f000000-0x000072a18fcae000-0x000072a18fcae000), size 13295616, SharedBaseAddress: 0x000072a18f000000, ArchiveRelocationMode: 1.
[2024-11-03T15:18:39.243+0100][gc,metaspace] Compressed class space mapped at: 0x000072a190000000-0x000072a1d0000000, reserved size: 1073741824
[2024-11-03T15:18:39.243+0100][gc,metaspace] Narrow klass base: 0x000072a18f000000, Narrow klass shift: 0, Narrow klass range: 0x100000000
[2024-11-03T15:18:39.692+0100][gc,start    ] GC(0) Pause Young (Normal) (G1 Evacuation Pause)
[2024-11-03T15:18:39.693+0100][gc,task     ] GC(0) Using 12 workers of 13 for evacuation
[2024-11-03T15:18:39.696+0100][gc,phases   ] GC(0)   Pre Evacuate Collection Set: 0,1ms
[2024-11-03T15:18:39.696+0100][gc,phases   ] GC(0)   Merge Heap Roots: 0,0ms
[2024-11-03T15:18:39.696+0100][gc,phases   ] GC(0)   Evacuate Collection Set: 1,7ms
[2024-11-03T15:18:39.696+0100][gc,phases   ] GC(0)   Post Evacuate Collection Set: 0,3ms
[2024-11-03T15:18:39.696+0100][gc,phases   ] GC(0)   Other: 1,1ms
[2024-11-03T15:18:39.696+0100][gc,heap     ] GC(0) Eden regions: 25->0(21)
[2024-11-03T15:18:39.696+0100][gc,heap     ] GC(0) Survivor regions: 0->4(4)
[2024-11-03T15:18:39.696+0100][gc,heap     ] GC(0) Old regions: 2->6
[2024-11-03T15:18:39.696+0100][gc,heap     ] GC(0) Humongous regions: 0->0
[2024-11-03T15:18:39.696+0100][gc,metaspace] GC(0) Metaspace: 8373K(8512K)->8373K(8512K) NonClass: 7518K(7616K)->7518K(7616K) Class: 855K(896K)->855K(896K)
[2024-11-03T15:18:39.696+0100][gc          ] GC(0) Pause Young (Normal) (G1 Evacuation Pause) 26M->8M(512M) 3,406ms
[2024-11-03T15:18:39.696+0100][gc,cpu      ] GC(0) User=0,03s Sys=0,01s Real=0,00s
[2024-11-03T15:38:57.427+0100][gc,start    ] GC(1) Pause Young (Normal) (G1 Evacuation Pause)
[2024-11-03T15:38:57.427+0100][gc,task     ] GC(1) Using 12 workers of 13 for evacuation
[2024-11-03T15:38:57.428+0100][gc,phases   ] GC(1)   Pre Evacuate Collection Set: 0,1ms
[2024-11-03T15:38:57.428+0100][gc,phases   ] GC(1)   Merge Heap Roots: 0,0ms
[2024-11-03T15:38:57.428+0100][gc,phases   ] GC(1)   Evacuate Collection Set: 0,9ms
[2024-11-03T15:38:57.428+0100][gc,phases   ] GC(1)   Post Evacuate Collection Set: 0,2ms
[2024-11-03T15:38:57.428+0100][gc,phases   ] GC(1)   Other: 0,0ms
[2024-11-03T15:38:57.428+0100][gc,heap     ] GC(1) Eden regions: 21->0(23)
[2024-11-03T15:38:57.429+0100][gc,heap     ] GC(1) Survivor regions: 4->2(4)
[2024-11-03T15:38:57.429+0100][gc,heap     ] GC(1) Old regions: 6->10
[2024-11-03T15:38:57.429+0100][gc,heap     ] GC(1) Humongous regions: 0->0
[2024-11-03T15:38:57.429+0100][gc,metaspace] GC(1) Metaspace: 9983K(10176K)->9983K(10176K) NonClass: 9011K(9088K)->9011K(9088K) Class: 972K(1088K)->972K(1088K)
[2024-11-03T15:38:57.429+0100][gc          ] GC(1) Pause Young (Normal) (G1 Evacuation Pause) 29M->10M(512M) 1,386ms
[2024-11-03T15:38:57.429+0100][gc,cpu      ] GC(1) User=0,00s Sys=0,01s Real=0,00s
[2024-11-03T16:15:26.813+0100][gc,start    ] GC(2) Pause Young (Normal) (G1 Evacuation Pause)
[2024-11-03T16:15:26.813+0100][gc,task     ] GC(2) Using 12 workers of 13 for evacuation
[2024-11-03T16:15:26.814+0100][gc,phases   ] GC(2)   Pre Evacuate Collection Set: 0,2ms
[2024-11-03T16:15:26.814+0100][gc,phases   ] GC(2)   Merge Heap Roots: 0,0ms
[2024-11-03T16:15:26.814+0100][gc,phases   ] GC(2)   Evacuate Collection Set: 0,5ms
[2024-11-03T16:15:26.814+0100][gc,phases   ] GC(2)   Post Evacuate Collection Set: 0,2ms
[2024-11-03T16:15:26.814+0100][gc,phases   ] GC(2)   Other: 0,1ms
[2024-11-03T16:15:26.814+0100][gc,heap     ] GC(2) Eden regions: 23->0(23)
[2024-11-03T16:15:26.814+0100][gc,heap     ] GC(2) Survivor regions: 2->2(4)
[2024-11-03T16:15:26.814+0100][gc,heap     ] GC(2) Old regions: 10->10
[2024-11-03T16:15:26.814+0100][gc,heap     ] GC(2) Humongous regions: 0->0
[2024-11-03T16:15:26.814+0100][gc,metaspace] GC(2) Metaspace: 10057K(10304K)->10057K(10304K) NonClass: 9084K(9216K)->9084K(9216K) Class: 972K(1088K)->972K(1088K)
[2024-11-03T16:15:26.814+0100][gc          ] GC(2) Pause Young (Normal) (G1 Evacuation Pause) 33M->10M(512M) 1,314ms
[2024-11-03T16:15:26.814+0100][gc,cpu      ] GC(2) User=0,01s Sys=0,00s Real=0,00s
[2024-11-03T16:31:16.099+0100][gc,heap,exit] Heap
[2024-11-03T16:31:16.099+0100][gc,heap,exit]  garbage-first heap   total 524288K, used 20596K [0x00000000e0000000, 0x0000000100000000)
[2024-11-03T16:31:16.099+0100][gc,heap,exit]   region size 1024K, 13 young (13312K), 2 survivors (2048K)
[2024-11-03T16:31:16.099+0100][gc,heap,exit]  Metaspace       used 10072K, committed 10304K, reserved 1114112K
[2024-11-03T16:31:16.099+0100][gc,heap,exit]   class space    used 972K, committed 1088K, reserved 1048576K
