[2024-11-10T20:02:27.659+0100][gc,init] CardTable entry size: 512
[2024-11-10T20:02:27.660+0100][gc     ] Using G1
[2024-11-10T20:02:27.664+0100][gc,init] Version: 21.0.4+7-Ubuntu-1ubuntu224.04 (release)
[2024-11-10T20:02:27.664+0100][gc,init] CPUs: 16 total, 16 available
[2024-11-10T20:02:27.664+0100][gc,init] Memory: 15262M
[2024-11-10T20:02:27.664+0100][gc,init] Large Page Support: Disabled
[2024-11-10T20:02:27.664+0100][gc,init] NUMA Support: Disabled
[2024-11-10T20:02:27.664+0100][gc,init] Compressed Oops: Enabled (32-bit)
[2024-11-10T20:02:27.664+0100][gc,init] Heap Region Size: 1M
[2024-11-10T20:02:27.664+0100][gc,init] Heap Min Capacity: 512M
[2024-11-10T20:02:27.664+0100][gc,init] Heap Initial Capacity: 512M
[2024-11-10T20:02:27.664+0100][gc,init] Heap Max Capacity: 512M
[2024-11-10T20:02:27.664+0100][gc,init] Pre-touch: Disabled
[2024-11-10T20:02:27.664+0100][gc,init] Parallel Workers: 13
[2024-11-10T20:02:27.664+0100][gc,init] Concurrent Workers: 3
[2024-11-10T20:02:27.664+0100][gc,init] Concurrent Refinement Workers: 13
[2024-11-10T20:02:27.664+0100][gc,init] Periodic GC: Disabled
[2024-11-10T20:02:27.668+0100][gc,metaspace] CDS archive(s) mapped at: [0x00007f9513000000-0x00007f9513cae000-0x00007f9513cae000), size 13295616, SharedBaseAddress: 0x00007f9513000000, ArchiveRelocationMode: 1.
[2024-11-10T20:02:27.668+0100][gc,metaspace] Compressed class space mapped at: 0x00007f9514000000-0x00007f9554000000, reserved size: 1073741824
[2024-11-10T20:02:27.668+0100][gc,metaspace] Narrow klass base: 0x00007f9513000000, Narrow klass shift: 0, Narrow klass range: 0x100000000
[2024-11-10T20:02:28.117+0100][gc,start    ] GC(0) Pause Young (Normal) (G1 Evacuation Pause)
[2024-11-10T20:02:28.118+0100][gc,task     ] GC(0) Using 12 workers of 13 for evacuation
[2024-11-10T20:02:28.120+0100][gc,phases   ] GC(0)   Pre Evacuate Collection Set: 0,1ms
[2024-11-10T20:02:28.120+0100][gc,phases   ] GC(0)   Merge Heap Roots: 0,0ms
[2024-11-10T20:02:28.120+0100][gc,phases   ] GC(0)   Evacuate Collection Set: 1,8ms
[2024-11-10T20:02:28.120+0100][gc,phases   ] GC(0)   Post Evacuate Collection Set: 0,3ms
[2024-11-10T20:02:28.120+0100][gc,phases   ] GC(0)   Other: 0,8ms
[2024-11-10T20:02:28.120+0100][gc,heap     ] GC(0) Eden regions: 25->0(21)
[2024-11-10T20:02:28.120+0100][gc,heap     ] GC(0) Survivor regions: 0->4(4)
[2024-11-10T20:02:28.120+0100][gc,heap     ] GC(0) Old regions: 2->6
[2024-11-10T20:02:28.120+0100][gc,heap     ] GC(0) Humongous regions: 0->0
[2024-11-10T20:02:28.120+0100][gc,metaspace] GC(0) Metaspace: 8388K(8512K)->8388K(8512K) NonClass: 7532K(7616K)->7532K(7616K) Class: 855K(896K)->855K(896K)
[2024-11-10T20:02:28.120+0100][gc          ] GC(0) Pause Young (Normal) (G1 Evacuation Pause) 26M->8M(512M) 3,077ms
[2024-11-10T20:02:28.120+0100][gc,cpu      ] GC(0) User=0,01s Sys=0,01s Real=0,00s
[2024-11-10T20:02:29.886+0100][gc,start    ] GC(1) Pause Young (Normal) (G1 Evacuation Pause)
[2024-11-10T20:02:29.886+0100][gc,task     ] GC(1) Using 12 workers of 13 for evacuation
[2024-11-10T20:02:29.888+0100][gc,phases   ] GC(1)   Pre Evacuate Collection Set: 0,1ms
[2024-11-10T20:02:29.888+0100][gc,phases   ] GC(1)   Merge Heap Roots: 0,0ms
[2024-11-10T20:02:29.888+0100][gc,phases   ] GC(1)   Evacuate Collection Set: 1,3ms
[2024-11-10T20:02:29.888+0100][gc,phases   ] GC(1)   Post Evacuate Collection Set: 0,3ms
[2024-11-10T20:02:29.888+0100][gc,phases   ] GC(1)   Other: 0,1ms
[2024-11-10T20:02:29.888+0100][gc,heap     ] GC(1) Eden regions: 21->0(24)
[2024-11-10T20:02:29.888+0100][gc,heap     ] GC(1) Survivor regions: 4->1(4)
[2024-11-10T20:02:29.888+0100][gc,heap     ] GC(1) Old regions: 6->11
[2024-11-10T20:02:29.888+0100][gc,heap     ] GC(1) Humongous regions: 0->0
[2024-11-10T20:02:29.888+0100][gc,metaspace] GC(1) Metaspace: 9352K(9600K)->9352K(9600K) NonClass: 8402K(8512K)->8402K(8512K) Class: 950K(1088K)->950K(1088K)
[2024-11-10T20:02:29.888+0100][gc          ] GC(1) Pause Young (Normal) (G1 Evacuation Pause) 29M->10M(512M) 1,894ms
[2024-11-10T20:02:29.888+0100][gc,cpu      ] GC(1) User=0,02s Sys=0,01s Real=0,00s
[2024-11-10T21:08:36.521+0100][gc,start    ] GC(2) Pause Young (Normal) (G1 Evacuation Pause)
[2024-11-10T21:08:36.521+0100][gc,task     ] GC(2) Using 12 workers of 13 for evacuation
[2024-11-10T21:08:36.522+0100][gc,phases   ] GC(2)   Pre Evacuate Collection Set: 0,1ms
[2024-11-10T21:08:36.522+0100][gc,phases   ] GC(2)   Merge Heap Roots: 0,0ms
[2024-11-10T21:08:36.522+0100][gc,phases   ] GC(2)   Evacuate Collection Set: 0,3ms
[2024-11-10T21:08:36.522+0100][gc,phases   ] GC(2)   Post Evacuate Collection Set: 0,2ms
[2024-11-10T21:08:36.522+0100][gc,phases   ] GC(2)   Other: 0,0ms
[2024-11-10T21:08:36.522+0100][gc,heap     ] GC(2) Eden regions: 24->0(23)
[2024-11-10T21:08:36.522+0100][gc,heap     ] GC(2) Survivor regions: 1->2(4)
[2024-11-10T21:08:36.522+0100][gc,heap     ] GC(2) Old regions: 11->11
[2024-11-10T21:08:36.522+0100][gc,heap     ] GC(2) Humongous regions: 0->0
[2024-11-10T21:08:36.522+0100][gc,metaspace] GC(2) Metaspace: 10069K(10304K)->10069K(10304K) NonClass: 9097K(9216K)->9097K(9216K) Class: 972K(1088K)->972K(1088K)
[2024-11-10T21:08:36.522+0100][gc          ] GC(2) Pause Young (Normal) (G1 Evacuation Pause) 34M->10M(512M) 0,773ms
[2024-11-10T21:08:36.522+0100][gc,cpu      ] GC(2) User=0,01s Sys=0,01s Real=0,00s
[2024-11-11T00:58:44.330+0100][gc,start    ] GC(3) Pause Young (Normal) (G1 Evacuation Pause)
[2024-11-11T00:58:44.331+0100][gc,task     ] GC(3) Using 12 workers of 13 for evacuation
[2024-11-11T00:58:44.331+0100][gc,phases   ] GC(3)   Pre Evacuate Collection Set: 0,1ms
[2024-11-11T00:58:44.331+0100][gc,phases   ] GC(3)   Merge Heap Roots: 0,0ms
[2024-11-11T00:58:44.331+0100][gc,phases   ] GC(3)   Evacuate Collection Set: 0,3ms
[2024-11-11T00:58:44.331+0100][gc,phases   ] GC(3)   Post Evacuate Collection Set: 0,2ms
[2024-11-11T00:58:44.331+0100][gc,phases   ] GC(3)   Other: 0,0ms
[2024-11-11T00:58:44.331+0100][gc,heap     ] GC(3) Eden regions: 23->0(23)
[2024-11-11T00:58:44.331+0100][gc,heap     ] GC(3) Survivor regions: 2->2(4)
[2024-11-11T00:58:44.331+0100][gc,heap     ] GC(3) Old regions: 11->11
[2024-11-11T00:58:44.331+0100][gc,heap     ] GC(3) Humongous regions: 0->0
[2024-11-11T00:58:44.331+0100][gc,metaspace] GC(3) Metaspace: 10093K(10304K)->10093K(10304K) NonClass: 9121K(9216K)->9121K(9216K) Class: 972K(1088K)->972K(1088K)
[2024-11-11T00:58:44.331+0100][gc          ] GC(3) Pause Young (Normal) (G1 Evacuation Pause) 33M->10M(512M) 0,813ms
[2024-11-11T00:58:44.331+0100][gc,cpu      ] GC(3) User=0,00s Sys=0,00s Real=0,00s
[2024-11-11T01:57:12.185+0100][gc,start    ] GC(4) Pause Young (Normal) (G1 Evacuation Pause)
[2024-11-11T01:57:12.185+0100][gc,task     ] GC(4) Using 12 workers of 13 for evacuation
[2024-11-11T01:57:12.186+0100][gc,phases   ] GC(4)   Pre Evacuate Collection Set: 0,1ms
[2024-11-11T01:57:12.186+0100][gc,phases   ] GC(4)   Merge Heap Roots: 0,0ms
[2024-11-11T01:57:12.186+0100][gc,phases   ] GC(4)   Evacuate Collection Set: 0,4ms
[2024-11-11T01:57:12.186+0100][gc,phases   ] GC(4)   Post Evacuate Collection Set: 0,2ms
[2024-11-11T01:57:12.186+0100][gc,phases   ] GC(4)   Other: 0,0ms
[2024-11-11T01:57:12.186+0100][gc,heap     ] GC(4) Eden regions: 23->0(23)
[2024-11-11T01:57:12.186+0100][gc,heap     ] GC(4) Survivor regions: 2->2(4)
[2024-11-11T01:57:12.186+0100][gc,heap     ] GC(4) Old regions: 11->11
[2024-11-11T01:57:12.186+0100][gc,heap     ] GC(4) Humongous regions: 0->0
[2024-11-11T01:57:12.186+0100][gc,metaspace] GC(4) Metaspace: 10109K(10304K)->10109K(10304K) NonClass: 9137K(9216K)->9137K(9216K) Class: 972K(1088K)->972K(1088K)
[2024-11-11T01:57:12.186+0100][gc          ] GC(4) Pause Young (Normal) (G1 Evacuation Pause) 33M->10M(512M) 0,814ms
[2024-11-11T01:57:12.186+0100][gc,cpu      ] GC(4) User=0,00s Sys=0,00s Real=0,00s
[2024-11-11T02:44:11.067+0100][gc,start    ] GC(5) Pause Young (Normal) (G1 Evacuation Pause)
[2024-11-11T02:44:11.067+0100][gc,task     ] GC(5) Using 12 workers of 13 for evacuation
[2024-11-11T02:44:11.068+0100][gc,phases   ] GC(5)   Pre Evacuate Collection Set: 0,1ms
[2024-11-11T02:44:11.068+0100][gc,phases   ] GC(5)   Merge Heap Roots: 0,0ms
[2024-11-11T02:44:11.068+0100][gc,phases   ] GC(5)   Evacuate Collection Set: 0,5ms
[2024-11-11T02:44:11.068+0100][gc,phases   ] GC(5)   Post Evacuate Collection Set: 0,3ms
[2024-11-11T02:44:11.068+0100][gc,phases   ] GC(5)   Other: 0,1ms
[2024-11-11T02:44:11.068+0100][gc,heap     ] GC(5) Eden regions: 23->0(25)
[2024-11-11T02:44:11.068+0100][gc,heap     ] GC(5) Survivor regions: 2->2(4)
[2024-11-11T02:44:11.068+0100][gc,heap     ] GC(5) Old regions: 11->11
[2024-11-11T02:44:11.068+0100][gc,heap     ] GC(5) Humongous regions: 0->0
[2024-11-11T02:44:11.068+0100][gc,metaspace] GC(5) Metaspace: 10111K(10304K)->10111K(10304K) NonClass: 9138K(9216K)->9138K(9216K) Class: 972K(1088K)->972K(1088K)
[2024-11-11T02:44:11.068+0100][gc          ] GC(5) Pause Young (Normal) (G1 Evacuation Pause) 33M->10M(512M) 1,219ms
[2024-11-11T02:44:11.068+0100][gc,cpu      ] GC(5) User=0,00s Sys=0,00s Real=0,00s
[2024-11-11T03:54:41.956+0100][gc,heap,exit] Heap
[2024-11-11T03:54:41.956+0100][gc,heap,exit]  garbage-first heap   total 524288K, used 40269K [0x00000000e0000000, 0x0000000100000000)
[2024-11-11T03:54:41.956+0100][gc,heap,exit]   region size 1024K, 32 young (32768K), 2 survivors (2048K)
[2024-11-11T03:54:41.956+0100][gc,heap,exit]  Metaspace       used 10117K, committed 10304K, reserved 1114112K
[2024-11-11T03:54:41.956+0100][gc,heap,exit]   class space    used 973K, committed 1088K, reserved 1048576K
