[2024-11-11T10:05:03.653+0100][gc,init] CardTable entry size: 512
[2024-11-11T10:05:03.653+0100][gc     ] Using G1
[2024-11-11T10:05:03.658+0100][gc,init] Version: 21.0.4+7-Ubuntu-1ubuntu224.04 (release)
[2024-11-11T10:05:03.658+0100][gc,init] CPUs: 16 total, 16 available
[2024-11-11T10:05:03.658+0100][gc,init] Memory: 15262M
[2024-11-11T10:05:03.658+0100][gc,init] Large Page Support: Disabled
[2024-11-11T10:05:03.658+0100][gc,init] NUMA Support: Disabled
[2024-11-11T10:05:03.658+0100][gc,init] Compressed Oops: Enabled (32-bit)
[2024-11-11T10:05:03.658+0100][gc,init] Heap Region Size: 1M
[2024-11-11T10:05:03.658+0100][gc,init] Heap Min Capacity: 512M
[2024-11-11T10:05:03.658+0100][gc,init] Heap Initial Capacity: 512M
[2024-11-11T10:05:03.658+0100][gc,init] Heap Max Capacity: 512M
[2024-11-11T10:05:03.658+0100][gc,init] Pre-touch: Disabled
[2024-11-11T10:05:03.658+0100][gc,init] Parallel Workers: 13
[2024-11-11T10:05:03.658+0100][gc,init] Concurrent Workers: 3
[2024-11-11T10:05:03.658+0100][gc,init] Concurrent Refinement Workers: 13
[2024-11-11T10:05:03.658+0100][gc,init] Periodic GC: Disabled
[2024-11-11T10:05:03.664+0100][gc,metaspace] CDS archive(s) mapped at: [0x000074cc37000000-0x000074cc37cae000-0x000074cc37cae000), size 13295616, SharedBaseAddress: 0x000074cc37000000, ArchiveRelocationMode: 1.
[2024-11-11T10:05:03.664+0100][gc,metaspace] Compressed class space mapped at: 0x000074cc38000000-0x000074cc78000000, reserved size: 1073741824
[2024-11-11T10:05:03.664+0100][gc,metaspace] Narrow klass base: 0x000074cc37000000, Narrow klass shift: 0, Narrow klass range: 0x100000000
[2024-11-11T10:05:04.122+0100][gc,start    ] GC(0) Pause Young (Normal) (G1 Evacuation Pause)
[2024-11-11T10:05:04.123+0100][gc,task     ] GC(0) Using 12 workers of 13 for evacuation
[2024-11-11T10:05:04.125+0100][gc,phases   ] GC(0)   Pre Evacuate Collection Set: 0,1ms
[2024-11-11T10:05:04.125+0100][gc,phases   ] GC(0)   Merge Heap Roots: 0,1ms
[2024-11-11T10:05:04.125+0100][gc,phases   ] GC(0)   Evacuate Collection Set: 2,0ms
[2024-11-11T10:05:04.125+0100][gc,phases   ] GC(0)   Post Evacuate Collection Set: 0,4ms
[2024-11-11T10:05:04.125+0100][gc,phases   ] GC(0)   Other: 1,1ms
[2024-11-11T10:05:04.125+0100][gc,heap     ] GC(0) Eden regions: 25->0(21)
[2024-11-11T10:05:04.125+0100][gc,heap     ] GC(0) Survivor regions: 0->4(4)
[2024-11-11T10:05:04.125+0100][gc,heap     ] GC(0) Old regions: 2->6
[2024-11-11T10:05:04.125+0100][gc,heap     ] GC(0) Humongous regions: 0->0
[2024-11-11T10:05:04.125+0100][gc,metaspace] GC(0) Metaspace: 8362K(8448K)->8362K(8448K) NonClass: 7507K(7552K)->7507K(7552K) Class: 854K(896K)->854K(896K)
[2024-11-11T10:05:04.125+0100][gc          ] GC(0) Pause Young (Normal) (G1 Evacuation Pause) 26M->8M(512M) 3,900ms
[2024-11-11T10:05:04.125+0100][gc,cpu      ] GC(0) User=0,01s Sys=0,02s Real=0,00s
[2024-11-11T10:05:04.186+0100][gc,start    ] GC(1) Pause Young (Normal) (G1 Evacuation Pause)
[2024-11-11T10:05:04.186+0100][gc,task     ] GC(1) Using 12 workers of 13 for evacuation
[2024-11-11T10:05:04.188+0100][gc,phases   ] GC(1)   Pre Evacuate Collection Set: 0,2ms
[2024-11-11T10:05:04.188+0100][gc,phases   ] GC(1)   Merge Heap Roots: 0,1ms
[2024-11-11T10:05:04.188+0100][gc,phases   ] GC(1)   Evacuate Collection Set: 1,3ms
[2024-11-11T10:05:04.188+0100][gc,phases   ] GC(1)   Post Evacuate Collection Set: 0,3ms
[2024-11-11T10:05:04.188+0100][gc,phases   ] GC(1)   Other: 0,1ms
[2024-11-11T10:05:04.188+0100][gc,heap     ] GC(1) Eden regions: 21->0(24)
[2024-11-11T10:05:04.188+0100][gc,heap     ] GC(1) Survivor regions: 4->1(4)
[2024-11-11T10:05:04.188+0100][gc,heap     ] GC(1) Old regions: 6->10
[2024-11-11T10:05:04.188+0100][gc,heap     ] GC(1) Humongous regions: 0->0
[2024-11-11T10:05:04.188+0100][gc,metaspace] GC(1) Metaspace: 8753K(8960K)->8753K(8960K) NonClass: 7881K(8000K)->7881K(8000K) Class: 872K(960K)->872K(960K)
[2024-11-11T10:05:04.188+0100][gc          ] GC(1) Pause Young (Normal) (G1 Evacuation Pause) 29M->9M(512M) 2,205ms
[2024-11-11T10:05:04.188+0100][gc,cpu      ] GC(1) User=0,01s Sys=0,01s Real=0,00s
[2024-11-11T11:15:34.466+0100][gc,heap,exit] Heap
[2024-11-11T11:15:34.466+0100][gc,heap,exit]  garbage-first heap   total 524288K, used 21439K [0x00000000e0000000, 0x0000000100000000)
[2024-11-11T11:15:34.466+0100][gc,heap,exit]   region size 1024K, 13 young (13312K), 1 survivors (1024K)
[2024-11-11T11:15:34.466+0100][gc,heap,exit]  Metaspace       used 9943K, committed 10112K, reserved 1114112K
[2024-11-11T11:15:34.466+0100][gc,heap,exit]   class space    used 973K, committed 1088K, reserved 1048576K
